Component: Arm Compiler for Embedded 6.23 Tool: armlink [5f102400]

==============================================================================

Section Cross References

    app.o(.text.App_init) refers to app.o(.text.App_ui_init) for App_ui_init
    app.o(.ARM.exidx.text.App_init) refers to app.o(.text.App_init) for [Anonymous Symbol]
    app.o(.ARM.exidx.text.App_ui_init) refers to app.o(.text.App_ui_init) for [Anonymous Symbol]
    gd32f4xx_it.o(.ARM.exidx.text.NMI_Handler) refers to gd32f4xx_it.o(.text.NMI_Handler) for [Anonymous Symbol]
    gd32f4xx_it.o(.ARM.exidx.text.HardFault_Handler) refers to gd32f4xx_it.o(.text.HardFault_Handler) for [Anonymous Symbol]
    gd32f4xx_it.o(.ARM.exidx.text.MemManage_Handler) refers to gd32f4xx_it.o(.text.MemManage_Handler) for [Anonymous Symbol]
    gd32f4xx_it.o(.ARM.exidx.text.BusFault_Handler) refers to gd32f4xx_it.o(.text.BusFault_Handler) for [Anonymous Symbol]
    gd32f4xx_it.o(.ARM.exidx.text.UsageFault_Handler) refers to gd32f4xx_it.o(.text.UsageFault_Handler) for [Anonymous Symbol]
    gd32f4xx_it.o(.ARM.exidx.text.DebugMon_Handler) refers to gd32f4xx_it.o(.text.DebugMon_Handler) for [Anonymous Symbol]
    main.o(.ARM.exidx.text.lib_timer5_on_cb) refers to main.o(.text.lib_timer5_on_cb) for [Anonymous Symbol]
    main.o(.text.main) refers to gd32f4xx_misc.o(.text.nvic_priority_group_set) for nvic_priority_group_set
    main.o(.text.main) refers to lib_peripheral.o(.text.lib_peripheral_init) for lib_peripheral_init
    main.o(.text.main) refers to main.o(.rodata.str1.1) for .L.str
    main.o(.text.main) refers to printfa.o(i.__0printf) for printf
    main.o(.text.main) refers to app.o(.text.App_init) for App_init
    main.o(.ARM.exidx.text.main) refers to main.o(.text.main) for [Anonymous Symbol]
    systick.o(.text.systick_config) refers to system_gd32f4xx.o(.data.SystemCoreClock) for SystemCoreClock
    systick.o(.text.systick_config) refers to systick.o(.text.SysTick_Config) for SysTick_Config
    systick.o(.text.systick_config) refers to systick.o(.text.__NVIC_SetPriority) for __NVIC_SetPriority
    systick.o(.ARM.exidx.text.systick_config) refers to systick.o(.text.systick_config) for [Anonymous Symbol]
    systick.o(.text.SysTick_Config) refers to systick.o(.text.__NVIC_SetPriority) for __NVIC_SetPriority
    systick.o(.ARM.exidx.text.SysTick_Config) refers to systick.o(.text.SysTick_Config) for [Anonymous Symbol]
    systick.o(.ARM.exidx.text.__NVIC_SetPriority) refers to systick.o(.text.__NVIC_SetPriority) for [Anonymous Symbol]
    systick.o(.text.delay_1ms) refers to systick.o(.bss.delay) for delay
    systick.o(.ARM.exidx.text.delay_1ms) refers to systick.o(.text.delay_1ms) for [Anonymous Symbol]
    systick.o(.text.delay_1us) refers to systick.o(.bss.delay) for delay
    systick.o(.ARM.exidx.text.delay_1us) refers to systick.o(.text.delay_1us) for [Anonymous Symbol]
    systick.o(.text.delay_decrement) refers to systick.o(.bss.delay) for delay
    systick.o(.ARM.exidx.text.delay_decrement) refers to systick.o(.text.delay_decrement) for [Anonymous Symbol]
    lib_peripheral.o(.text.lib_peripheral_init) refers to lib_usart.o(.text.lib_usart_init) for lib_usart_init
    lib_peripheral.o(.text.lib_peripheral_init) refers to lib_timer.o(.text.lib_timer_init) for lib_timer_init
    lib_peripheral.o(.ARM.exidx.text.lib_peripheral_init) refers to lib_peripheral.o(.text.lib_peripheral_init) for [Anonymous Symbol]
    lib_timer.o(.text.lib_timer_init) refers to gd32f4xx_rcu.o(.text.rcu_timer_clock_prescaler_config) for rcu_timer_clock_prescaler_config
    lib_timer.o(.text.lib_timer_init) refers to lib_timer5.o(.text.lib_timer5_init) for lib_timer5_init
    lib_timer.o(.ARM.exidx.text.lib_timer_init) refers to lib_timer.o(.text.lib_timer_init) for [Anonymous Symbol]
    lib_timer5.o(.text.lib_timer5_init) refers to gd32f4xx_rcu.o(.text.rcu_periph_clock_enable) for rcu_periph_clock_enable
    lib_timer5.o(.text.lib_timer5_init) refers to gd32f4xx_timer.o(.text.timer_deinit) for timer_deinit
    lib_timer5.o(.text.lib_timer5_init) refers to gd32f4xx_timer.o(.text.timer_struct_para_init) for timer_struct_para_init
    lib_timer5.o(.text.lib_timer5_init) refers to system_gd32f4xx.o(.data.SystemCoreClock) for SystemCoreClock
    lib_timer5.o(.text.lib_timer5_init) refers to gd32f4xx_timer.o(.text.timer_init) for timer_init
    lib_timer5.o(.text.lib_timer5_init) refers to gd32f4xx_timer.o(.text.timer_interrupt_enable) for timer_interrupt_enable
    lib_timer5.o(.text.lib_timer5_init) refers to gd32f4xx_misc.o(.text.nvic_irq_enable) for nvic_irq_enable
    lib_timer5.o(.text.lib_timer5_init) refers to gd32f4xx_timer.o(.text.timer_enable) for timer_enable
    lib_timer5.o(.ARM.exidx.text.lib_timer5_init) refers to lib_timer5.o(.text.lib_timer5_init) for [Anonymous Symbol]
    lib_timer5.o(.text.TIMER5_DAC_IRQHandler) refers to gd32f4xx_timer.o(.text.timer_interrupt_flag_get) for timer_interrupt_flag_get
[...]
    Removing gd32f4xx_timer.o(.ARM.exidx.text.timer_channel_output_mode_config), (8 bytes).
    Removing gd32f4xx_timer.o(.text.timer_channel_output_pulse_value_config), (70 bytes).
    Removing gd32f4xx_timer.o(.ARM.exidx.text.timer_channel_output_pulse_value_config), (8 bytes).
    Removing gd32f4xx_timer.o(.text.timer_channel_output_shadow_config), (140 bytes).
    Removing gd32f4xx_timer.o(.ARM.exidx.text.timer_channel_output_shadow_config), (8 bytes).
    Removing gd32f4xx_timer.o(.text.timer_channel_output_fast_config), (140 bytes).
    Removing gd32f4xx_timer.o(.ARM.exidx.text.timer_channel_output_fast_config), (8 bytes).
    Removing gd32f4xx_timer.o(.text.timer_channel_output_clear_config), (140 bytes).
    Removing gd32f4xx_timer.o(.ARM.exidx.text.timer_channel_output_clear_config), (8 bytes).
    Removing gd32f4xx_timer.o(.text.timer_channel_output_polarity_config), (142 bytes).
    Removing gd32f4xx_timer.o(.ARM.exidx.text.timer_channel_output_polarity_config), (8 bytes).
    Removing gd32f4xx_timer.o(.text.timer_channel_complementary_output_polarity_config), (122 bytes).
    Removing gd32f4xx_timer.o(.ARM.exidx.text.timer_channel_complementary_output_polarity_config), (8 bytes).
    Removing gd32f4xx_timer.o(.text.timer_channel_output_state_config), (132 bytes).
    Removing gd32f4xx_timer.o(.ARM.exidx.text.timer_channel_output_state_config), (8 bytes).
    Removing gd32f4xx_timer.o(.text.timer_channel_complementary_output_state_config), (122 bytes).
    Removing gd32f4xx_timer.o(.ARM.exidx.text.timer_channel_complementary_output_state_config), (8 bytes).
    Removing gd32f4xx_timer.o(.text.timer_channel_input_struct_para_init), (28 bytes).
    Removing gd32f4xx_timer.o(.ARM.exidx.text.timer_channel_input_struct_para_init), (8 bytes).
    Removing gd32f4xx_timer.o(.text.timer_input_capture_config), (426 bytes).
    Removing gd32f4xx_timer.o(.ARM.exidx.text.timer_input_capture_config), (8 bytes).
    Removing gd32f4xx_timer.o(.text.timer_channel_input_capture_prescaler_config), (140 bytes).
    Removing gd32f4xx_timer.o(.ARM.exidx.text.timer_channel_input_capture_prescaler_config), (8 bytes).
    Removing gd32f4xx_timer.o(.text.timer_channel_capture_value_register_read), (74 bytes).
    Removing gd32f4xx_timer.o(.ARM.exidx.text.timer_channel_capture_value_register_read), (8 bytes).
    Removing gd32f4xx_timer.o(.text.timer_input_pwm_capture_config), (498 bytes).
    Removing gd32f4xx_timer.o(.ARM.exidx.text.timer_input_pwm_capture_config), (8 bytes).
    Removing gd32f4xx_timer.o(.text.timer_hall_mode_config), (52 bytes).
    Removing gd32f4xx_timer.o(.ARM.exidx.text.timer_hall_mode_config), (8 bytes).
    Removing gd32f4xx_timer.o(.text.timer_input_trigger_source_select), (30 bytes).
    Removing gd32f4xx_timer.o(.ARM.exidx.text.timer_input_trigger_source_select), (8 bytes).
    Removing gd32f4xx_timer.o(.text.timer_master_output_trigger_source_select), (30 bytes).
    Removing gd32f4xx_timer.o(.ARM.exidx.text.timer_master_output_trigger_source_select), (8 bytes).
    Removing gd32f4xx_timer.o(.text.timer_slave_mode_select), (30 bytes).
    Removing gd32f4xx_timer.o(.ARM.exidx.text.timer_slave_mode_select), (8 bytes).
    Removing gd32f4xx_timer.o(.text.timer_master_slave_mode_config), (52 bytes).
    Removing gd32f4xx_timer.o(.ARM.exidx.text.timer_master_slave_mode_config), (8 bytes).
    Removing gd32f4xx_timer.o(.text.timer_external_trigger_config), (52 bytes).
    Removing gd32f4xx_timer.o(.ARM.exidx.text.timer_external_trigger_config), (8 bytes).
    Removing gd32f4xx_timer.o(.text.timer_quadrature_decoder_mode_config), (102 bytes).
    Removing gd32f4xx_timer.o(.ARM.exidx.text.timer_quadrature_decoder_mode_config), (8 bytes).
    Removing gd32f4xx_timer.o(.text.timer_internal_clock_config), (18 bytes).
    Removing gd32f4xx_timer.o(.ARM.exidx.text.timer_internal_clock_config), (8 bytes).
    Removing gd32f4xx_timer.o(.text.timer_internal_trigger_as_external_clock_config), (40 bytes).
    Removing gd32f4xx_timer.o(.ARM.exidx.text.timer_internal_trigger_as_external_clock_config), (8 bytes).
    Removing gd32f4xx_timer.o(.text.timer_external_trigger_as_external_clock_config), (228 bytes).
    Removing gd32f4xx_timer.o(.ARM.exidx.text.timer_external_trigger_as_external_clock_config), (8 bytes).
    Removing gd32f4xx_timer.o(.text.timer_external_clock_mode0_config), (48 bytes).
    Removing gd32f4xx_timer.o(.ARM.exidx.text.timer_external_clock_mode0_config), (8 bytes).
    Removing gd32f4xx_timer.o(.text.timer_external_clock_mode1_config), (38 bytes).
    Removing gd32f4xx_timer.o(.ARM.exidx.text.timer_external_clock_mode1_config), (8 bytes).
    Removing gd32f4xx_timer.o(.text.timer_external_clock_mode1_disable), (18 bytes).
    Removing gd32f4xx_timer.o(.ARM.exidx.text.timer_external_clock_mode1_disable), (8 bytes).
    Removing gd32f4xx_timer.o(.text.timer_channel_remap_config), (16 bytes).
    Removing gd32f4xx_timer.o(.ARM.exidx.text.timer_channel_remap_config), (8 bytes).
    Removing gd32f4xx_timer.o(.text.timer_write_chxval_register_config), (66 bytes).
    Removing gd32f4xx_timer.o(.ARM.exidx.text.timer_write_chxval_register_config), (8 bytes).
    Removing gd32f4xx_timer.o(.text.timer_output_value_selection_config), (66 bytes).
    Removing gd32f4xx_timer.o(.ARM.exidx.text.timer_output_value_selection_config), (8 bytes).
    Removing gd32f4xx_timer.o(.text.timer_flag_get), (42 bytes).
    Removing gd32f4xx_timer.o(.ARM.exidx.text.timer_flag_get), (8 bytes).
    Removing gd32f4xx_timer.o(.text.timer_flag_clear), (18 bytes).
    Removing gd32f4xx_timer.o(.ARM.exidx.text.timer_flag_clear), (8 bytes).
    Removing gd32f4xx_timer.o(.ARM.exidx.text.timer_interrupt_enable), (8 bytes).
    Removing gd32f4xx_timer.o(.text.timer_interrupt_disable), (20 bytes).
    Removing gd32f4xx_timer.o(.ARM.exidx.text.timer_interrupt_disable), (8 bytes).
    Removing gd32f4xx_timer.o(.ARM.exidx.text.timer_interrupt_flag_get), (8 bytes).
    Removing gd32f4xx_timer.o(.ARM.exidx.text.timer_interrupt_flag_clear), (8 bytes).
    Removing gd32f4xx_usart.o(.text), (0 bytes).
    Removing gd32f4xx_usart.o(.ARM.exidx.text.usart_deinit), (8 bytes).
    Removing gd32f4xx_usart.o(.ARM.exidx.text.usart_baudrate_set), (8 bytes).
    Removing gd32f4xx_usart.o(.ARM.exidx.text.usart_parity_config), (8 bytes).
    Removing gd32f4xx_usart.o(.ARM.exidx.text.usart_word_length_set), (8 bytes).
    Removing gd32f4xx_usart.o(.ARM.exidx.text.usart_stop_bit_set), (8 bytes).
    Removing gd32f4xx_usart.o(.ARM.exidx.text.usart_enable), (8 bytes).
    Removing gd32f4xx_usart.o(.text.usart_disable), (18 bytes).
    Removing gd32f4xx_usart.o(.ARM.exidx.text.usart_disable), (8 bytes).
    Removing gd32f4xx_usart.o(.ARM.exidx.text.usart_transmit_config), (8 bytes).
    Removing gd32f4xx_usart.o(.ARM.exidx.text.usart_receive_config), (8 bytes).
    Removing gd32f4xx_usart.o(.text.usart_data_first_config), (46 bytes).
    Removing gd32f4xx_usart.o(.ARM.exidx.text.usart_data_first_config), (8 bytes).
    Removing gd32f4xx_usart.o(.text.usart_invert_config), (134 bytes).
    Removing gd32f4xx_usart.o(.ARM.exidx.text.usart_invert_config), (8 bytes).
    Removing gd32f4xx_usart.o(.text.usart_oversample_config), (30 bytes).
    Removing gd32f4xx_usart.o(.ARM.exidx.text.usart_oversample_config), (8 bytes).
    Removing gd32f4xx_usart.o(.text.usart_sample_bit_config), (30 bytes).
    Removing gd32f4xx_usart.o(.ARM.exidx.text.usart_sample_bit_config), (8 bytes).
    Removing gd32f4xx_usart.o(.text.usart_receiver_timeout_enable), (22 bytes).
    Removing gd32f4xx_usart.o(.ARM.exidx.text.usart_receiver_timeout_enable), (8 bytes).
    Removing gd32f4xx_usart.o(.text.usart_receiver_timeout_disable), (22 bytes).
    Removing gd32f4xx_usart.o(.ARM.exidx.text.usart_receiver_timeout_disable), (8 bytes).
    Removing gd32f4xx_usart.o(.text.usart_receiver_timeout_threshold_config), (38 bytes).
    Removing gd32f4xx_usart.o(.ARM.exidx.text.usart_receiver_timeout_threshold_config), (8 bytes).
    Removing gd32f4xx_usart.o(.ARM.exidx.text.usart_data_transmit), (8 bytes).
    Removing gd32f4xx_usart.o(.ARM.exidx.text.usart_data_receive), (8 bytes).
    Removing gd32f4xx_usart.o(.text.usart_address_config), (38 bytes).
    Removing gd32f4xx_usart.o(.ARM.exidx.text.usart_address_config), (8 bytes).
    Removing gd32f4xx_usart.o(.text.usart_mute_mode_enable), (18 bytes).
    Removing gd32f4xx_usart.o(.ARM.exidx.text.usart_mute_mode_enable), (8 bytes).
    Removing gd32f4xx_usart.o(.text.usart_mute_mode_disable), (18 bytes).
    Removing gd32f4xx_usart.o(.ARM.exidx.text.usart_mute_mode_disable), (8 bytes).
    Removing gd32f4xx_usart.o(.text.usart_mute_mode_wakeup_config), (30 bytes).
    Removing gd32f4xx_usart.o(.ARM.exidx.text.usart_mute_mode_wakeup_config), (8 bytes).
    Removing gd32f4xx_usart.o(.text.usart_lin_mode_enable), (18 bytes).
    Removing gd32f4xx_usart.o(.ARM.exidx.text.usart_lin_mode_enable), (8 bytes).
    Removing gd32f4xx_usart.o(.text.usart_lin_mode_disable), (18 bytes).
    Removing gd32f4xx_usart.o(.ARM.exidx.text.usart_lin_mode_disable), (8 bytes).
    Removing gd32f4xx_usart.o(.text.usart_lin_break_detection_length_config), (34 bytes).
    Removing gd32f4xx_usart.o(.ARM.exidx.text.usart_lin_break_detection_length_config), (8 bytes).
    Removing gd32f4xx_usart.o(.text.usart_send_break), (18 bytes).
    Removing gd32f4xx_usart.o(.ARM.exidx.text.usart_send_break), (8 bytes).
    Removing gd32f4xx_usart.o(.text.usart_halfduplex_enable), (18 bytes).
    Removing gd32f4xx_usart.o(.ARM.exidx.text.usart_halfduplex_enable), (8 bytes).
    Removing gd32f4xx_usart.o(.text.usart_halfduplex_disable), (18 bytes).
    Removing gd32f4xx_usart.o(.ARM.exidx.text.usart_halfduplex_disable), (8 bytes).
    Removing gd32f4xx_usart.o(.text.usart_synchronous_clock_enable), (18 bytes).
    Removing gd32f4xx_usart.o(.ARM.exidx.text.usart_synchronous_clock_enable), (8 bytes).
    Removing gd32f4xx_usart.o(.text.usart_synchronous_clock_disable), (18 bytes).
    Removing gd32f4xx_usart.o(.ARM.exidx.text.usart_synchronous_clock_disable), (8 bytes).
    Removing gd32f4xx_usart.o(.text.usart_synchronous_clock_config), (54 bytes).
    Removing gd32f4xx_usart.o(.ARM.exidx.text.usart_synchronous_clock_config), (8 bytes).
    Removing gd32f4xx_usart.o(.text.usart_guard_time_config), (36 bytes).
    Removing gd32f4xx_usart.o(.ARM.exidx.text.usart_guard_time_config), (8 bytes).
    Removing gd32f4xx_usart.o(.text.usart_smartcard_mode_enable), (18 bytes).
    Removing gd32f4xx_usart.o(.ARM.exidx.text.usart_smartcard_mode_enable), (8 bytes).
    Removing gd32f4xx_usart.o(.text.usart_smartcard_mode_disable), (18 bytes).
    Removing gd32f4xx_usart.o(.ARM.exidx.text.usart_smartcard_mode_disable), (8 bytes).
    Removing gd32f4xx_usart.o(.text.usart_smartcard_mode_nack_enable), (18 bytes).
    Removing gd32f4xx_usart.o(.ARM.exidx.text.usart_smartcard_mode_nack_enable), (8 bytes).
    Removing gd32f4xx_usart.o(.text.usart_smartcard_mode_nack_disable), (18 bytes).
    Removing gd32f4xx_usart.o(.ARM.exidx.text.usart_smartcard_mode_nack_disable), (8 bytes).
    Removing gd32f4xx_usart.o(.text.usart_smartcard_autoretry_config), (48 bytes).
    Removing gd32f4xx_usart.o(.ARM.exidx.text.usart_smartcard_autoretry_config), (8 bytes).
    Removing gd32f4xx_usart.o(.text.usart_block_length_config), (44 bytes).
    Removing gd32f4xx_usart.o(.ARM.exidx.text.usart_block_length_config), (8 bytes).
    Removing gd32f4xx_usart.o(.text.usart_irda_mode_enable), (18 bytes).
    Removing gd32f4xx_usart.o(.ARM.exidx.text.usart_irda_mode_enable), (8 bytes).
    Removing gd32f4xx_usart.o(.text.usart_irda_mode_disable), (18 bytes).
    Removing gd32f4xx_usart.o(.ARM.exidx.text.usart_irda_mode_disable), (8 bytes).
    Removing gd32f4xx_usart.o(.text.usart_prescaler_config), (34 bytes).
    Removing gd32f4xx_usart.o(.ARM.exidx.text.usart_prescaler_config), (8 bytes).
    Removing gd32f4xx_usart.o(.text.usart_irda_lowpower_config), (34 bytes).
    Removing gd32f4xx_usart.o(.ARM.exidx.text.usart_irda_lowpower_config), (8 bytes).
    Removing gd32f4xx_usart.o(.text.usart_hardware_flow_rts_config), (34 bytes).
    Removing gd32f4xx_usart.o(.ARM.exidx.text.usart_hardware_flow_rts_config), (8 bytes).
    Removing gd32f4xx_usart.o(.text.usart_hardware_flow_cts_config), (34 bytes).
    Removing gd32f4xx_usart.o(.ARM.exidx.text.usart_hardware_flow_cts_config), (8 bytes).
    Removing gd32f4xx_usart.o(.text.usart_break_frame_coherence_config), (42 bytes).
    Removing gd32f4xx_usart.o(.ARM.exidx.text.usart_break_frame_coherence_config), (8 bytes).
    Removing gd32f4xx_usart.o(.text.usart_parity_check_coherence_config), (42 bytes).
    Removing gd32f4xx_usart.o(.ARM.exidx.text.usart_parity_check_coherence_config), (8 bytes).
    Removing gd32f4xx_usart.o(.text.usart_hardware_flow_coherence_config), (42 bytes).
    Removing gd32f4xx_usart.o(.ARM.exidx.text.usart_hardware_flow_coherence_config), (8 bytes).
    Removing gd32f4xx_usart.o(.text.usart_dma_receive_config), (34 bytes).
    Removing gd32f4xx_usart.o(.ARM.exidx.text.usart_dma_receive_config), (8 bytes).
    Removing gd32f4xx_usart.o(.text.usart_dma_transmit_config), (34 bytes).
    Removing gd32f4xx_usart.o(.ARM.exidx.text.usart_dma_transmit_config), (8 bytes).
    Removing gd32f4xx_usart.o(.ARM.exidx.text.usart_flag_get), (8 bytes).
    Removing gd32f4xx_usart.o(.text.usart_flag_clear), (74 bytes).
    Removing gd32f4xx_usart.o(.ARM.exidx.text.usart_flag_clear), (8 bytes).
    Removing gd32f4xx_usart.o(.ARM.exidx.text.usart_interrupt_enable), (8 bytes).
    Removing gd32f4xx_usart.o(.text.usart_interrupt_disable), (36 bytes).
    Removing gd32f4xx_usart.o(.ARM.exidx.text.usart_interrupt_disable), (8 bytes).
    Removing gd32f4xx_usart.o(.ARM.exidx.text.usart_interrupt_flag_get), (8 bytes).
    Removing gd32f4xx_usart.o(.ARM.exidx.text.usart_interrupt_flag_clear), (8 bytes).
    Removing startup_gd32f407_427.o(HEAP), (16384 bytes).
    Removing system_gd32f4xx.o(.text), (0 bytes).
    Removing system_gd32f4xx.o(.ARM.exidx.text.SystemInit), (8 bytes).
    Removing system_gd32f4xx.o(.ARM.exidx.text.system_clock_config), (8 bytes).
    Removing system_gd32f4xx.o(.text.SystemCoreClockUpdate), (282 bytes).
    Removing system_gd32f4xx.o(.ARM.exidx.text.SystemCoreClockUpdate), (8 bytes).
    Removing system_gd32f4xx.o(.text.gd32f4xx_firmware_version_get), (6 bytes).
    Removing system_gd32f4xx.o(.ARM.exidx.text.gd32f4xx_firmware_version_get), (8 bytes).
    Removing system_gd32f4xx.o(.ARM.exidx.text.system_clock_168m_8m_hxtal), (8 bytes).
    Removing system_gd32f4xx.o(.rodata.cst16), (16 bytes).
    Removing freertos_evr.o(.text), (0 bytes).
    Removing list.o(.text), (0 bytes).
    Removing list.o(.text.vListInitialise), (46 bytes).
    Removing list.o(.ARM.exidx.text.vListInitialise), (8 bytes).
    Removing list.o(.text.vListInitialiseItem), (14 bytes).
    Removing list.o(.ARM.exidx.text.vListInitialiseItem), (8 bytes).
    Removing list.o(.text.vListInsertEnd), (58 bytes).
    Removing list.o(.ARM.exidx.text.vListInsertEnd), (8 bytes).
    Removing list.o(.text.vListInsert), (106 bytes).
    Removing list.o(.ARM.exidx.text.vListInsert), (8 bytes).
    Removing list.o(.text.uxListRemove), (72 bytes).
    Removing list.o(.ARM.exidx.text.uxListRemove), (8 bytes).
    Removing port.o(.text), (0 bytes).
    Removing port.o(.text.pxPortInitialiseStack), (94 bytes).
    Removing port.o(.ARM.exidx.text.pxPortInitialiseStack), (8 bytes).
    Removing port.o(.text.prvTaskExitError), (76 bytes).
    Removing port.o(.ARM.exidx.text.prvTaskExitError), (8 bytes).
    Removing port.o(.ARM.exidx.text.SVC_Handler), (8 bytes).
    Removing port.o(.text.xPortStartScheduler), (342 bytes).
    Removing port.o(.ARM.exidx.text.xPortStartScheduler), (8 bytes).
    Removing port.o(.text.vPortSetupTimerInterrupt), (120 bytes).
    Removing port.o(.ARM.exidx.text.vPortSetupTimerInterrupt), (8 bytes).
    Removing port.o(.text.vPortEnableVFP), (20 bytes).
    Removing port.o(.ARM.exidx.text.vPortEnableVFP), (8 bytes).
    Removing port.o(.text.prvPortStartFirstTask), (40 bytes).
    Removing port.o(.ARM.exidx.text.prvPortStartFirstTask), (8 bytes).
    Removing port.o(.text.vPortEndScheduler), (46 bytes).
    Removing port.o(.ARM.exidx.text.vPortEndScheduler), (8 bytes).
    Removing port.o(.text.vPortEnterCritical), (86 bytes).
    Removing port.o(.ARM.exidx.text.vPortEnterCritical), (8 bytes).
    Removing port.o(.text.vPortExitCritical), (74 bytes).
    Removing port.o(.ARM.exidx.text.vPortExitCritical), (8 bytes).
    Removing port.o(.ARM.exidx.text.PendSV_Handler), (8 bytes).
    Removing port.o(.ARM.exidx.text.SysTick_Handler), (8 bytes).
    Removing port.o(.text.vPortSuppressTicksAndSleep), (544 bytes).
    Removing port.o(.ARM.exidx.text.vPortSuppressTicksAndSleep), (8 bytes).
    Removing port.o(.text.vPortValidateInterruptPriority), (132 bytes).
    Removing port.o(.ARM.exidx.text.vPortValidateInterruptPriority), (8 bytes).
    Removing port.o(.bss.ucMaxSysCallPriority), (1 bytes).
    Removing port.o(.bss.ulMaxPRIGROUPValue), (4 bytes).
    Removing port.o(.data.uxCriticalNesting), (4 bytes).
    Removing port.o(.bss.xMaximumPossibleSuppressedTicks), (4 bytes).
    Removing port.o(.bss.ulTimerCountsForOneTick), (4 bytes).
    Removing port.o(.bss.ulStoppedTimerCompensation), (4 bytes).
    Removing heap_4.o(.text), (0 bytes).
    Removing heap_4.o(.text.pvPortMalloc), (456 bytes).
    Removing heap_4.o(.ARM.exidx.text.pvPortMalloc), (8 bytes).
    Removing heap_4.o(.text.prvHeapInit), (174 bytes).
    Removing heap_4.o(.ARM.exidx.text.prvHeapInit), (8 bytes).
    Removing heap_4.o(.text.prvInsertBlockIntoFreeList), (198 bytes).
    Removing heap_4.o(.ARM.exidx.text.prvInsertBlockIntoFreeList), (8 bytes).
    Removing heap_4.o(.text.vPortFree), (186 bytes).
    Removing heap_4.o(.ARM.exidx.text.vPortFree), (8 bytes).
    Removing heap_4.o(.text.xPortGetFreeHeapSize), (12 bytes).
    Removing heap_4.o(.ARM.exidx.text.xPortGetFreeHeapSize), (8 bytes).
    Removing heap_4.o(.text.xPortGetMinimumEverFreeHeapSize), (12 bytes).
    Removing heap_4.o(.ARM.exidx.text.xPortGetMinimumEverFreeHeapSize), (8 bytes).
    Removing heap_4.o(.text.vPortInitialiseBlocks), (2 bytes).
    Removing heap_4.o(.ARM.exidx.text.vPortInitialiseBlocks), (8 bytes).
    Removing heap_4.o(.text.pvPortCalloc), (92 bytes).
    Removing heap_4.o(.ARM.exidx.text.pvPortCalloc), (8 bytes).
    Removing heap_4.o(.text.vPortGetHeapStats), (206 bytes).
    Removing heap_4.o(.ARM.exidx.text.vPortGetHeapStats), (8 bytes).
    Removing heap_4.o(.bss.pxEnd), (4 bytes).
    Removing heap_4.o(.bss.xFreeBytesRemaining), (4 bytes).
    Removing heap_4.o(.bss.xStart), (8 bytes).
    Removing heap_4.o(.bss.xMinimumEverFreeBytesRemaining), (4 bytes).
    Removing heap_4.o(.bss.xNumberOfSuccessfulAllocations), (4 bytes).
    Removing heap_4.o(.bss.xNumberOfSuccessfulFrees), (4 bytes).
    Removing heap_4.o(.bss.ucHeap), (4096 bytes).
    Removing queue.o(.text), (0 bytes).
    Removing queue.o(.text.xQueueGenericReset), (264 bytes).
    Removing queue.o(.ARM.exidx.text.xQueueGenericReset), (8 bytes).
    Removing queue.o(.text.xQueueGenericCreate), (154 bytes).
    Removing queue.o(.ARM.exidx.text.xQueueGenericCreate), (8 bytes).
    Removing queue.o(.text.prvInitialiseNewQueue), (78 bytes).
    Removing queue.o(.ARM.exidx.text.prvInitialiseNewQueue), (8 bytes).
    Removing queue.o(.text.xQueueCreateMutex), (38 bytes).
    Removing queue.o(.ARM.exidx.text.xQueueCreateMutex), (8 bytes).
    Removing queue.o(.text.prvInitialiseMutex), (44 bytes).
    Removing queue.o(.ARM.exidx.text.prvInitialiseMutex), (8 bytes).
    Removing queue.o(.text.xQueueGetMutexHolder), (74 bytes).
    Removing queue.o(.ARM.exidx.text.xQueueGetMutexHolder), (8 bytes).
    Removing queue.o(.text.xQueueGetMutexHolderFromISR), (60 bytes).
    Removing queue.o(.ARM.exidx.text.xQueueGetMutexHolderFromISR), (8 bytes).
    Removing queue.o(.text.xQueueGiveMutexRecursive), (108 bytes).
    Removing queue.o(.ARM.exidx.text.xQueueGiveMutexRecursive), (8 bytes).
    Removing queue.o(.text.xQueueGenericSend), (628 bytes).
    Removing queue.o(.ARM.exidx.text.xQueueGenericSend), (8 bytes).
    Removing queue.o(.text.xQueueTakeMutexRecursive), (110 bytes).
    Removing queue.o(.ARM.exidx.text.xQueueTakeMutexRecursive), (8 bytes).
    Removing queue.o(.text.xQueueSemaphoreTake), (528 bytes).
    Removing queue.o(.ARM.exidx.text.xQueueSemaphoreTake), (8 bytes).
    Removing queue.o(.text.xQueueCreateCountingSemaphore), (94 bytes).
    Removing queue.o(.ARM.exidx.text.xQueueCreateCountingSemaphore), (8 bytes).
    Removing queue.o(.text.prvCopyDataToQueue), (204 bytes).
    Removing queue.o(.ARM.exidx.text.prvCopyDataToQueue), (8 bytes).
    Removing queue.o(.text.prvNotifyQueueSetContainer), (236 bytes).
    Removing queue.o(.ARM.exidx.text.prvNotifyQueueSetContainer), (8 bytes).
    Removing queue.o(.text.prvIsQueueFull), (46 bytes).
    Removing queue.o(.ARM.exidx.text.prvIsQueueFull), (8 bytes).
    Removing queue.o(.text.prvUnlockQueue), (204 bytes).
    Removing queue.o(.ARM.exidx.text.prvUnlockQueue), (8 bytes).
    Removing queue.o(.text.xQueueGenericSendFromISR), (444 bytes).
    Removing queue.o(.ARM.exidx.text.xQueueGenericSendFromISR), (8 bytes).
    Removing queue.o(.text.xQueueGiveFromISR), (386 bytes).
    Removing queue.o(.ARM.exidx.text.xQueueGiveFromISR), (8 bytes).
    Removing queue.o(.text.xQueueReceive), (476 bytes).
    Removing queue.o(.ARM.exidx.text.xQueueReceive), (8 bytes).
    Removing queue.o(.text.prvCopyDataFromQueue), (66 bytes).
    Removing queue.o(.ARM.exidx.text.prvCopyDataFromQueue), (8 bytes).
    Removing queue.o(.text.prvIsQueueEmpty), (40 bytes).
    Removing queue.o(.ARM.exidx.text.prvIsQueueEmpty), (8 bytes).
    Removing queue.o(.text.prvGetDisinheritPriorityAfterTimeout), (38 bytes).
    Removing queue.o(.ARM.exidx.text.prvGetDisinheritPriorityAfterTimeout), (8 bytes).
    Removing queue.o(.text.xQueuePeek), (480 bytes).
    Removing queue.o(.ARM.exidx.text.xQueuePeek), (8 bytes).
    Removing queue.o(.text.xQueueReceiveFromISR), (318 bytes).
    Removing queue.o(.ARM.exidx.text.xQueueReceiveFromISR), (8 bytes).
    Removing queue.o(.text.xQueuePeekFromISR), (212 bytes).
    Removing queue.o(.ARM.exidx.text.xQueuePeekFromISR), (8 bytes).
    Removing queue.o(.text.uxQueueMessagesWaiting), (54 bytes).
    Removing queue.o(.ARM.exidx.text.uxQueueMessagesWaiting), (8 bytes).
    Removing queue.o(.text.uxQueueSpacesAvailable), (62 bytes).
    Removing queue.o(.ARM.exidx.text.uxQueueSpacesAvailable), (8 bytes).
    Removing queue.o(.text.uxQueueMessagesWaitingFromISR), (48 bytes).
    Removing queue.o(.ARM.exidx.text.uxQueueMessagesWaitingFromISR), (8 bytes).
    Removing queue.o(.text.vQueueDelete), (48 bytes).
    Removing queue.o(.ARM.exidx.text.vQueueDelete), (8 bytes).
    Removing queue.o(.text.uxQueueGetQueueNumber), (12 bytes).
    Removing queue.o(.ARM.exidx.text.uxQueueGetQueueNumber), (8 bytes).
    Removing queue.o(.text.vQueueSetQueueNumber), (16 bytes).
    Removing queue.o(.ARM.exidx.text.vQueueSetQueueNumber), (8 bytes).
    Removing queue.o(.text.ucQueueGetQueueType), (14 bytes).
    Removing queue.o(.ARM.exidx.text.ucQueueGetQueueType), (8 bytes).
    Removing queue.o(.text.xQueueIsQueueEmptyFromISR), (62 bytes).
    Removing queue.o(.ARM.exidx.text.xQueueIsQueueEmptyFromISR), (8 bytes).
    Removing queue.o(.text.xQueueIsQueueFullFromISR), (68 bytes).
    Removing queue.o(.ARM.exidx.text.xQueueIsQueueFullFromISR), (8 bytes).
    Removing queue.o(.text.xQueueCreateSet), (24 bytes).
    Removing queue.o(.ARM.exidx.text.xQueueCreateSet), (8 bytes).
    Removing queue.o(.text.xQueueAddToSet), (64 bytes).
    Removing queue.o(.ARM.exidx.text.xQueueAddToSet), (8 bytes).
    Removing queue.o(.text.xQueueRemoveFromSet), (72 bytes).
    Removing queue.o(.ARM.exidx.text.xQueueRemoveFromSet), (8 bytes).
    Removing queue.o(.text.xQueueSelectFromSet), (28 bytes).
    Removing queue.o(.ARM.exidx.text.xQueueSelectFromSet), (8 bytes).
    Removing queue.o(.text.xQueueSelectFromSetFromISR), (24 bytes).
    Removing queue.o(.ARM.exidx.text.xQueueSelectFromSetFromISR), (8 bytes).
    Removing tasks.o(.text), (0 bytes).
    Removing tasks.o(.text.xTaskCreate), (160 bytes).
    Removing tasks.o(.ARM.exidx.text.xTaskCreate), (8 bytes).
    Removing tasks.o(.text.prvInitialiseNewTask), (292 bytes).
    Removing tasks.o(.ARM.exidx.text.prvInitialiseNewTask), (8 bytes).
    Removing tasks.o(.text.prvAddNewTaskToReadyList), (340 bytes).
    Removing tasks.o(.ARM.exidx.text.prvAddNewTaskToReadyList), (8 bytes).
    Removing tasks.o(.text.vTaskDelete), (340 bytes).
    Removing tasks.o(.ARM.exidx.text.vTaskDelete), (8 bytes).
    Removing tasks.o(.ARM.exidx.text.prvResetNextTaskUnblockTime), (8 bytes).
    Removing tasks.o(.text.prvDeleteTCB), (24 bytes).
    Removing tasks.o(.ARM.exidx.text.prvDeleteTCB), (8 bytes).
    Removing tasks.o(.text.xTaskDelayUntil), (278 bytes).
    Removing tasks.o(.ARM.exidx.text.xTaskDelayUntil), (8 bytes).
    Removing tasks.o(.text.vTaskSuspendAll), (16 bytes).
    Removing tasks.o(.ARM.exidx.text.vTaskSuspendAll), (8 bytes).
    Removing tasks.o(.text.prvAddCurrentTaskToDelayedList), (290 bytes).
    Removing tasks.o(.ARM.exidx.text.prvAddCurrentTaskToDelayedList), (8 bytes).
    Removing tasks.o(.text.xTaskResumeAll), (546 bytes).
    Removing tasks.o(.ARM.exidx.text.xTaskResumeAll), (8 bytes).
    Removing tasks.o(.text.vTaskDelay), (110 bytes).
    Removing tasks.o(.ARM.exidx.text.vTaskDelay), (8 bytes).
    Removing tasks.o(.text.eTaskGetState), (272 bytes).
    Removing tasks.o(.ARM.exidx.text.eTaskGetState), (8 bytes).
    Removing tasks.o(.text.uxTaskPriorityGet), (56 bytes).
    Removing tasks.o(.ARM.exidx.text.uxTaskPriorityGet), (8 bytes).
    Removing tasks.o(.text.uxTaskPriorityGetFromISR), (90 bytes).
    Removing tasks.o(.ARM.exidx.text.uxTaskPriorityGetFromISR), (8 bytes).
    Removing tasks.o(.text.vTaskPrioritySet), (484 bytes).
    Removing tasks.o(.ARM.exidx.text.vTaskPrioritySet), (8 bytes).
    Removing tasks.o(.text.vTaskSuspend), (378 bytes).
    Removing tasks.o(.ARM.exidx.text.vTaskSuspend), (8 bytes).
    Removing tasks.o(.ARM.exidx.text.vTaskSwitchContext), (8 bytes).
    Removing tasks.o(.text.vTaskResume), (264 bytes).
    Removing tasks.o(.ARM.exidx.text.vTaskResume), (8 bytes).
    Removing tasks.o(.text.prvTaskIsTaskSuspended), (106 bytes).
    Removing tasks.o(.ARM.exidx.text.prvTaskIsTaskSuspended), (8 bytes).
    Removing tasks.o(.text.xTaskResumeFromISR), (304 bytes).
    Removing tasks.o(.ARM.exidx.text.xTaskResumeFromISR), (8 bytes).
    Removing tasks.o(.text.vTaskStartScheduler), (162 bytes).
    Removing tasks.o(.ARM.exidx.text.vTaskStartScheduler), (8 bytes).
    Removing tasks.o(.text.prvIdleTask), (154 bytes).
    Removing tasks.o(.ARM.exidx.text.prvIdleTask), (8 bytes).
    Removing tasks.o(.text.vTaskEndScheduler), (42 bytes).
    Removing tasks.o(.ARM.exidx.text.vTaskEndScheduler), (8 bytes).
    Removing tasks.o(.ARM.exidx.text.xTaskIncrementTick), (8 bytes).
    Removing tasks.o(.text.xTaskGetTickCount), (20 bytes).
    Removing tasks.o(.ARM.exidx.text.xTaskGetTickCount), (8 bytes).
    Removing tasks.o(.text.xTaskGetTickCountFromISR), (30 bytes).
    Removing tasks.o(.ARM.exidx.text.xTaskGetTickCountFromISR), (8 bytes).
    Removing tasks.o(.text.uxTaskGetNumberOfTasks), (12 bytes).
    Removing tasks.o(.ARM.exidx.text.uxTaskGetNumberOfTasks), (8 bytes).
    Removing tasks.o(.text.pcTaskGetName), (70 bytes).
    Removing tasks.o(.ARM.exidx.text.pcTaskGetName), (8 bytes).
    Removing tasks.o(.text.xTaskGetHandle), (210 bytes).
    Removing tasks.o(.ARM.exidx.text.xTaskGetHandle), (8 bytes).
    Removing tasks.o(.text.prvSearchForNameWithinSingleList), (228 bytes).
    Removing tasks.o(.ARM.exidx.text.prvSearchForNameWithinSingleList), (8 bytes).
    Removing tasks.o(.text.uxTaskGetSystemState), (272 bytes).
    Removing tasks.o(.ARM.exidx.text.uxTaskGetSystemState), (8 bytes).
    Removing tasks.o(.text.prvListTasksWithinSingleList), (164 bytes).
    Removing tasks.o(.ARM.exidx.text.prvListTasksWithinSingleList), (8 bytes).
    Removing tasks.o(.text.xTaskGetIdleTaskHandle), (52 bytes).
    Removing tasks.o(.ARM.exidx.text.xTaskGetIdleTaskHandle), (8 bytes).
    Removing tasks.o(.text.vTaskStepTick), (204 bytes).
    Removing tasks.o(.ARM.exidx.text.vTaskStepTick), (8 bytes).
    Removing tasks.o(.text.xTaskCatchUpTicks), (82 bytes).
    Removing tasks.o(.ARM.exidx.text.xTaskCatchUpTicks), (8 bytes).
    Removing tasks.o(.text.xTaskAbortDelay), (270 bytes).
    Removing tasks.o(.ARM.exidx.text.xTaskAbortDelay), (8 bytes).
    Removing tasks.o(.text.vTaskPlaceOnEventList), (66 bytes).
    Removing tasks.o(.ARM.exidx.text.vTaskPlaceOnEventList), (8 bytes).
    Removing tasks.o(.text.vTaskPlaceOnUnorderedEventList), (156 bytes).
    Removing tasks.o(.ARM.exidx.text.vTaskPlaceOnUnorderedEventList), (8 bytes).
    Removing tasks.o(.text.xTaskRemoveFromEventList), (402 bytes).
    Removing tasks.o(.ARM.exidx.text.xTaskRemoveFromEventList), (8 bytes).
    Removing tasks.o(.text.vTaskRemoveFromUnorderedEventList), (362 bytes).
    Removing tasks.o(.ARM.exidx.text.vTaskRemoveFromUnorderedEventList), (8 bytes).
    Removing tasks.o(.text.vTaskSetTimeOutState), (74 bytes).
    Removing tasks.o(.ARM.exidx.text.vTaskSetTimeOutState), (8 bytes).
    Removing tasks.o(.text.vTaskInternalSetTimeOutState), (36 bytes).
    Removing tasks.o(.ARM.exidx.text.vTaskInternalSetTimeOutState), (8 bytes).
    Removing tasks.o(.text.xTaskCheckForTimeOut), (252 bytes).
    Removing tasks.o(.ARM.exidx.text.xTaskCheckForTimeOut), (8 bytes).
    Removing tasks.o(.text.vTaskMissedYield), (14 bytes).
    Removing tasks.o(.ARM.exidx.text.vTaskMissedYield), (8 bytes).
    Removing tasks.o(.text.uxTaskGetTaskNumber), (34 bytes).
    Removing tasks.o(.ARM.exidx.text.uxTaskGetTaskNumber), (8 bytes).
    Removing tasks.o(.text.vTaskSetTaskNumber), (28 bytes).
    Removing tasks.o(.ARM.exidx.text.vTaskSetTaskNumber), (8 bytes).
    Removing tasks.o(.text.eTaskConfirmSleepModeStatus), (128 bytes).
    Removing tasks.o(.ARM.exidx.text.eTaskConfirmSleepModeStatus), (8 bytes).
    Removing tasks.o(.text.vTaskGetInfo), (224 bytes).
    Removing tasks.o(.ARM.exidx.text.vTaskGetInfo), (8 bytes).
    Removing tasks.o(.text.prvTaskCheckFreeStackSpace), (48 bytes).
    Removing tasks.o(.ARM.exidx.text.prvTaskCheckFreeStackSpace), (8 bytes).
    Removing tasks.o(.text.uxTaskGetStackHighWaterMark2), (60 bytes).
    Removing tasks.o(.ARM.exidx.text.uxTaskGetStackHighWaterMark2), (8 bytes).
    Removing tasks.o(.text.uxTaskGetStackHighWaterMark), (56 bytes).
    Removing tasks.o(.ARM.exidx.text.uxTaskGetStackHighWaterMark), (8 bytes).
    Removing tasks.o(.text.xTaskGetCurrentTaskHandle), (20 bytes).
    Removing tasks.o(.ARM.exidx.text.xTaskGetCurrentTaskHandle), (8 bytes).
    Removing tasks.o(.text.xTaskGetSchedulerState), (56 bytes).
    Removing tasks.o(.ARM.exidx.text.xTaskGetSchedulerState), (8 bytes).
    Removing tasks.o(.text.xTaskPriorityInherit), (348 bytes).
    Removing tasks.o(.ARM.exidx.text.xTaskPriorityInherit), (8 bytes).
    Removing tasks.o(.text.xTaskPriorityDisinherit), (312 bytes).
    Removing tasks.o(.ARM.exidx.text.xTaskPriorityDisinherit), (8 bytes).
    Removing tasks.o(.text.vTaskPriorityDisinheritAfterTimeout), (386 bytes).
    Removing tasks.o(.ARM.exidx.text.vTaskPriorityDisinheritAfterTimeout), (8 bytes).
    Removing tasks.o(.text.uxTaskResetEventItemValue), (34 bytes).
    Removing tasks.o(.ARM.exidx.text.uxTaskResetEventItemValue), (8 bytes).
    Removing tasks.o(.text.pvTaskIncrementMutexHeldCount), (44 bytes).
    Removing tasks.o(.ARM.exidx.text.pvTaskIncrementMutexHeldCount), (8 bytes).
    Removing tasks.o(.text.ulTaskGenericNotifyTake), (248 bytes).
    Removing tasks.o(.ARM.exidx.text.ulTaskGenericNotifyTake), (8 bytes).
    Removing tasks.o(.text.xTaskGenericNotifyWait), (280 bytes).
    Removing tasks.o(.ARM.exidx.text.xTaskGenericNotifyWait), (8 bytes).
    Removing tasks.o(.text.xTaskGenericNotify), (558 bytes).
    Removing tasks.o(.ARM.exidx.text.xTaskGenericNotify), (8 bytes).
    Removing tasks.o(.text.xTaskGenericNotifyFromISR), (668 bytes).
    Removing tasks.o(.ARM.exidx.text.xTaskGenericNotifyFromISR), (8 bytes).
    Removing tasks.o(.text.vTaskGenericNotifyGiveFromISR), (498 bytes).
    Removing tasks.o(.ARM.exidx.text.vTaskGenericNotifyGiveFromISR), (8 bytes).
    Removing tasks.o(.text.xTaskGenericNotifyStateClear), (120 bytes).
    Removing tasks.o(.ARM.exidx.text.xTaskGenericNotifyStateClear), (8 bytes).
    Removing tasks.o(.text.ulTaskGenericNotifyValueClear), (82 bytes).
    Removing tasks.o(.ARM.exidx.text.ulTaskGenericNotifyValueClear), (8 bytes).
    Removing tasks.o(.text.prvInitialiseTaskLists), (142 bytes).
    Removing tasks.o(.ARM.exidx.text.prvInitialiseTaskLists), (8 bytes).
    Removing tasks.o(.text.prvCheckTasksWaitingTermination), (90 bytes).
    Removing tasks.o(.ARM.exidx.text.prvCheckTasksWaitingTermination), (8 bytes).
    Removing tasks.o(.text.prvGetExpectedIdleTime), (124 bytes).
    Removing tasks.o(.ARM.exidx.text.prvGetExpectedIdleTime), (8 bytes).
    Removing tasks.o(.rodata.uxTopUsedPriority), (4 bytes).
    Removing tasks.o(.bss.uxTaskNumber), (4 bytes).
    Removing tasks.o(.bss.xTasksWaitingTermination), (20 bytes).
    Removing tasks.o(.bss.uxDeletedTasksWaitingCleanUp), (4 bytes).
    Removing tasks.o(.bss.uxCurrentNumberOfTasks), (4 bytes).
    Removing tasks.o(.bss.xSchedulerRunning), (4 bytes).
    Removing tasks.o(.bss.xSuspendedTaskList), (20 bytes).
    Removing tasks.o(.bss.xPendingReadyList), (20 bytes).
    Removing tasks.o(.rodata.str1.1), (5 bytes).
    Removing tasks.o(.bss.xIdleTaskHandle), (4 bytes).
    Removing tasks.o(.bss.xDelayedTaskList1), (20 bytes).
    Removing tasks.o(.bss.xDelayedTaskList2), (20 bytes).

1209 unused section(s) (total 74354 bytes) removed from the image.

==============================================================================

Image Symbol Table

    Local Symbols

    Symbol Name                              Value     Ov Type        Size  Object(Section)

    ../clib/division.s                       0x00000000   Number         0  aeabi_sdiv.o ABSOLUTE
    ../clib/microlib/division.c              0x00000000   Number         0  uidiv.o ABSOLUTE
    ../clib/microlib/division.c              0x00000000   Number         0  uldiv.o ABSOLUTE
    ../clib/microlib/init/entry.s            0x00000000   Number         0  entry.o ABSOLUTE
    ../clib/microlib/init/entry.s            0x00000000   Number         0  entry2.o ABSOLUTE
    ../clib/microlib/init/entry.s            0x00000000   Number         0  entry5.o ABSOLUTE
    ../clib/microlib/init/entry.s            0x00000000   Number         0  entry7a.o ABSOLUTE
    ../clib/microlib/init/entry.s            0x00000000   Number         0  entry7b.o ABSOLUTE
    ../clib/microlib/init/entry.s            0x00000000   Number         0  entry8a.o ABSOLUTE
    ../clib/microlib/init/entry.s            0x00000000   Number         0  entry8b.o ABSOLUTE
    ../clib/microlib/init/entry.s            0x00000000   Number         0  entry9a.o ABSOLUTE
    ../clib/microlib/init/entry.s            0x00000000   Number         0  entry9b.o ABSOLUTE
    ../clib/microlib/init/entry.s            0x00000000   Number         0  entry10a.o ABSOLUTE
    ../clib/microlib/init/entry.s            0x00000000   Number         0  entry10b.o ABSOLUTE
    ../clib/microlib/init/entry.s            0x00000000   Number         0  entry11a.o ABSOLUTE
    ../clib/microlib/init/entry.s            0x00000000   Number         0  entry11b.o ABSOLUTE
    ../clib/microlib/longlong.c              0x00000000   Number         0  llshl.o ABSOLUTE
    ../clib/microlib/longlong.c              0x00000000   Number         0  llushr.o ABSOLUTE
    ../clib/microlib/longlong.c              0x00000000   Number         0  llsshr.o ABSOLUTE
    ../clib/microlib/printf/printf.c         0x00000000   Number         0  printfa.o ABSOLUTE
    ../clib/microlib/stdio/streams.c         0x00000000   Number         0  stdout.o ABSOLUTE
    ../clib/microlib/string/memcpy.c         0x00000000   Number         0  memcpya.o ABSOLUTE
    ../clib/microlib/string/memcpy.c         0x00000000   Number         0  memcpyb.o ABSOLUTE
    ../clib/microlib/string/memset.c         0x00000000   Number         0  memseta.o ABSOLUTE
    ../clib/microlib/string/strlen.c         0x00000000   Number         0  strlen.o ABSOLUTE
    ../clib/microlib/stubs.s                 0x00000000   Number         0  iusefp.o ABSOLUTE
    ../fplib/microlib/fpadd.c                0x00000000   Number         0  dadd.o ABSOLUTE
    ../fplib/microlib/fpdiv.c                0x00000000   Number         0  ddiv.o ABSOLUTE
    ../fplib/microlib/fpepilogue.c           0x00000000   Number         0  depilogue.o ABSOLUTE
    ../fplib/microlib/fpfix.c                0x00000000   Number         0  dfixul.o ABSOLUTE
    ../fplib/microlib/fpmul.c                0x00000000   Number         0  dmul.o ABSOLUTE
    App.c                                    0x00000000   Number         0  app.o ABSOLUTE
    RTE/Device/GD32F407VE/startup_gd32f407_427.s 0x00000000   Number         0  startup_gd32f407_427.o ABSOLUTE
    cdrcmple.s                               0x00000000   Number         0  cdrcmple.o ABSOLUTE
    dc.s                                     0x00000000   Number         0  dc.o ABSOLUTE
    freertos_evr.c                           0x00000000   Number         0  freertos_evr.o ABSOLUTE
    gd32f4xx_adc.c                           0x00000000   Number         0  gd32f4xx_adc.o ABSOLUTE
    gd32f4xx_dma.c                           0x00000000   Number         0  gd32f4xx_dma.o ABSOLUTE
    gd32f4xx_exti.c                          0x00000000   Number         0  gd32f4xx_exti.o ABSOLUTE
    gd32f4xx_gpio.c                          0x00000000   Number         0  gd32f4xx_gpio.o ABSOLUTE
    gd32f4xx_i2c.c                           0x00000000   Number         0  gd32f4xx_i2c.o ABSOLUTE
    gd32f4xx_it.c                            0x00000000   Number         0  gd32f4xx_it.o ABSOLUTE
    gd32f4xx_misc.c                          0x00000000   Number         0  gd32f4xx_misc.o ABSOLUTE
    gd32f4xx_pmu.c                           0x00000000   Number         0  gd32f4xx_pmu.o ABSOLUTE
    gd32f4xx_rcu.c                           0x00000000   Number         0  gd32f4xx_rcu.o ABSOLUTE
    gd32f4xx_rtc.c                           0x00000000   Number         0  gd32f4xx_rtc.o ABSOLUTE
    gd32f4xx_spi.c                           0x00000000   Number         0  gd32f4xx_spi.o ABSOLUTE
    gd32f4xx_syscfg.c                        0x00000000   Number         0  gd32f4xx_syscfg.o ABSOLUTE
    gd32f4xx_timer.c                         0x00000000   Number         0  gd32f4xx_timer.o ABSOLUTE
    gd32f4xx_usart.c                         0x00000000   Number         0  gd32f4xx_usart.o ABSOLUTE
    handlers.s                               0x00000000   Number         0  handlers.o ABSOLUTE
    heap_4.c                                 0x00000000   Number         0  heap_4.o ABSOLUTE
    init.s                                   0x00000000   Number         0  init.o ABSOLUTE
    lib_peripheral.c                         0x00000000   Number         0  lib_peripheral.o ABSOLUTE
    lib_timer.c                              0x00000000   Number         0  lib_timer.o ABSOLUTE
    lib_timer5.c                             0x00000000   Number         0  lib_timer5.o ABSOLUTE
    lib_usart.c                              0x00000000   Number         0  lib_usart.o ABSOLUTE
    lib_usart0.c                             0x00000000   Number         0  lib_usart0.o ABSOLUTE
    list.c                                   0x00000000   Number         0  list.o ABSOLUTE
    main.c                                   0x00000000   Number         0  main.o ABSOLUTE
    port.c                                   0x00000000   Number         0  port.o ABSOLUTE
    queue.c                                  0x00000000   Number         0  queue.o ABSOLUTE
    system_gd32f4xx.c                        0x00000000   Number         0  system_gd32f4xx.o ABSOLUTE
    systick.c                                0x00000000   Number         0  systick.o ABSOLUTE
    tasks.c                                  0x00000000   Number         0  tasks.o ABSOLUTE
    RESET                                    0x08000000   Section      392  startup_gd32f407_427.o(RESET)
    .ARM.Collect$$$$00000000                 0x08000188   Section        0  entry.o(.ARM.Collect$$$$00000000)
    .ARM.Collect$$$$00000001                 0x08000188   Section        4  entry2.o(.ARM.Collect$$$$00000001)
    .ARM.Collect$$$$00000004                 0x0800018c   Section        4  entry5.o(.ARM.Collect$$$$00000004)
    .ARM.Collect$$$$00000008                 0x08000190   Section        0  entry7b.o(.ARM.Collect$$$$00000008)
    .ARM.Collect$$$$0000000A                 0x08000190   Section        0  entry8b.o(.ARM.Collect$$$$0000000A)
    .ARM.Collect$$$$0000000B                 0x08000190   Section        8  entry9a.o(.ARM.Collect$$$$0000000B)
    __lit__00000000                          0x08000198   Data           4  entry2.o(.ARM.Collect$$$$00002712)
    .ARM.Collect$$$$0000000D                 0x08000198   Section        0  entry10a.o(.ARM.Collect$$$$0000000D)
    .ARM.Collect$$$$0000000F                 0x08000198   Section        0  entry11a.o(.ARM.Collect$$$$0000000F)
    .ARM.Collect$$$$00002712                 0x08000198   Section        4  entry2.o(.ARM.Collect$$$$00002712)
    $v0                                      0x0800019c   Number         0  startup_gd32f407_427.o(.text)
    .text                                    0x0800019c   Section       36  startup_gd32f407_427.o(.text)
    .text                                    0x080001c0   Section        0  uidiv.o(.text)
    .text                                    0x080001ec   Section        0  uldiv.o(.text)
    .text                                    0x0800024e   Section        0  iusefp.o(.text)
    .text                                    0x0800024e   Section        0  dadd.o(.text)
    .text                                    0x0800039c   Section        0  dmul.o(.text)
    .text                                    0x08000480   Section        0  ddiv.o(.text)
    .text                                    0x0800055e   Section        0  dfixul.o(.text)
    .text                                    0x08000590   Section       48  cdrcmple.o(.text)
    .text                                    0x080005c0   Section       48  init.o(.text)
    .text                                    0x080005f0   Section        0  llshl.o(.text)
    .text                                    0x0800060e   Section        0  llushr.o(.text)
    .text                                    0x0800062e   Section        0  llsshr.o(.text)
    .text                                    0x08000652   Section        0  depilogue.o(.text)
    [Anonymous Symbol]                       0x0800070c   Section        0  app.o(.text.App_init)
    [Anonymous Symbol]                       0x08000714   Section        0  app.o(.text.App_ui_init)
    [Anonymous Symbol]                       0x08000718   Section        0  gd32f4xx_it.o(.text.BusFault_Handler)
    [Anonymous Symbol]                       0x0800071c   Section        0  gd32f4xx_it.o(.text.DebugMon_Handler)
    [Anonymous Symbol]                       0x08000720   Section        0  gd32f4xx_it.o(.text.HardFault_Handler)
    [Anonymous Symbol]                       0x08000724   Section        0  gd32f4xx_it.o(.text.MemManage_Handler)
    [Anonymous Symbol]                       0x08000728   Section        0  gd32f4xx_it.o(.text.NMI_Handler)
    [Anonymous Symbol]                       0x08000730   Section        0  port.o(.text.PendSV_Handler)
    pxCurrentTCBConst                        0x08000790   Number         0  port.o(.text.PendSV_Handler)
    [Anonymous Symbol]                       0x080007a0   Section        0  port.o(.text.SVC_Handler)
    pxCurrentTCBConst2                       0x080007c0   Number         0  port.o(.text.SVC_Handler)
    [Anonymous Symbol]                       0x080007c4   Section        0  port.o(.text.SysTick_Handler)
    [Anonymous Symbol]                       0x08000800   Section        0  system_gd32f4xx.o(.text.SystemInit)
    [Anonymous Symbol]                       0x080008fc   Section        0  lib_timer5.o(.text.TIMER5_DAC_IRQHandler)
    [Anonymous Symbol]                       0x08000928   Section        0  lib_usart0.o(.text.USART0_IRQHandler)
    [Anonymous Symbol]                       0x080009c0   Section        0  gd32f4xx_it.o(.text.UsageFault_Handler)
    [Anonymous Symbol]                       0x080009c4   Section        0  lib_usart0.o(.text.fputc)
    [Anonymous Symbol]                       0x080009dc   Section        0  gd32f4xx_gpio.o(.text.gpio_af_set)
    [Anonymous Symbol]                       0x08000ab0   Section        0  gd32f4xx_gpio.o(.text.gpio_mode_set)
    [Anonymous Symbol]                       0x08000b4c   Section        0  gd32f4xx_gpio.o(.text.gpio_output_options_set)
    [Anonymous Symbol]                       0x08000be0   Section        0  lib_peripheral.o(.text.lib_peripheral_init)
    [Anonymous Symbol]                       0x08000bec   Section        0  lib_timer5.o(.text.lib_timer5_init)
    [Anonymous Symbol]                       0x08000c58   Section        0  main.o(.text.lib_timer5_on_cb)
    [Anonymous Symbol]                       0x08000c5c   Section        0  lib_timer.o(.text.lib_timer_init)
    [Anonymous Symbol]                       0x08000c6c   Section        0  lib_usart0.o(.text.lib_usart0_init)
    [Anonymous Symbol]                       0x08000d0c   Section        0  lib_usart0.o(.text.lib_usart0_send_byte)
    lib_usart_gpio_init                      0x08000d41   Thumb Code    60  lib_usart0.o(.text.lib_usart_gpio_init)
    [Anonymous Symbol]                       0x08000d40   Section        0  lib_usart0.o(.text.lib_usart_gpio_init)
    [Anonymous Symbol]                       0x08000d7c   Section        0  lib_usart.o(.text.lib_usart_init)
    [Anonymous Symbol]                       0x08000d84   Section        0  main.o(.text.main)
    [Anonymous Symbol]                       0x08000dac   Section        0  gd32f4xx_misc.o(.text.nvic_irq_enable)
    [Anonymous Symbol]                       0x08000ed4   Section        0  gd32f4xx_misc.o(.text.nvic_priority_group_set)
    prvResetNextTaskUnblockTime              0x08000ef1   Thumb Code    60  tasks.o(.text.prvResetNextTaskUnblockTime)
    [Anonymous Symbol]                       0x08000ef0   Section        0  tasks.o(.text.prvResetNextTaskUnblockTime)
    [Anonymous Symbol]                       0x08000f2c   Section        0  gd32f4xx_rcu.o(.text.rcu_clock_freq_get)
    [Anonymous Symbol]                       0x08001090   Section        0  gd32f4xx_rcu.o(.text.rcu_periph_clock_enable)
    [Anonymous Symbol]                       0x080010b8   Section        0  gd32f4xx_rcu.o(.text.rcu_periph_reset_disable)
    [Anonymous Symbol]                       0x080010e0   Section        0  gd32f4xx_rcu.o(.text.rcu_periph_reset_enable)
    [Anonymous Symbol]                       0x08001108   Section        0  gd32f4xx_rcu.o(.text.rcu_timer_clock_prescaler_config)
    system_clock_168m_8m_hxtal               0x08001141   Thumb Code   360  system_gd32f4xx.o(.text.system_clock_168m_8m_hxtal)
    [Anonymous Symbol]                       0x08001140   Section        0  system_gd32f4xx.o(.text.system_clock_168m_8m_hxtal)
    system_clock_config                      0x080012a9   Thumb Code     8  system_gd32f4xx.o(.text.system_clock_config)
    [Anonymous Symbol]                       0x080012a8   Section        0  system_gd32f4xx.o(.text.system_clock_config)
    [Anonymous Symbol]                       0x080012b0   Section        0  gd32f4xx_timer.o(.text.timer_deinit)
    [Anonymous Symbol]                       0x08001498   Section        0  gd32f4xx_timer.o(.text.timer_enable)
    [Anonymous Symbol]                       0x080014ac   Section        0  gd32f4xx_timer.o(.text.timer_init)
    [Anonymous Symbol]                       0x080015ac   Section        0  gd32f4xx_timer.o(.text.timer_interrupt_enable)
    [Anonymous Symbol]                       0x080015c0   Section        0  gd32f4xx_timer.o(.text.timer_interrupt_flag_clear)
    [Anonymous Symbol]                       0x080015d4   Section        0  gd32f4xx_timer.o(.text.timer_interrupt_flag_get)
    [Anonymous Symbol]                       0x08001610   Section        0  gd32f4xx_timer.o(.text.timer_struct_para_init)
    [Anonymous Symbol]                       0x08001638   Section        0  gd32f4xx_usart.o(.text.usart_baudrate_set)
    [Anonymous Symbol]                       0x08001790   Section        0  gd32f4xx_usart.o(.text.usart_data_receive)
    [Anonymous Symbol]                       0x080017a0   Section        0  gd32f4xx_usart.o(.text.usart_data_transmit)
    [Anonymous Symbol]                       0x080017b8   Section        0  gd32f4xx_usart.o(.text.usart_deinit)
    [Anonymous Symbol]                       0x080018d8   Section        0  gd32f4xx_usart.o(.text.usart_enable)
    [Anonymous Symbol]                       0x080018ec   Section        0  gd32f4xx_usart.o(.text.usart_flag_get)
    [Anonymous Symbol]                       0x08001928   Section        0  gd32f4xx_usart.o(.text.usart_interrupt_enable)
    [Anonymous Symbol]                       0x0800194c   Section        0  gd32f4xx_usart.o(.text.usart_interrupt_flag_clear)
    [Anonymous Symbol]                       0x0800196c   Section        0  gd32f4xx_usart.o(.text.usart_interrupt_flag_get)
    [Anonymous Symbol]                       0x080019cc   Section        0  gd32f4xx_usart.o(.text.usart_parity_config)
    [Anonymous Symbol]                       0x080019ec   Section        0  gd32f4xx_usart.o(.text.usart_receive_config)
    [Anonymous Symbol]                       0x08001a18   Section        0  gd32f4xx_usart.o(.text.usart_stop_bit_set)
    [Anonymous Symbol]                       0x08001a38   Section        0  gd32f4xx_usart.o(.text.usart_transmit_config)
    [Anonymous Symbol]                       0x08001a64   Section        0  gd32f4xx_usart.o(.text.usart_word_length_set)
    __tagsym$$used.0                         0x08001a84   Number         0  tasks.o(.text.vTaskSwitchContext)
    [Anonymous Symbol]                       0x08001a84   Section        0  tasks.o(.text.vTaskSwitchContext)
    [Anonymous Symbol]                       0x08001b44   Section        0  tasks.o(.text.xTaskIncrementTick)
    i.__0printf                              0x08001da4   Section        0  printfa.o(i.__0printf)
    i.__scatterload_copy                     0x08001dc4   Section       14  handlers.o(i.__scatterload_copy)
    i.__scatterload_null                     0x08001dd2   Section        2  handlers.o(i.__scatterload_null)
    i.__scatterload_zeroinit                 0x08001dd4   Section       14  handlers.o(i.__scatterload_zeroinit)
    _fp_digits                               0x08001de5   Thumb Code   366  printfa.o(i._fp_digits)
    i._fp_digits                             0x08001de4   Section        0  printfa.o(i._fp_digits)
    _printf_core                             0x08001f69   Thumb Code  1744  printfa.o(i._printf_core)
    i._printf_core                           0x08001f68   Section        0  printfa.o(i._printf_core)
    _printf_post_padding                     0x08002645   Thumb Code    36  printfa.o(i._printf_post_padding)
    i._printf_post_padding                   0x08002644   Section        0  printfa.o(i._printf_post_padding)
    _printf_pre_padding                      0x08002669   Thumb Code    46  printfa.o(i._printf_pre_padding)
    i._printf_pre_padding                    0x08002668   Section        0  printfa.o(i._printf_pre_padding)
    .L.str                                   0x08002696   Data          12  main.o(.rodata.str1.1)
    [Anonymous Symbol]                       0x08002696   Section        0  main.o(.rodata.str1.1)
    .data                                    0x20000000   Section        4  stdout.o(.data)
    __tagsym$$used.1                         0x20000008   Number         0  tasks.o(.bss.pxCurrentTCB)
    pxDelayedTaskList                        0x2000000c   Data           4  tasks.o(.bss.pxDelayedTaskList)
    [Anonymous Symbol]                       0x2000000c   Section        0  tasks.o(.bss.pxDelayedTaskList)
    pxOverflowDelayedTaskList                0x20000010   Data           4  tasks.o(.bss.pxOverflowDelayedTaskList)
    [Anonymous Symbol]                       0x20000010   Section        0  tasks.o(.bss.pxOverflowDelayedTaskList)
    pxReadyTasksLists                        0x20000014   Data         100  tasks.o(.bss.pxReadyTasksLists)
    [Anonymous Symbol]                       0x20000014   Section        0  tasks.o(.bss.pxReadyTasksLists)
    recv_buff                                0x20000078   Data         128  lib_usart0.o(.bss.recv_buff)
    [Anonymous Symbol]                       0x20000078   Section        0  lib_usart0.o(.bss.recv_buff)
    recv_cnt                                 0x200000f8   Data           2  lib_usart0.o(.bss.recv_cnt)
    [Anonymous Symbol]                       0x200000f8   Section        0  lib_usart0.o(.bss.recv_cnt)
    uxSchedulerSuspended                     0x200000fc   Data           4  tasks.o(.bss.uxSchedulerSuspended)
    [Anonymous Symbol]                       0x200000fc   Section        0  tasks.o(.bss.uxSchedulerSuspended)
    uxTopReadyPriority                       0x20000100   Data           4  tasks.o(.bss.uxTopReadyPriority)
    [Anonymous Symbol]                       0x20000100   Section        0  tasks.o(.bss.uxTopReadyPriority)
    xNextTaskUnblockTime                     0x20000104   Data           4  tasks.o(.bss.xNextTaskUnblockTime)
    [Anonymous Symbol]                       0x20000104   Section        0  tasks.o(.bss.xNextTaskUnblockTime)
    xNumOfOverflows                          0x20000108   Data           4  tasks.o(.bss.xNumOfOverflows)
    [Anonymous Symbol]                       0x20000108   Section        0  tasks.o(.bss.xNumOfOverflows)
    xPendedTicks                             0x2000010c   Data           4  tasks.o(.bss.xPendedTicks)
    [Anonymous Symbol]                       0x2000010c   Section        0  tasks.o(.bss.xPendedTicks)
    xTickCount                               0x20000110   Data           4  tasks.o(.bss.xTickCount)
    [Anonymous Symbol]                       0x20000110   Section        0  tasks.o(.bss.xTickCount)
    xYieldPending                            0x20000114   Data           4  tasks.o(.bss.xYieldPending)
    [Anonymous Symbol]                       0x20000114   Section        0  tasks.o(.bss.xYieldPending)
    STACK                                    0x20000118   Section    16384  startup_gd32f407_427.o(STACK)

    Global Symbols

    Symbol Name                              Value     Ov Type        Size  Object(Section)

    BuildAttributes$$THM_ISAv4$E$P$D$K$B$S$7EM$VFPi3$EXTD16$VFPS$VFMA$PE$A:L22UL41UL21$X:L11$S22US41US21$IEEE1$IW$~IW$USESV6$~STKCKD$USESV7$~SHL$OSPACE$ROPI$EBA8$MICROLIB$REQ8$PRES8$EABIv2 0x00000000   Number         0  anon$$obj.o ABSOLUTE
    __cpp_initialize__aeabi_                  - Undefined Weak Reference
    __cxa_finalize                            - Undefined Weak Reference
    __decompress                              - Undefined Weak Reference
    _clock_init                               - Undefined Weak Reference
    _microlib_exit                            - Undefined Weak Reference
    __Vectors_Size                           0x00000188   Number         0  startup_gd32f407_427.o ABSOLUTE
    __Vectors                                0x08000000   Data           4  startup_gd32f407_427.o(RESET)
    __Vectors_End                            0x08000188   Data           0  startup_gd32f407_427.o(RESET)
    __main                                   0x08000189   Thumb Code     0  entry.o(.ARM.Collect$$$$00000000)
    _main_stk                                0x08000189   Thumb Code     0  entry2.o(.ARM.Collect$$$$00000001)
    _main_scatterload                        0x0800018d   Thumb Code     0  entry5.o(.ARM.Collect$$$$00000004)
    __main_after_scatterload                 0x08000191   Thumb Code     0  entry5.o(.ARM.Collect$$$$00000004)
    _main_clock                              0x08000191   Thumb Code     0  entry7b.o(.ARM.Collect$$$$00000008)
    _main_cpp_init                           0x08000191   Thumb Code     0  entry8b.o(.ARM.Collect$$$$0000000A)
    _main_init                               0x08000191   Thumb Code     0  entry9a.o(.ARM.Collect$$$$0000000B)
    __rt_final_cpp                           0x08000199   Thumb Code     0  entry10a.o(.ARM.Collect$$$$0000000D)
    __rt_final_exit                          0x08000199   Thumb Code     0  entry11a.o(.ARM.Collect$$$$0000000F)
    Reset_Handler                            0x0800019d   Thumb Code     8  startup_gd32f407_427.o(.text)
    ADC_IRQHandler                           0x080001b7   Thumb Code     0  startup_gd32f407_427.o(.text)
    CAN0_EWMC_IRQHandler                     0x080001b7   Thumb Code     0  startup_gd32f407_427.o(.text)
    CAN0_RX0_IRQHandler                      0x080001b7   Thumb Code     0  startup_gd32f407_427.o(.text)
    CAN0_RX1_IRQHandler                      0x080001b7   Thumb Code     0  startup_gd32f407_427.o(.text)
    CAN0_TX_IRQHandler                       0x080001b7   Thumb Code     0  startup_gd32f407_427.o(.text)
    CAN1_EWMC_IRQHandler                     0x080001b7   Thumb Code     0  startup_gd32f407_427.o(.text)
    CAN1_RX0_IRQHandler                      0x080001b7   Thumb Code     0  startup_gd32f407_427.o(.text)
    CAN1_RX1_IRQHandler                      0x080001b7   Thumb Code     0  startup_gd32f407_427.o(.text)
    CAN1_TX_IRQHandler                       0x080001b7   Thumb Code     0  startup_gd32f407_427.o(.text)
    DCI_IRQHandler                           0x080001b7   Thumb Code     0  startup_gd32f407_427.o(.text)
    DMA0_Channel0_IRQHandler                 0x080001b7   Thumb Code     0  startup_gd32f407_427.o(.text)
    DMA0_Channel1_IRQHandler                 0x080001b7   Thumb Code     0  startup_gd32f407_427.o(.text)
    DMA0_Channel2_IRQHandler                 0x080001b7   Thumb Code     0  startup_gd32f407_427.o(.text)
    DMA0_Channel3_IRQHandler                 0x080001b7   Thumb Code     0  startup_gd32f407_427.o(.text)
    DMA0_Channel4_IRQHandler                 0x080001b7   Thumb Code     0  startup_gd32f407_427.o(.text)
    DMA0_Channel5_IRQHandler                 0x080001b7   Thumb Code     0  startup_gd32f407_427.o(.text)
    DMA0_Channel6_IRQHandler                 0x080001b7   Thumb Code     0  startup_gd32f407_427.o(.text)
    DMA0_Channel7_IRQHandler                 0x080001b7   Thumb Code     0  startup_gd32f407_427.o(.text)
    DMA1_Channel0_IRQHandler                 0x080001b7   Thumb Code     0  startup_gd32f407_427.o(.text)
    DMA1_Channel1_IRQHandler                 0x080001b7   Thumb Code     0  startup_gd32f407_427.o(.text)
    DMA1_Channel2_IRQHandler                 0x080001b7   Thumb Code     0  startup_gd32f407_427.o(.text)
    DMA1_Channel3_IRQHandler                 0x080001b7   Thumb Code     0  startup_gd32f407_427.o(.text)
    DMA1_Channel4_IRQHandler                 0x080001b7   Thumb Code     0  startup_gd32f407_427.o(.text)
    DMA1_Channel5_IRQHandler                 0x080001b7   Thumb Code     0  startup_gd32f407_427.o(.text)
    DMA1_Channel6_IRQHandler                 0x080001b7   Thumb Code     0  startup_gd32f407_427.o(.text)
    DMA1_Channel7_IRQHandler                 0x080001b7   Thumb Code     0  startup_gd32f407_427.o(.text)
    ENET_IRQHandler                          0x080001b7   Thumb Code     0  startup_gd32f407_427.o(.text)
    ENET_WKUP_IRQHandler                     0x080001b7   Thumb Code     0  startup_gd32f407_427.o(.text)
    EXMC_IRQHandler                          0x080001b7   Thumb Code     0  startup_gd32f407_427.o(.text)
    EXTI0_IRQHandler                         0x080001b7   Thumb Code     0  startup_gd32f407_427.o(.text)
    EXTI10_15_IRQHandler                     0x080001b7   Thumb Code     0  startup_gd32f407_427.o(.text)
    EXTI1_IRQHandler                         0x080001b7   Thumb Code     0  startup_gd32f407_427.o(.text)
    EXTI2_IRQHandler                         0x080001b7   Thumb Code     0  startup_gd32f407_427.o(.text)
    EXTI3_IRQHandler                         0x080001b7   Thumb Code     0  startup_gd32f407_427.o(.text)
    EXTI4_IRQHandler                         0x080001b7   Thumb Code     0  startup_gd32f407_427.o(.text)
    EXTI5_9_IRQHandler                       0x080001b7   Thumb Code     0  startup_gd32f407_427.o(.text)
    FMC_IRQHandler                           0x080001b7   Thumb Code     0  startup_gd32f407_427.o(.text)
    FPU_IRQHandler                           0x080001b7   Thumb Code     0  startup_gd32f407_427.o(.text)
    I2C0_ER_IRQHandler                       0x080001b7   Thumb Code     0  startup_gd32f407_427.o(.text)
    I2C0_EV_IRQHandler                       0x080001b7   Thumb Code     0  startup_gd32f407_427.o(.text)
    I2C1_ER_IRQHandler                       0x080001b7   Thumb Code     0  startup_gd32f407_427.o(.text)
    I2C1_EV_IRQHandler                       0x080001b7   Thumb Code     0  startup_gd32f407_427.o(.text)
    I2C2_ER_IRQHandler                       0x080001b7   Thumb Code     0  startup_gd32f407_427.o(.text)
    I2C2_EV_IRQHandler                       0x080001b7   Thumb Code     0  startup_gd32f407_427.o(.text)
    LVD_IRQHandler                           0x080001b7   Thumb Code     0  startup_gd32f407_427.o(.text)
    RCU_CTC_IRQHandler                       0x080001b7   Thumb Code     0  startup_gd32f407_427.o(.text)
    RTC_Alarm_IRQHandler                     0x080001b7   Thumb Code     0  startup_gd32f407_427.o(.text)
    RTC_WKUP_IRQHandler                      0x080001b7   Thumb Code     0  startup_gd32f407_427.o(.text)
    SDIO_IRQHandler                          0x080001b7   Thumb Code     0  startup_gd32f407_427.o(.text)
    SPI0_IRQHandler                          0x080001b7   Thumb Code     0  startup_gd32f407_427.o(.text)
    SPI1_IRQHandler                          0x080001b7   Thumb Code     0  startup_gd32f407_427.o(.text)
    SPI2_IRQHandler                          0x080001b7   Thumb Code     0  startup_gd32f407_427.o(.text)
    TAMPER_STAMP_IRQHandler                  0x080001b7   Thumb Code     0  startup_gd32f407_427.o(.text)
    TIMER0_BRK_TIMER8_IRQHandler             0x080001b7   Thumb Code     0  startup_gd32f407_427.o(.text)
    TIMER0_Channel_IRQHandler                0x080001b7   Thumb Code     0  startup_gd32f407_427.o(.text)
    TIMER0_TRG_CMT_TIMER10_IRQHandler        0x080001b7   Thumb Code     0  startup_gd32f407_427.o(.text)
    TIMER0_UP_TIMER9_IRQHandler              0x080001b7   Thumb Code     0  startup_gd32f407_427.o(.text)
    TIMER1_IRQHandler                        0x080001b7   Thumb Code     0  startup_gd32f407_427.o(.text)
    TIMER2_IRQHandler                        0x080001b7   Thumb Code     0  startup_gd32f407_427.o(.text)
    TIMER3_IRQHandler                        0x080001b7   Thumb Code     0  startup_gd32f407_427.o(.text)
    TIMER4_IRQHandler                        0x080001b7   Thumb Code     0  startup_gd32f407_427.o(.text)
    TIMER6_IRQHandler                        0x080001b7   Thumb Code     0  startup_gd32f407_427.o(.text)
    TIMER7_BRK_TIMER11_IRQHandler            0x080001b7   Thumb Code     0  startup_gd32f407_427.o(.text)
    TIMER7_Channel_IRQHandler                0x080001b7   Thumb Code     0  startup_gd32f407_427.o(.text)
    TIMER7_TRG_CMT_TIMER13_IRQHandler        0x080001b7   Thumb Code     0  startup_gd32f407_427.o(.text)
    TIMER7_UP_TIMER12_IRQHandler             0x080001b7   Thumb Code     0  startup_gd32f407_427.o(.text)
    TRNG_IRQHandler                          0x080001b7   Thumb Code     0  startup_gd32f407_427.o(.text)
    UART3_IRQHandler                         0x080001b7   Thumb Code     0  startup_gd32f407_427.o(.text)
    UART4_IRQHandler                         0x080001b7   Thumb Code     0  startup_gd32f407_427.o(.text)
    USART1_IRQHandler                        0x080001b7   Thumb Code     0  startup_gd32f407_427.o(.text)
    USART2_IRQHandler                        0x080001b7   Thumb Code     0  startup_gd32f407_427.o(.text)
    USART5_IRQHandler                        0x080001b7   Thumb Code     0  startup_gd32f407_427.o(.text)
    USBFS_IRQHandler                         0x080001b7   Thumb Code     0  startup_gd32f407_427.o(.text)
    USBFS_WKUP_IRQHandler                    0x080001b7   Thumb Code     0  startup_gd32f407_427.o(.text)
    USBHS_EP1_In_IRQHandler                  0x080001b7   Thumb Code     0  startup_gd32f407_427.o(.text)
    USBHS_EP1_Out_IRQHandler                 0x080001b7   Thumb Code     0  startup_gd32f407_427.o(.text)
    USBHS_IRQHandler                         0x080001b7   Thumb Code     0  startup_gd32f407_427.o(.text)
    USBHS_WKUP_IRQHandler                    0x080001b7   Thumb Code     0  startup_gd32f407_427.o(.text)
    WWDGT_IRQHandler                         0x080001b7   Thumb Code     0  startup_gd32f407_427.o(.text)
    __aeabi_uidiv                            0x080001c1   Thumb Code     0  uidiv.o(.text)
    __aeabi_uidivmod                         0x080001c1   Thumb Code    44  uidiv.o(.text)
    __aeabi_uldivmod                         0x080001ed   Thumb Code    98  uldiv.o(.text)
    __I$use$fp                               0x0800024f   Thumb Code     0  iusefp.o(.text)
    __aeabi_dadd                             0x0800024f   Thumb Code   322  dadd.o(.text)
    __aeabi_dsub                             0x08000391   Thumb Code     6  dadd.o(.text)
    __aeabi_drsub                            0x08000397   Thumb Code     6  dadd.o(.text)
    __aeabi_dmul                             0x0800039d   Thumb Code   228  dmul.o(.text)
    __aeabi_ddiv                             0x08000481   Thumb Code   222  ddiv.o(.text)
    __aeabi_d2ulz                            0x0800055f   Thumb Code    48  dfixul.o(.text)
    __aeabi_cdrcmple                         0x08000591   Thumb Code    48  cdrcmple.o(.text)
    __scatterload                            0x080005c1   Thumb Code    38  init.o(.text)
    __scatterload_rt2                        0x080005c1   Thumb Code     0  init.o(.text)
    __aeabi_llsl                             0x080005f1   Thumb Code    30  llshl.o(.text)
    _ll_shift_l                              0x080005f1   Thumb Code     0  llshl.o(.text)
    __aeabi_llsr                             0x0800060f   Thumb Code    32  llushr.o(.text)
    _ll_ushift_r                             0x0800060f   Thumb Code     0  llushr.o(.text)
    __aeabi_lasr                             0x0800062f   Thumb Code    36  llsshr.o(.text)
    _ll_sshift_r                             0x0800062f   Thumb Code     0  llsshr.o(.text)
    _double_round                            0x08000653   Thumb Code    30  depilogue.o(.text)
    _double_epilogue                         0x08000671   Thumb Code   156  depilogue.o(.text)
    App_init                                 0x0800070d   Thumb Code     8  app.o(.text.App_init)
    App_ui_init                              0x08000715   Thumb Code     2  app.o(.text.App_ui_init)
    BusFault_Handler                         0x08000719   Thumb Code     4  gd32f4xx_it.o(.text.BusFault_Handler)
    DebugMon_Handler                         0x0800071d   Thumb Code     4  gd32f4xx_it.o(.text.DebugMon_Handler)
    HardFault_Handler                        0x08000721   Thumb Code     4  gd32f4xx_it.o(.text.HardFault_Handler)
    MemManage_Handler                        0x08000725   Thumb Code     4  gd32f4xx_it.o(.text.MemManage_Handler)
    NMI_Handler                              0x08000729   Thumb Code     4  gd32f4xx_it.o(.text.NMI_Handler)
    PendSV_Handler                           0x08000731   Thumb Code   100  port.o(.text.PendSV_Handler)
    SVC_Handler                              0x080007a1   Thumb Code    36  port.o(.text.SVC_Handler)
    SysTick_Handler                          0x080007c5   Thumb Code    60  port.o(.text.SysTick_Handler)
    SystemInit                               0x08000801   Thumb Code   250  system_gd32f4xx.o(.text.SystemInit)
    TIMER5_DAC_IRQHandler                    0x080008fd   Thumb Code    44  lib_timer5.o(.text.TIMER5_DAC_IRQHandler)
    USART0_IRQHandler                        0x08000929   Thumb Code   152  lib_usart0.o(.text.USART0_IRQHandler)
    UsageFault_Handler                       0x080009c1   Thumb Code     4  gd32f4xx_it.o(.text.UsageFault_Handler)
    fputc                                    0x080009c5   Thumb Code    22  lib_usart0.o(.text.fputc)
    gpio_af_set                              0x080009dd   Thumb Code   212  gd32f4xx_gpio.o(.text.gpio_af_set)
    gpio_mode_set                            0x08000ab1   Thumb Code   156  gd32f4xx_gpio.o(.text.gpio_mode_set)
    gpio_output_options_set                  0x08000b4d   Thumb Code   146  gd32f4xx_gpio.o(.text.gpio_output_options_set)
    lib_peripheral_init                      0x08000be1   Thumb Code    12  lib_peripheral.o(.text.lib_peripheral_init)
    lib_timer5_init                          0x08000bed   Thumb Code   108  lib_timer5.o(.text.lib_timer5_init)
    lib_timer5_on_cb                         0x08000c59   Thumb Code     2  main.o(.text.lib_timer5_on_cb)
    lib_timer_init                           0x08000c5d   Thumb Code    16  lib_timer.o(.text.lib_timer_init)
    lib_usart0_init                          0x08000c6d   Thumb Code   158  lib_usart0.o(.text.lib_usart0_init)
    lib_usart0_send_byte                     0x08000d0d   Thumb Code    50  lib_usart0.o(.text.lib_usart0_send_byte)
    lib_usart_init                           0x08000d7d   Thumb Code     8  lib_usart.o(.text.lib_usart_init)
    main                                     0x08000d85   Thumb Code    40  main.o(.text.main)
    nvic_irq_enable                          0x08000dad   Thumb Code   296  gd32f4xx_misc.o(.text.nvic_irq_enable)
    nvic_priority_group_set                  0x08000ed5   Thumb Code    28  gd32f4xx_misc.o(.text.nvic_priority_group_set)
    rcu_clock_freq_get                       0x08000f2d   Thumb Code   354  gd32f4xx_rcu.o(.text.rcu_clock_freq_get)
    rcu_periph_clock_enable                  0x08001091   Thumb Code    40  gd32f4xx_rcu.o(.text.rcu_periph_clock_enable)
    rcu_periph_reset_disable                 0x080010b9   Thumb Code    40  gd32f4xx_rcu.o(.text.rcu_periph_reset_disable)
    rcu_periph_reset_enable                  0x080010e1   Thumb Code    40  gd32f4xx_rcu.o(.text.rcu_periph_reset_enable)
    rcu_timer_clock_prescaler_config         0x08001109   Thumb Code    56  gd32f4xx_rcu.o(.text.rcu_timer_clock_prescaler_config)
    timer_deinit                             0x080012b1   Thumb Code   488  gd32f4xx_timer.o(.text.timer_deinit)
    timer_enable                             0x08001499   Thumb Code    18  gd32f4xx_timer.o(.text.timer_enable)
    timer_init                               0x080014ad   Thumb Code   256  gd32f4xx_timer.o(.text.timer_init)
    timer_interrupt_enable                   0x080015ad   Thumb Code    20  gd32f4xx_timer.o(.text.timer_interrupt_enable)
    timer_interrupt_flag_clear               0x080015c1   Thumb Code    18  gd32f4xx_timer.o(.text.timer_interrupt_flag_clear)
    timer_interrupt_flag_get                 0x080015d5   Thumb Code    58  gd32f4xx_timer.o(.text.timer_interrupt_flag_get)
    timer_struct_para_init                   0x08001611   Thumb Code    38  gd32f4xx_timer.o(.text.timer_struct_para_init)
    usart_baudrate_set                       0x08001639   Thumb Code   344  gd32f4xx_usart.o(.text.usart_baudrate_set)
    usart_data_receive                       0x08001791   Thumb Code    16  gd32f4xx_usart.o(.text.usart_data_receive)
    usart_data_transmit                      0x080017a1   Thumb Code    24  gd32f4xx_usart.o(.text.usart_data_transmit)
    usart_deinit                             0x080017b9   Thumb Code   286  gd32f4xx_usart.o(.text.usart_deinit)
    usart_enable                             0x080018d9   Thumb Code    18  gd32f4xx_usart.o(.text.usart_enable)
    usart_flag_get                           0x080018ed   Thumb Code    58  gd32f4xx_usart.o(.text.usart_flag_get)
    usart_interrupt_enable                   0x08001929   Thumb Code    36  gd32f4xx_usart.o(.text.usart_interrupt_enable)
    usart_interrupt_flag_clear               0x0800194d   Thumb Code    32  gd32f4xx_usart.o(.text.usart_interrupt_flag_clear)
    usart_interrupt_flag_get                 0x0800196d   Thumb Code    94  gd32f4xx_usart.o(.text.usart_interrupt_flag_get)
    usart_parity_config                      0x080019cd   Thumb Code    30  gd32f4xx_usart.o(.text.usart_parity_config)
    usart_receive_config                     0x080019ed   Thumb Code    42  gd32f4xx_usart.o(.text.usart_receive_config)
    usart_stop_bit_set                       0x08001a19   Thumb Code    30  gd32f4xx_usart.o(.text.usart_stop_bit_set)
    usart_transmit_config                    0x08001a39   Thumb Code    42  gd32f4xx_usart.o(.text.usart_transmit_config)
    usart_word_length_set                    0x08001a65   Thumb Code    30  gd32f4xx_usart.o(.text.usart_word_length_set)
    vTaskSwitchContext                       0x08001a85   Thumb Code   190  tasks.o(.text.vTaskSwitchContext)
    xTaskIncrementTick                       0x08001b45   Thumb Code   608  tasks.o(.text.xTaskIncrementTick)
    __0printf                                0x08001da5   Thumb Code    22  printfa.o(i.__0printf)
    __1printf                                0x08001da5   Thumb Code     0  printfa.o(i.__0printf)
    __2printf                                0x08001da5   Thumb Code     0  printfa.o(i.__0printf)
    __c89printf                              0x08001da5   Thumb Code     0  printfa.o(i.__0printf)
    printf                                   0x08001da5   Thumb Code     0  printfa.o(i.__0printf)
    __scatterload_copy                       0x08001dc5   Thumb Code    14  handlers.o(i.__scatterload_copy)
    __scatterload_null                       0x08001dd3   Thumb Code     2  handlers.o(i.__scatterload_null)
    __scatterload_zeroinit                   0x08001dd5   Thumb Code    14  handlers.o(i.__scatterload_zeroinit)
    Region$$Table$$Base                      0x080026a4   Number         0  anon$$obj.o(Region$$Table)
    Region$$Table$$Limit                     0x080026c4   Number         0  anon$$obj.o(Region$$Table)
    __stdout                                 0x20000000   Data           4  stdout.o(.data)
    SystemCoreClock                          0x20000004   Data           4  system_gd32f4xx.o(.data.SystemCoreClock)
    pxCurrentTCB                             0x20000008   Data           4  tasks.o(.bss.pxCurrentTCB)
    __initial_sp                             0x20004118   Data           0  startup_gd32f407_427.o(STACK)



==============================================================================

Memory Map of the image

  Image Entry point : 0x08000189

  Load Region LR_IROM1 (Base: 0x08000000, Size: 0x000026d0, Max: 0x00080000, ABSOLUTE)

    Execution Region ER_IROM1 (Exec base: 0x08000000, Load base: 0x08000000, Size: 0x000026c4, Max: 0x00080000, ABSOLUTE)

    Exec Addr    Load Addr    Size         Type   Attr      Idx    E Section Name        Object

    0x08000000   0x08000000   0x00000188   Data   RO         1090    RESET               startup_gd32f407_427.o
    0x08000188   0x08000188   0x00000000   Code   RO         1458  * .ARM.Collect$$$$00000000  mc_w.l(entry.o)
    0x08000188   0x08000188   0x00000004   Code   RO         1497    .ARM.Collect$$$$00000001  mc_w.l(entry2.o)
    0x0800018c   0x0800018c   0x00000004   Code   RO         1500    .ARM.Collect$$$$00000004  mc_w.l(entry5.o)
    0x08000190   0x08000190   0x00000000   Code   RO         1502    .ARM.Collect$$$$00000008  mc_w.l(entry7b.o)
    0x08000190   0x08000190   0x00000000   Code   RO         1504    .ARM.Collect$$$$0000000A  mc_w.l(entry8b.o)
    0x08000190   0x08000190   0x00000008   Code   RO         1505    .ARM.Collect$$$$0000000B  mc_w.l(entry9a.o)
    0x08000198   0x08000198   0x00000000   Code   RO         1507    .ARM.Collect$$$$0000000D  mc_w.l(entry10a.o)
    0x08000198   0x08000198   0x00000000   Code   RO         1509    .ARM.Collect$$$$0000000F  mc_w.l(entry11a.o)
    0x08000198   0x08000198   0x00000004   Code   RO         1498    .ARM.Collect$$$$00002712  mc_w.l(entry2.o)
    0x0800019c   0x0800019c   0x00000024   Code   RO         1091    .text               startup_gd32f407_427.o
    0x080001c0   0x080001c0   0x0000002c   Code   RO         1521    .text               mc_w.l(uidiv.o)
    0x080001ec   0x080001ec   0x00000062   Code   RO         1523    .text               mc_w.l(uldiv.o)
    0x0800024e   0x0800024e   0x00000000   Code   RO         1525    .text               mc_w.l(iusefp.o)
    0x0800024e   0x0800024e   0x0000014e   Code   RO         1526    .text               mf_w.l(dadd.o)
    0x0800039c   0x0800039c   0x000000e4   Code   RO         1528    .text               mf_w.l(dmul.o)
    0x08000480   0x08000480   0x000000de   Code   RO         1530    .text               mf_w.l(ddiv.o)
    0x0800055e   0x0800055e   0x00000030   Code   RO         1532    .text               mf_w.l(dfixul.o)
    0x0800058e   0x0800058e   0x00000002   PAD
    0x08000590   0x08000590   0x00000030   Code   RO         1534    .text               mf_w.l(cdrcmple.o)
    0x080005c0   0x080005c0   0x00000030   Code   RO         1536    .text               mc_w.l(init.o)
    0x080005f0   0x080005f0   0x0000001e   Code   RO         1538    .text               mc_w.l(llshl.o)
    0x0800060e   0x0800060e   0x00000020   Code   RO         1540    .text               mc_w.l(llushr.o)
    0x0800062e   0x0800062e   0x00000024   Code   RO         1542    .text               mc_w.l(llsshr.o)
    0x08000652   0x08000652   0x000000ba   Code   RO         1544    .text               mf_w.l(depilogue.o)
    0x0800070c   0x0800070c   0x00000008   Code   RO            2    .text.App_init      app.o
    0x08000714   0x08000714   0x00000002   Code   RO            4    .text.App_ui_init   app.o
    0x08000716   0x08000716   0x00000002   PAD
    0x08000718   0x08000718   0x00000004   Code   RO           19    .text.BusFault_Handler  gd32f4xx_it.o
    0x0800071c   0x0800071c   0x00000004   Code   RO           23    .text.DebugMon_Handler  gd32f4xx_it.o
    0x08000720   0x08000720   0x00000004   Code   RO           15    .text.HardFault_Handler  gd32f4xx_it.o
    0x08000724   0x08000724   0x00000004   Code   RO           17    .text.MemManage_Handler  gd32f4xx_it.o
    0x08000728   0x08000728   0x00000004   Code   RO           13    .text.NMI_Handler   gd32f4xx_it.o
    0x0800072c   0x0800072c   0x00000004   PAD
    0x08000730   0x08000730   0x00000064   Code   RO         1155    .text.PendSV_Handler  port.o
    0x08000794   0x08000794   0x0000000c   PAD
    0x080007a0   0x080007a0   0x00000024   Code   RO         1139    .text.SVC_Handler   port.o
    0x080007c4   0x080007c4   0x0000003c   Code   RO         1157    .text.SysTick_Handler  port.o
    0x08000800   0x08000800   0x000000fa   Code   RO         1098    .text.SystemInit    system_gd32f4xx.o
    0x080008fa   0x080008fa   0x00000002   PAD
    0x080008fc   0x080008fc   0x0000002c   Code   RO           83    .text.TIMER5_DAC_IRQHandler  lib_timer5.o
    0x08000928   0x08000928   0x00000098   Code   RO          112    .text.USART0_IRQHandler  lib_usart0.o
    0x080009c0   0x080009c0   0x00000004   Code   RO           21    .text.UsageFault_Handler  gd32f4xx_it.o
    0x080009c4   0x080009c4   0x00000016   Code   RO          110    .text.fputc         lib_usart0.o
    0x080009da   0x080009da   0x00000002   PAD
    0x080009dc   0x080009dc   0x000000d4   Code   RO          348    .text.gpio_af_set   gd32f4xx_gpio.o
    0x08000ab0   0x08000ab0   0x0000009c   Code   RO          328    .text.gpio_mode_set  gd32f4xx_gpio.o
    0x08000b4c   0x08000b4c   0x00000092   Code   RO          330    .text.gpio_output_options_set  gd32f4xx_gpio.o
    0x08000bde   0x08000bde   0x00000002   PAD
    0x08000be0   0x08000be0   0x0000000c   Code   RO           65    .text.lib_peripheral_init  lib_peripheral.o
    0x08000bec   0x08000bec   0x0000006c   Code   RO           81    .text.lib_timer5_init  lib_timer5.o
    0x08000c58   0x08000c58   0x00000002   Code   RO           32    .text.lib_timer5_on_cb  main.o
    0x08000c5a   0x08000c5a   0x00000002   PAD
    0x08000c5c   0x08000c5c   0x00000010   Code   RO           73    .text.lib_timer_init  lib_timer.o
    0x08000c6c   0x08000c6c   0x0000009e   Code   RO          100    .text.lib_usart0_init  lib_usart0.o
    0x08000d0a   0x08000d0a   0x00000002   PAD
    0x08000d0c   0x08000d0c   0x00000032   Code   RO          104    .text.lib_usart0_send_byte  lib_usart0.o
    0x08000d3e   0x08000d3e   0x00000002   PAD
    0x08000d40   0x08000d40   0x0000003c   Code   RO          102    .text.lib_usart_gpio_init  lib_usart0.o
    0x08000d7c   0x08000d7c   0x00000008   Code   RO           92    .text.lib_usart_init  lib_usart.o
    0x08000d84   0x08000d84   0x00000028   Code   RO           34    .text.main          main.o
    0x08000dac   0x08000dac   0x00000128   Code   RO          448    .text.nvic_irq_enable  gd32f4xx_misc.o
    0x08000ed4   0x08000ed4   0x0000001c   Code   RO          446    .text.nvic_priority_group_set  gd32f4xx_misc.o
    0x08000ef0   0x08000ef0   0x0000003c   Code   RO         1301    .text.prvResetNextTaskUnblockTime  tasks.o
    0x08000f2c   0x08000f2c   0x00000162   Code   RO          599    .text.rcu_clock_freq_get  gd32f4xx_rcu.o
    0x0800108e   0x0800108e   0x00000002   PAD
    0x08001090   0x08001090   0x00000028   Code   RO          521    .text.rcu_periph_clock_enable  gd32f4xx_rcu.o
    0x080010b8   0x080010b8   0x00000028   Code   RO          531    .text.rcu_periph_reset_disable  gd32f4xx_rcu.o
    0x080010e0   0x080010e0   0x00000028   Code   RO          529    .text.rcu_periph_reset_enable  gd32f4xx_rcu.o
    0x08001108   0x08001108   0x00000038   Code   RO          567    .text.rcu_timer_clock_prescaler_config  gd32f4xx_rcu.o
    0x08001140   0x08001140   0x00000168   Code   RO         1106    .text.system_clock_168m_8m_hxtal  system_gd32f4xx.o
    0x080012a8   0x080012a8   0x00000008   Code   RO         1100    .text.system_clock_config  system_gd32f4xx.o
    0x080012b0   0x080012b0   0x000001e8   Code   RO          821    .text.timer_deinit  gd32f4xx_timer.o
    0x08001498   0x08001498   0x00000012   Code   RO          827    .text.timer_enable  gd32f4xx_timer.o
    0x080014aa   0x080014aa   0x00000002   PAD
    0x080014ac   0x080014ac   0x00000100   Code   RO          825    .text.timer_init    gd32f4xx_timer.o
    0x080015ac   0x080015ac   0x00000014   Code   RO          957    .text.timer_interrupt_enable  gd32f4xx_timer.o
    0x080015c0   0x080015c0   0x00000012   Code   RO          963    .text.timer_interrupt_flag_clear  gd32f4xx_timer.o
    0x080015d2   0x080015d2   0x00000002   PAD
    0x080015d4   0x080015d4   0x0000003a   Code   RO          961    .text.timer_interrupt_flag_get  gd32f4xx_timer.o
    0x0800160e   0x0800160e   0x00000002   PAD
    0x08001610   0x08001610   0x00000026   Code   RO          823    .text.timer_struct_para_init  gd32f4xx_timer.o
    0x08001636   0x08001636   0x00000002   PAD
    0x08001638   0x08001638   0x00000158   Code   RO          974    .text.usart_baudrate_set  gd32f4xx_usart.o
    0x08001790   0x08001790   0x00000010   Code   RO         1006    .text.usart_data_receive  gd32f4xx_usart.o
    0x080017a0   0x080017a0   0x00000018   Code   RO         1004    .text.usart_data_transmit  gd32f4xx_usart.o
    0x080017b8   0x080017b8   0x0000011e   Code   RO          972    .text.usart_deinit  gd32f4xx_usart.o
    0x080018d6   0x080018d6   0x00000002   PAD
    0x080018d8   0x080018d8   0x00000012   Code   RO          982    .text.usart_enable  gd32f4xx_usart.o
    0x080018ea   0x080018ea   0x00000002   PAD
    0x080018ec   0x080018ec   0x0000003a   Code   RO         1070    .text.usart_flag_get  gd32f4xx_usart.o
    0x08001926   0x08001926   0x00000002   PAD
    0x08001928   0x08001928   0x00000024   Code   RO         1074    .text.usart_interrupt_enable  gd32f4xx_usart.o
    0x0800194c   0x0800194c   0x00000020   Code   RO         1080    .text.usart_interrupt_flag_clear  gd32f4xx_usart.o
    0x0800196c   0x0800196c   0x0000005e   Code   RO         1078    .text.usart_interrupt_flag_get  gd32f4xx_usart.o
    0x080019ca   0x080019ca   0x00000002   PAD
    0x080019cc   0x080019cc   0x0000001e   Code   RO          976    .text.usart_parity_config  gd32f4xx_usart.o
    0x080019ea   0x080019ea   0x00000002   PAD
    0x080019ec   0x080019ec   0x0000002a   Code   RO          988    .text.usart_receive_config  gd32f4xx_usart.o
    0x08001a16   0x08001a16   0x00000002   PAD
    0x08001a18   0x08001a18   0x0000001e   Code   RO          980    .text.usart_stop_bit_set  gd32f4xx_usart.o
    0x08001a36   0x08001a36   0x00000002   PAD
    0x08001a38   0x08001a38   0x0000002a   Code   RO          986    .text.usart_transmit_config  gd32f4xx_usart.o
    0x08001a62   0x08001a62   0x00000002   PAD
    0x08001a64   0x08001a64   0x0000001e   Code   RO          978    .text.usart_word_length_set  gd32f4xx_usart.o
    0x08001a82   0x08001a82   0x00000002   PAD
    0x08001a84   0x08001a84   0x000000be   Code   RO         1325    .text.vTaskSwitchContext  tasks.o
    0x08001b42   0x08001b42   0x00000002   PAD
    0x08001b44   0x08001b44   0x00000260   Code   RO         1339    .text.xTaskIncrementTick  tasks.o
    0x08001da4   0x08001da4   0x00000020   Code   RO         1470    i.__0printf         mc_w.l(printfa.o)
    0x08001dc4   0x08001dc4   0x0000000e   Code   RO         1548    i.__scatterload_copy  mc_w.l(handlers.o)
    0x08001dd2   0x08001dd2   0x00000002   Code   RO         1549    i.__scatterload_null  mc_w.l(handlers.o)
    0x08001dd4   0x08001dd4   0x0000000e   Code   RO         1550    i.__scatterload_zeroinit  mc_w.l(handlers.o)
    0x08001de2   0x08001de2   0x00000002   PAD
    0x08001de4   0x08001de4   0x00000184   Code   RO         1477    i._fp_digits        mc_w.l(printfa.o)
    0x08001f68   0x08001f68   0x000006dc   Code   RO         1478    i._printf_core      mc_w.l(printfa.o)
    0x08002644   0x08002644   0x00000024   Code   RO         1479    i._printf_post_padding  mc_w.l(printfa.o)
    0x08002668   0x08002668   0x0000002e   Code   RO         1480    i._printf_pre_padding  mc_w.l(printfa.o)
    0x08002696   0x08002696   0x0000000c   Data   RO           36    .rodata.str1.1      main.o
    0x080026a2   0x080026a2   0x00000002   PAD
    0x080026a4   0x080026a4   0x00000020   Data   RO         1547    Region$$Table       anon$$obj.o


    Execution Region RW_IRAM1 (Exec base: 0x20000000, Load base: 0x080026c8, Size: 0x00004118, Max: 0x00030000, ABSOLUTE)

    Exec Addr    Load Addr    Size         Type   Attr      Idx    E Section Name        Object

    0x20000000   0x080026c8   0x00000004   Data   RW         1511    .data               mc_w.l(stdout.o)
    0x20000004   0x080026cc   0x00000004   Data   RW         1108    .data.SystemCoreClock  system_gd32f4xx.o
    0x20000008        -       0x00000004   Zero   RW         1429    .bss.pxCurrentTCB   tasks.o
    0x2000000c        -       0x00000004   Zero   RW         1440    .bss.pxDelayedTaskList  tasks.o
    0x20000010        -       0x00000004   Zero   RW         1441    .bss.pxOverflowDelayedTaskList  tasks.o
    0x20000014        -       0x00000064   Zero   RW         1431    .bss.pxReadyTasksLists  tasks.o
    0x20000078        -       0x00000080   Zero   RW          114    .bss.recv_buff      lib_usart0.o
    0x200000f8        -       0x00000002   Zero   RW          115    .bss.recv_cnt       lib_usart0.o
    0x200000fa   0x080026d0   0x00000002   PAD
    0x200000fc        -       0x00000004   Zero   RW         1438    .bss.uxSchedulerSuspended  tasks.o
    0x20000100        -       0x00000004   Zero   RW         1432    .bss.uxTopReadyPriority  tasks.o
    0x20000104        -       0x00000004   Zero   RW         1447    .bss.xNextTaskUnblockTime  tasks.o
    0x20000108        -       0x00000004   Zero   RW         1449    .bss.xNumOfOverflows  tasks.o
    0x2000010c        -       0x00000004   Zero   RW         1448    .bss.xPendedTicks   tasks.o
    0x20000110        -       0x00000004   Zero   RW         1439    .bss.xTickCount     tasks.o
    0x20000114        -       0x00000004   Zero   RW         1443    .bss.xYieldPending  tasks.o
    0x20000118        -       0x00004000   Zero   RW         1088    STACK               startup_gd32f407_427.o


==============================================================================

Image component sizes


      Code (inc. data)   RO Data    RW Data    ZI Data      Debug   Object Name

        10          0          0          0          0        435   app.o
       514          0          0          0          0       4963   gd32f4xx_gpio.o
        24          0          0          0          0        764   gd32f4xx_it.o
       324          0          0          0          0       3014   gd32f4xx_misc.o
       530          4          0          0          0      15050   gd32f4xx_rcu.o
       896          0          0          0          0      17298   gd32f4xx_timer.o
      1082          0          0          0          0      11945   gd32f4xx_usart.o
        12          0          0          0          0        396   lib_peripheral.o
        16          0          0          0          0        510   lib_timer.o
       152          0          0          0          0       4436   lib_timer5.o
         8          0          0          0          0        392   lib_usart.o
       442          0          0          0        130       6541   lib_usart0.o
        42          0         12          0          0        703   main.o
       196          8          0          0          0       4872   port.o
        36          8        392          0      16384        884   startup_gd32f407_427.o
       618          0          0          4          0       2608   system_gd32f4xx.o
       858          0          0          0        140      26926   tasks.o

    ----------------------------------------------------------------------
      5820         32        438          4      16656     101737   Object Totals
         0          0         32          0          0          0   (incl. Generated)
        60         12          2          0          2          0   (incl. Padding)

    ----------------------------------------------------------------------

      Code (inc. data)   RO Data    RW Data    ZI Data      Debug   Library Member Name

         0          0          0          0          0          0   entry.o
         0          0          0          0          0          0   entry10a.o
         0          0          0          0          0          0   entry11a.o
         8          4          0          0          0          0   entry2.o
         4          0          0          0          0          0   entry5.o
         0          0          0          0          0          0   entry7b.o
         0          0          0          0          0          0   entry8b.o
         8          4          0          0          0          0   entry9a.o
        30          0          0          0          0          0   handlers.o
        48         10          0          0          0         68   init.o
         0          0          0          0          0          0   iusefp.o
        30          0          0          0          0         68   llshl.o
        36          0          0          0          0         68   llsshr.o
        32          0          0          0          0         68   llushr.o
      2258         90          0          0          0        452   printfa.o
         0          0          0          4          0          0   stdout.o
        44          0          0          0          0         80   uidiv.o
        98          0          0          0          0         92   uldiv.o
        48          0          0          0          0         68   cdrcmple.o
       334          0          0          0          0        148   dadd.o
       222          0          0          0          0        100   ddiv.o
       186          0          0          0          0        176   depilogue.o
        48          0          0          0          0         68   dfixul.o
       228          0          0          0          0         96   dmul.o

    ----------------------------------------------------------------------
      3666        108          0          4          0       1552   Library Totals
         4          0          0          0          0          0   (incl. Padding)

    ----------------------------------------------------------------------

      Code (inc. data)   RO Data    RW Data    ZI Data      Debug   Library Name

      2596        108          0          4          0        896   mc_w.l
      1066          0          0          0          0        656   mf_w.l

    ----------------------------------------------------------------------
      3666        108          0          4          0       1552   Library Totals

    ----------------------------------------------------------------------

==============================================================================


      Code (inc. data)   RO Data    RW Data    ZI Data      Debug   

      9486        140        438          8      16656     102413   Grand Totals
      9486        140        438          8      16656     102413   ELF Image Totals
      9486        140        438          8          0          0   ROM Totals

==============================================================================

    Total RO  Size (Code + RO Data)                 9924 (   9.69kB)
    Total RW  Size (RW Data + ZI Data)             16664 (  16.27kB)
    Total ROM Size (Code + RO Data + RW Data)       9932 (   9.70kB)

==============================================================================

