<!doctype html public "-//w3c//dtd html 4.0 transitional//en">
<html><head>
<title>Static Call Graph - [.\Objects\GD32F407RTE.axf]</title></head>
<body><HR>
<H1>Static Call Graph for image .\Objects\GD32F407RTE.axf</H1><HR>
<BR><P>#&#060CALLGRAPH&#062# ARM Linker, 6230001: Last Updated: Sun Nov 30 20:03:08 2025
<BR><P>
<H3>Maximum Stack Usage =        256 bytes + Unknown(Cycles, Untraceable Function Pointers)</H3><H3>
Call chain for Maximum Stack Depth:</H3>
main &rArr; vTaskStartScheduler &rArr; xTaskCreate &rArr; pvPortMalloc &rArr; xTaskResumeAll &rArr; xTaskIncrementTick
<P>
<H3>
Mutually Recursive functions
</H3> <LI><a href="#[1c]">ADC_IRQHandler</a>&nbsp;&nbsp;&nbsp;&rArr;&nbsp;&nbsp;&nbsp;<a href="#[1c]">ADC_IRQHandler</a><BR>
</UL>
<P>
<H3>
Function Pointers
</H3><UL>
 <LI><a href="#[1c]">ADC_IRQHandler</a> from startup_gd32f407_427.o(.text) referenced from startup_gd32f407_427.o(RESET)
 <LI><a href="#[4]">BusFault_Handler</a> from gd32f4xx_it.o(.text.BusFault_Handler) referenced from startup_gd32f407_427.o(RESET)
 <LI><a href="#[20]">CAN0_EWMC_IRQHandler</a> from startup_gd32f407_427.o(.text) referenced from startup_gd32f407_427.o(RESET)
 <LI><a href="#[1e]">CAN0_RX0_IRQHandler</a> from startup_gd32f407_427.o(.text) referenced from startup_gd32f407_427.o(RESET)
 <LI><a href="#[1f]">CAN0_RX1_IRQHandler</a> from startup_gd32f407_427.o(.text) referenced from startup_gd32f407_427.o(RESET)
 <LI><a href="#[1d]">CAN0_TX_IRQHandler</a> from startup_gd32f407_427.o(.text) referenced from startup_gd32f407_427.o(RESET)
 <LI><a href="#[4c]">CAN1_EWMC_IRQHandler</a> from startup_gd32f407_427.o(.text) referenced from startup_gd32f407_427.o(RESET)
 <LI><a href="#[4a]">CAN1_RX0_IRQHandler</a> from startup_gd32f407_427.o(.text) referenced from startup_gd32f407_427.o(RESET)
 <LI><a href="#[4b]">CAN1_RX1_IRQHandler</a> from startup_gd32f407_427.o(.text) referenced from startup_gd32f407_427.o(RESET)
 <LI><a href="#[49]">CAN1_TX_IRQHandler</a> from startup_gd32f407_427.o(.text) referenced from startup_gd32f407_427.o(RESET)
 <LI><a href="#[58]">DCI_IRQHandler</a> from startup_gd32f407_427.o(.text) referenced from startup_gd32f407_427.o(RESET)
 <LI><a href="#[15]">DMA0_Channel0_IRQHandler</a> from startup_gd32f407_427.o(.text) referenced from startup_gd32f407_427.o(RESET)
 <LI><a href="#[16]">DMA0_Channel1_IRQHandler</a> from startup_gd32f407_427.o(.text) referenced from startup_gd32f407_427.o(RESET)
 <LI><a href="#[17]">DMA0_Channel2_IRQHandler</a> from startup_gd32f407_427.o(.text) referenced from startup_gd32f407_427.o(RESET)
 <LI><a href="#[18]">DMA0_Channel3_IRQHandler</a> from startup_gd32f407_427.o(.text) referenced from startup_gd32f407_427.o(RESET)
 <LI><a href="#[19]">DMA0_Channel4_IRQHandler</a> from startup_gd32f407_427.o(.text) referenced from startup_gd32f407_427.o(RESET)
 <LI><a href="#[1a]">DMA0_Channel5_IRQHandler</a> from startup_gd32f407_427.o(.text) referenced from startup_gd32f407_427.o(RESET)
 <LI><a href="#[1b]">DMA0_Channel6_IRQHandler</a> from startup_gd32f407_427.o(.text) referenced from startup_gd32f407_427.o(RESET)
 <LI><a href="#[39]">DMA0_Channel7_IRQHandler</a> from startup_gd32f407_427.o(.text) referenced from startup_gd32f407_427.o(RESET)
 <LI><a href="#[42]">DMA1_Channel0_IRQHandler</a> from startup_gd32f407_427.o(.text) referenced from startup_gd32f407_427.o(RESET)
 <LI><a href="#[43]">DMA1_Channel1_IRQHandler</a> from startup_gd32f407_427.o(.text) referenced from startup_gd32f407_427.o(RESET)
 <LI><a href="#[44]">DMA1_Channel2_IRQHandler</a> from startup_gd32f407_427.o(.text) referenced from startup_gd32f407_427.o(RESET)
 <LI><a href="#[45]">DMA1_Channel3_IRQHandler</a> from startup_gd32f407_427.o(.text) referenced from startup_gd32f407_427.o(RESET)
 <LI><a href="#[46]">DMA1_Channel4_IRQHandler</a> from startup_gd32f407_427.o(.text) referenced from startup_gd32f407_427.o(RESET)
 <LI><a href="#[4e]">DMA1_Channel5_IRQHandler</a> from startup_gd32f407_427.o(.text) referenced from startup_gd32f407_427.o(RESET)
 <LI><a href="#[4f]">DMA1_Channel6_IRQHandler</a> from startup_gd32f407_427.o(.text) referenced from startup_gd32f407_427.o(RESET)
 <LI><a href="#[50]">DMA1_Channel7_IRQHandler</a> from startup_gd32f407_427.o(.text) referenced from startup_gd32f407_427.o(RESET)
 <LI><a href="#[7]">DebugMon_Handler</a> from gd32f4xx_it.o(.text.DebugMon_Handler) referenced from startup_gd32f407_427.o(RESET)
 <LI><a href="#[47]">ENET_IRQHandler</a> from startup_gd32f407_427.o(.text) referenced from startup_gd32f407_427.o(RESET)
 <LI><a href="#[48]">ENET_WKUP_IRQHandler</a> from startup_gd32f407_427.o(.text) referenced from startup_gd32f407_427.o(RESET)
 <LI><a href="#[3a]">EXMC_IRQHandler</a> from startup_gd32f407_427.o(.text) referenced from startup_gd32f407_427.o(RESET)
 <LI><a href="#[10]">EXTI0_IRQHandler</a> from startup_gd32f407_427.o(.text) referenced from startup_gd32f407_427.o(RESET)
 <LI><a href="#[32]">EXTI10_15_IRQHandler</a> from startup_gd32f407_427.o(.text) referenced from startup_gd32f407_427.o(RESET)
 <LI><a href="#[11]">EXTI1_IRQHandler</a> from startup_gd32f407_427.o(.text) referenced from startup_gd32f407_427.o(RESET)
 <LI><a href="#[12]">EXTI2_IRQHandler</a> from startup_gd32f407_427.o(.text) referenced from startup_gd32f407_427.o(RESET)
 <LI><a href="#[13]">EXTI3_IRQHandler</a> from startup_gd32f407_427.o(.text) referenced from startup_gd32f407_427.o(RESET)
 <LI><a href="#[14]">EXTI4_IRQHandler</a> from startup_gd32f407_427.o(.text) referenced from startup_gd32f407_427.o(RESET)
 <LI><a href="#[21]">EXTI5_9_IRQHandler</a> from startup_gd32f407_427.o(.text) referenced from startup_gd32f407_427.o(RESET)
 <LI><a href="#[e]">FMC_IRQHandler</a> from startup_gd32f407_427.o(.text) referenced from startup_gd32f407_427.o(RESET)
 <LI><a href="#[5a]">FPU_IRQHandler</a> from startup_gd32f407_427.o(.text) referenced from startup_gd32f407_427.o(RESET)
 <LI><a href="#[2]">HardFault_Handler</a> from gd32f4xx_it.o(.text.HardFault_Handler) referenced from startup_gd32f407_427.o(RESET)
 <LI><a href="#[2a]">I2C0_ER_IRQHandler</a> from startup_gd32f407_427.o(.text) referenced from startup_gd32f407_427.o(RESET)
 <LI><a href="#[29]">I2C0_EV_IRQHandler</a> from startup_gd32f407_427.o(.text) referenced from startup_gd32f407_427.o(RESET)
 <LI><a href="#[2c]">I2C1_ER_IRQHandler</a> from startup_gd32f407_427.o(.text) referenced from startup_gd32f407_427.o(RESET)
 <LI><a href="#[2b]">I2C1_EV_IRQHandler</a> from startup_gd32f407_427.o(.text) referenced from startup_gd32f407_427.o(RESET)
 <LI><a href="#[53]">I2C2_ER_IRQHandler</a> from startup_gd32f407_427.o(.text) referenced from startup_gd32f407_427.o(RESET)
 <LI><a href="#[52]">I2C2_EV_IRQHandler</a> from startup_gd32f407_427.o(.text) referenced from startup_gd32f407_427.o(RESET)
 <LI><a href="#[b]">LVD_IRQHandler</a> from startup_gd32f407_427.o(.text) referenced from startup_gd32f407_427.o(RESET)
 <LI><a href="#[3]">MemManage_Handler</a> from gd32f4xx_it.o(.text.MemManage_Handler) referenced from startup_gd32f407_427.o(RESET)
 <LI><a href="#[1]">NMI_Handler</a> from gd32f4xx_it.o(.text.NMI_Handler) referenced from startup_gd32f407_427.o(RESET)
 <LI><a href="#[8]">PendSV_Handler</a> from port.o(.text.PendSV_Handler) referenced from startup_gd32f407_427.o(RESET)
 <LI><a href="#[f]">RCU_CTC_IRQHandler</a> from startup_gd32f407_427.o(.text) referenced from startup_gd32f407_427.o(RESET)
 <LI><a href="#[33]">RTC_Alarm_IRQHandler</a> from startup_gd32f407_427.o(.text) referenced from startup_gd32f407_427.o(RESET)
 <LI><a href="#[d]">RTC_WKUP_IRQHandler</a> from startup_gd32f407_427.o(.text) referenced from startup_gd32f407_427.o(RESET)
 <LI><a href="#[0]">Reset_Handler</a> from startup_gd32f407_427.o(.text) referenced from startup_gd32f407_427.o(RESET)
 <LI><a href="#[3b]">SDIO_IRQHandler</a> from startup_gd32f407_427.o(.text) referenced from startup_gd32f407_427.o(RESET)
 <LI><a href="#[2d]">SPI0_IRQHandler</a> from startup_gd32f407_427.o(.text) referenced from startup_gd32f407_427.o(RESET)
 <LI><a href="#[2e]">SPI1_IRQHandler</a> from startup_gd32f407_427.o(.text) referenced from startup_gd32f407_427.o(RESET)
 <LI><a href="#[3d]">SPI2_IRQHandler</a> from startup_gd32f407_427.o(.text) referenced from startup_gd32f407_427.o(RESET)
 <LI><a href="#[6]">SVC_Handler</a> from port.o(.text.SVC_Handler) referenced from startup_gd32f407_427.o(RESET)
 <LI><a href="#[9]">SysTick_Handler</a> from port.o(.text.SysTick_Handler) referenced from startup_gd32f407_427.o(RESET)
 <LI><a href="#[5c]">SystemInit</a> from system_gd32f4xx.o(.text.SystemInit) referenced from startup_gd32f407_427.o(.text)
 <LI><a href="#[c]">TAMPER_STAMP_IRQHandler</a> from startup_gd32f407_427.o(.text) referenced from startup_gd32f407_427.o(RESET)
 <LI><a href="#[22]">TIMER0_BRK_TIMER8_IRQHandler</a> from startup_gd32f407_427.o(.text) referenced from startup_gd32f407_427.o(RESET)
 <LI><a href="#[25]">TIMER0_Channel_IRQHandler</a> from startup_gd32f407_427.o(.text) referenced from startup_gd32f407_427.o(RESET)
 <LI><a href="#[24]">TIMER0_TRG_CMT_TIMER10_IRQHandler</a> from startup_gd32f407_427.o(.text) referenced from startup_gd32f407_427.o(RESET)
 <LI><a href="#[23]">TIMER0_UP_TIMER9_IRQHandler</a> from startup_gd32f407_427.o(.text) referenced from startup_gd32f407_427.o(RESET)
 <LI><a href="#[26]">TIMER1_IRQHandler</a> from startup_gd32f407_427.o(.text) referenced from startup_gd32f407_427.o(RESET)
 <LI><a href="#[27]">TIMER2_IRQHandler</a> from startup_gd32f407_427.o(.text) referenced from startup_gd32f407_427.o(RESET)
 <LI><a href="#[28]">TIMER3_IRQHandler</a> from startup_gd32f407_427.o(.text) referenced from startup_gd32f407_427.o(RESET)
 <LI><a href="#[3c]">TIMER4_IRQHandler</a> from startup_gd32f407_427.o(.text) referenced from startup_gd32f407_427.o(RESET)
 <LI><a href="#[40]">TIMER5_DAC_IRQHandler</a> from lib_timer5.o(.text.TIMER5_DAC_IRQHandler) referenced from startup_gd32f407_427.o(RESET)
 <LI><a href="#[41]">TIMER6_IRQHandler</a> from startup_gd32f407_427.o(.text) referenced from startup_gd32f407_427.o(RESET)
 <LI><a href="#[35]">TIMER7_BRK_TIMER11_IRQHandler</a> from startup_gd32f407_427.o(.text) referenced from startup_gd32f407_427.o(RESET)
 <LI><a href="#[38]">TIMER7_Channel_IRQHandler</a> from startup_gd32f407_427.o(.text) referenced from startup_gd32f407_427.o(RESET)
 <LI><a href="#[37]">TIMER7_TRG_CMT_TIMER13_IRQHandler</a> from startup_gd32f407_427.o(.text) referenced from startup_gd32f407_427.o(RESET)
 <LI><a href="#[36]">TIMER7_UP_TIMER12_IRQHandler</a> from startup_gd32f407_427.o(.text) referenced from startup_gd32f407_427.o(RESET)
 <LI><a href="#[59]">TRNG_IRQHandler</a> from startup_gd32f407_427.o(.text) referenced from startup_gd32f407_427.o(RESET)
 <LI><a href="#[5e]">Task1</a> from main.o(.text.Task1) referenced 2 times from main.o(.text.main)
 <LI><a href="#[3e]">UART3_IRQHandler</a> from startup_gd32f407_427.o(.text) referenced from startup_gd32f407_427.o(RESET)
 <LI><a href="#[3f]">UART4_IRQHandler</a> from startup_gd32f407_427.o(.text) referenced from startup_gd32f407_427.o(RESET)
 <LI><a href="#[2f]">USART0_IRQHandler</a> from lib_usart0.o(.text.USART0_IRQHandler) referenced from startup_gd32f407_427.o(RESET)
 <LI><a href="#[30]">USART1_IRQHandler</a> from startup_gd32f407_427.o(.text) referenced from startup_gd32f407_427.o(RESET)
 <LI><a href="#[31]">USART2_IRQHandler</a> from startup_gd32f407_427.o(.text) referenced from startup_gd32f407_427.o(RESET)
 <LI><a href="#[51]">USART5_IRQHandler</a> from startup_gd32f407_427.o(.text) referenced from startup_gd32f407_427.o(RESET)
 <LI><a href="#[4d]">USBFS_IRQHandler</a> from startup_gd32f407_427.o(.text) referenced from startup_gd32f407_427.o(RESET)
 <LI><a href="#[34]">USBFS_WKUP_IRQHandler</a> from startup_gd32f407_427.o(.text) referenced from startup_gd32f407_427.o(RESET)
 <LI><a href="#[55]">USBHS_EP1_In_IRQHandler</a> from startup_gd32f407_427.o(.text) referenced from startup_gd32f407_427.o(RESET)
 <LI><a href="#[54]">USBHS_EP1_Out_IRQHandler</a> from startup_gd32f407_427.o(.text) referenced from startup_gd32f407_427.o(RESET)
 <LI><a href="#[57]">USBHS_IRQHandler</a> from startup_gd32f407_427.o(.text) referenced from startup_gd32f407_427.o(RESET)
 <LI><a href="#[56]">USBHS_WKUP_IRQHandler</a> from startup_gd32f407_427.o(.text) referenced from startup_gd32f407_427.o(RESET)
 <LI><a href="#[5]">UsageFault_Handler</a> from gd32f4xx_it.o(.text.UsageFault_Handler) referenced from startup_gd32f407_427.o(RESET)
 <LI><a href="#[a]">WWDGT_IRQHandler</a> from startup_gd32f407_427.o(.text) referenced from startup_gd32f407_427.o(RESET)
 <LI><a href="#[5d]">__main</a> from entry.o(.ARM.Collect$$$$00000000) referenced from startup_gd32f407_427.o(.text)
 <LI><a href="#[61]">fputc</a> from lib_usart0.o(.text.fputc) referenced from printfa.o(i.__0printf)
 <LI><a href="#[5b]">main</a> from main.o(.text.main) referenced from entry9a.o(.ARM.Collect$$$$0000000B)
 <LI><a href="#[60]">prvIdleTask</a> from tasks.o(.text.prvIdleTask) referenced 2 times from tasks.o(.text.vTaskStartScheduler)
 <LI><a href="#[5f]">prvTaskExitError</a> from port.o(.text.prvTaskExitError) referenced 2 times from port.o(.text.pxPortInitialiseStack)
</UL>
<P>
<H3>
Global Symbols
</H3>
<P><STRONG><a name="[5d]"></a>__main</STRONG> (Thumb, 0 bytes, Stack size unknown bytes, entry.o(.ARM.Collect$$$$00000000))
<BR>[Address Reference Count : 1]<UL><LI> startup_gd32f407_427.o(.text)
</UL>
<P><STRONG><a name="[ca]"></a>_main_stk</STRONG> (Thumb, 0 bytes, Stack size unknown bytes, entry2.o(.ARM.Collect$$$$00000001))

<P><STRONG><a name="[63]"></a>_main_scatterload</STRONG> (Thumb, 0 bytes, Stack size unknown bytes, entry5.o(.ARM.Collect$$$$00000004))
<BR><BR>[Calls]<UL><LI><a href="#[64]">&gt;&gt;</a>&nbsp;&nbsp;&nbsp;__scatterload
</UL>

<P><STRONG><a name="[74]"></a>__main_after_scatterload</STRONG> (Thumb, 0 bytes, Stack size unknown bytes, entry5.o(.ARM.Collect$$$$00000004))
<BR><BR>[Called By]<UL><LI><a href="#[64]">&gt;&gt;</a>&nbsp;&nbsp;&nbsp;__scatterload
</UL>

<P><STRONG><a name="[cb]"></a>_main_clock</STRONG> (Thumb, 0 bytes, Stack size unknown bytes, entry7b.o(.ARM.Collect$$$$00000008))

<P><STRONG><a name="[cc]"></a>_main_cpp_init</STRONG> (Thumb, 0 bytes, Stack size unknown bytes, entry8b.o(.ARM.Collect$$$$0000000A))

<P><STRONG><a name="[cd]"></a>_main_init</STRONG> (Thumb, 0 bytes, Stack size unknown bytes, entry9a.o(.ARM.Collect$$$$0000000B))

<P><STRONG><a name="[ce]"></a>__rt_final_cpp</STRONG> (Thumb, 0 bytes, Stack size unknown bytes, entry10a.o(.ARM.Collect$$$$0000000D))

<P><STRONG><a name="[cf]"></a>__rt_final_exit</STRONG> (Thumb, 0 bytes, Stack size unknown bytes, entry11a.o(.ARM.Collect$$$$0000000F))

<P><STRONG><a name="[0]"></a>Reset_Handler</STRONG> (Thumb, 8 bytes, Stack size 0 bytes, startup_gd32f407_427.o(.text))
<BR>[Address Reference Count : 1]<UL><LI> startup_gd32f407_427.o(RESET)
</UL>
<P><STRONG><a name="[1c]"></a>ADC_IRQHandler</STRONG> (Thumb, 0 bytes, Stack size 0 bytes, startup_gd32f407_427.o(.text))
<BR><BR>[Calls]<UL><LI><a href="#[1c]">&gt;&gt;</a>&nbsp;&nbsp;&nbsp;ADC_IRQHandler
</UL>
<BR>[Called By]<UL><LI><a href="#[1c]">&gt;&gt;</a>&nbsp;&nbsp;&nbsp;ADC_IRQHandler
</UL>
<BR>[Address Reference Count : 1]<UL><LI> startup_gd32f407_427.o(RESET)
</UL>
<P><STRONG><a name="[20]"></a>CAN0_EWMC_IRQHandler</STRONG> (Thumb, 0 bytes, Stack size 0 bytes, startup_gd32f407_427.o(.text))
<BR>[Address Reference Count : 1]<UL><LI> startup_gd32f407_427.o(RESET)
</UL>
<P><STRONG><a name="[1e]"></a>CAN0_RX0_IRQHandler</STRONG> (Thumb, 0 bytes, Stack size 0 bytes, startup_gd32f407_427.o(.text))
<BR>[Address Reference Count : 1]<UL><LI> startup_gd32f407_427.o(RESET)
</UL>
<P><STRONG><a name="[1f]"></a>CAN0_RX1_IRQHandler</STRONG> (Thumb, 0 bytes, Stack size 0 bytes, startup_gd32f407_427.o(.text))
<BR>[Address Reference Count : 1]<UL><LI> startup_gd32f407_427.o(RESET)
</UL>
<P><STRONG><a name="[1d]"></a>CAN0_TX_IRQHandler</STRONG> (Thumb, 0 bytes, Stack size 0 bytes, startup_gd32f407_427.o(.text))
<BR>[Address Reference Count : 1]<UL><LI> startup_gd32f407_427.o(RESET)
</UL>
<P><STRONG><a name="[4c]"></a>CAN1_EWMC_IRQHandler</STRONG> (Thumb, 0 bytes, Stack size 0 bytes, startup_gd32f407_427.o(.text))
<BR>[Address Reference Count : 1]<UL><LI> startup_gd32f407_427.o(RESET)
</UL>
<P><STRONG><a name="[4a]"></a>CAN1_RX0_IRQHandler</STRONG> (Thumb, 0 bytes, Stack size 0 bytes, startup_gd32f407_427.o(.text))
<BR>[Address Reference Count : 1]<UL><LI> startup_gd32f407_427.o(RESET)
</UL>
<P><STRONG><a name="[4b]"></a>CAN1_RX1_IRQHandler</STRONG> (Thumb, 0 bytes, Stack size 0 bytes, startup_gd32f407_427.o(.text))
<BR>[Address Reference Count : 1]<UL><LI> startup_gd32f407_427.o(RESET)
</UL>
<P><STRONG><a name="[49]"></a>CAN1_TX_IRQHandler</STRONG> (Thumb, 0 bytes, Stack size 0 bytes, startup_gd32f407_427.o(.text))
<BR>[Address Reference Count : 1]<UL><LI> startup_gd32f407_427.o(RESET)
</UL>
<P><STRONG><a name="[58]"></a>DCI_IRQHandler</STRONG> (Thumb, 0 bytes, Stack size 0 bytes, startup_gd32f407_427.o(.text))
<BR>[Address Reference Count : 1]<UL><LI> startup_gd32f407_427.o(RESET)
</UL>
<P><STRONG><a name="[15]"></a>DMA0_Channel0_IRQHandler</STRONG> (Thumb, 0 bytes, Stack size 0 bytes, startup_gd32f407_427.o(.text))
<BR>[Address Reference Count : 1]<UL><LI> startup_gd32f407_427.o(RESET)
</UL>
<P><STRONG><a name="[16]"></a>DMA0_Channel1_IRQHandler</STRONG> (Thumb, 0 bytes, Stack size 0 bytes, startup_gd32f407_427.o(.text))
<BR>[Address Reference Count : 1]<UL><LI> startup_gd32f407_427.o(RESET)
</UL>
<P><STRONG><a name="[17]"></a>DMA0_Channel2_IRQHandler</STRONG> (Thumb, 0 bytes, Stack size 0 bytes, startup_gd32f407_427.o(.text))
<BR>[Address Reference Count : 1]<UL><LI> startup_gd32f407_427.o(RESET)
</UL>
<P><STRONG><a name="[18]"></a>DMA0_Channel3_IRQHandler</STRONG> (Thumb, 0 bytes, Stack size 0 bytes, startup_gd32f407_427.o(.text))
<BR>[Address Reference Count : 1]<UL><LI> startup_gd32f407_427.o(RESET)
</UL>
<P><STRONG><a name="[19]"></a>DMA0_Channel4_IRQHandler</STRONG> (Thumb, 0 bytes, Stack size 0 bytes, startup_gd32f407_427.o(.text))
<BR>[Address Reference Count : 1]<UL><LI> startup_gd32f407_427.o(RESET)
</UL>
<P><STRONG><a name="[1a]"></a>DMA0_Channel5_IRQHandler</STRONG> (Thumb, 0 bytes, Stack size 0 bytes, startup_gd32f407_427.o(.text))
<BR>[Address Reference Count : 1]<UL><LI> startup_gd32f407_427.o(RESET)
</UL>
<P><STRONG><a name="[1b]"></a>DMA0_Channel6_IRQHandler</STRONG> (Thumb, 0 bytes, Stack size 0 bytes, startup_gd32f407_427.o(.text))
<BR>[Address Reference Count : 1]<UL><LI> startup_gd32f407_427.o(RESET)
</UL>
<P><STRONG><a name="[39]"></a>DMA0_Channel7_IRQHandler</STRONG> (Thumb, 0 bytes, Stack size 0 bytes, startup_gd32f407_427.o(.text))
<BR>[Address Reference Count : 1]<UL><LI> startup_gd32f407_427.o(RESET)
</UL>
<P><STRONG><a name="[42]"></a>DMA1_Channel0_IRQHandler</STRONG> (Thumb, 0 bytes, Stack size 0 bytes, startup_gd32f407_427.o(.text))
<BR>[Address Reference Count : 1]<UL><LI> startup_gd32f407_427.o(RESET)
</UL>
<P><STRONG><a name="[43]"></a>DMA1_Channel1_IRQHandler</STRONG> (Thumb, 0 bytes, Stack size 0 bytes, startup_gd32f407_427.o(.text))
<BR>[Address Reference Count : 1]<UL><LI> startup_gd32f407_427.o(RESET)
</UL>
<P><STRONG><a name="[44]"></a>DMA1_Channel2_IRQHandler</STRONG> (Thumb, 0 bytes, Stack size 0 bytes, startup_gd32f407_427.o(.text))
<BR>[Address Reference Count : 1]<UL><LI> startup_gd32f407_427.o(RESET)
</UL>
<P><STRONG><a name="[45]"></a>DMA1_Channel3_IRQHandler</STRONG> (Thumb, 0 bytes, Stack size 0 bytes, startup_gd32f407_427.o(.text))
<BR>[Address Reference Count : 1]<UL><LI> startup_gd32f407_427.o(RESET)
</UL>
<P><STRONG><a name="[46]"></a>DMA1_Channel4_IRQHandler</STRONG> (Thumb, 0 bytes, Stack size 0 bytes, startup_gd32f407_427.o(.text))
<BR>[Address Reference Count : 1]<UL><LI> startup_gd32f407_427.o(RESET)
</UL>
<P><STRONG><a name="[4e]"></a>DMA1_Channel5_IRQHandler</STRONG> (Thumb, 0 bytes, Stack size 0 bytes, startup_gd32f407_427.o(.text))
<BR>[Address Reference Count : 1]<UL><LI> startup_gd32f407_427.o(RESET)
</UL>
<P><STRONG><a name="[4f]"></a>DMA1_Channel6_IRQHandler</STRONG> (Thumb, 0 bytes, Stack size 0 bytes, startup_gd32f407_427.o(.text))
<BR>[Address Reference Count : 1]<UL><LI> startup_gd32f407_427.o(RESET)
</UL>
<P><STRONG><a name="[50]"></a>DMA1_Channel7_IRQHandler</STRONG> (Thumb, 0 bytes, Stack size 0 bytes, startup_gd32f407_427.o(.text))
<BR>[Address Reference Count : 1]<UL><LI> startup_gd32f407_427.o(RESET)
</UL>
<P><STRONG><a name="[47]"></a>ENET_IRQHandler</STRONG> (Thumb, 0 bytes, Stack size 0 bytes, startup_gd32f407_427.o(.text))
<BR>[Address Reference Count : 1]<UL><LI> startup_gd32f407_427.o(RESET)
</UL>
<P><STRONG><a name="[48]"></a>ENET_WKUP_IRQHandler</STRONG> (Thumb, 0 bytes, Stack size 0 bytes, startup_gd32f407_427.o(.text))
<BR>[Address Reference Count : 1]<UL><LI> startup_gd32f407_427.o(RESET)
</UL>
<P><STRONG><a name="[3a]"></a>EXMC_IRQHandler</STRONG> (Thumb, 0 bytes, Stack size 0 bytes, startup_gd32f407_427.o(.text))
<BR>[Address Reference Count : 1]<UL><LI> startup_gd32f407_427.o(RESET)
</UL>
<P><STRONG><a name="[10]"></a>EXTI0_IRQHandler</STRONG> (Thumb, 0 bytes, Stack size 0 bytes, startup_gd32f407_427.o(.text))
<BR>[Address Reference Count : 1]<UL><LI> startup_gd32f407_427.o(RESET)
</UL>
<P><STRONG><a name="[32]"></a>EXTI10_15_IRQHandler</STRONG> (Thumb, 0 bytes, Stack size 0 bytes, startup_gd32f407_427.o(.text))
<BR>[Address Reference Count : 1]<UL><LI> startup_gd32f407_427.o(RESET)
</UL>
<P><STRONG><a name="[11]"></a>EXTI1_IRQHandler</STRONG> (Thumb, 0 bytes, Stack size 0 bytes, startup_gd32f407_427.o(.text))
<BR>[Address Reference Count : 1]<UL><LI> startup_gd32f407_427.o(RESET)
</UL>
<P><STRONG><a name="[12]"></a>EXTI2_IRQHandler</STRONG> (Thumb, 0 bytes, Stack size 0 bytes, startup_gd32f407_427.o(.text))
<BR>[Address Reference Count : 1]<UL><LI> startup_gd32f407_427.o(RESET)
</UL>
<P><STRONG><a name="[13]"></a>EXTI3_IRQHandler</STRONG> (Thumb, 0 bytes, Stack size 0 bytes, startup_gd32f407_427.o(.text))
<BR>[Address Reference Count : 1]<UL><LI> startup_gd32f407_427.o(RESET)
</UL>
<P><STRONG><a name="[14]"></a>EXTI4_IRQHandler</STRONG> (Thumb, 0 bytes, Stack size 0 bytes, startup_gd32f407_427.o(.text))
<BR>[Address Reference Count : 1]<UL><LI> startup_gd32f407_427.o(RESET)
</UL>
<P><STRONG><a name="[21]"></a>EXTI5_9_IRQHandler</STRONG> (Thumb, 0 bytes, Stack size 0 bytes, startup_gd32f407_427.o(.text))
<BR>[Address Reference Count : 1]<UL><LI> startup_gd32f407_427.o(RESET)
</UL>
<P><STRONG><a name="[e]"></a>FMC_IRQHandler</STRONG> (Thumb, 0 bytes, Stack size 0 bytes, startup_gd32f407_427.o(.text))
<BR>[Address Reference Count : 1]<UL><LI> startup_gd32f407_427.o(RESET)
</UL>
<P><STRONG><a name="[5a]"></a>FPU_IRQHandler</STRONG> (Thumb, 0 bytes, Stack size 0 bytes, startup_gd32f407_427.o(.text))
<BR>[Address Reference Count : 1]<UL><LI> startup_gd32f407_427.o(RESET)
</UL>
<P><STRONG><a name="[2a]"></a>I2C0_ER_IRQHandler</STRONG> (Thumb, 0 bytes, Stack size 0 bytes, startup_gd32f407_427.o(.text))
<BR>[Address Reference Count : 1]<UL><LI> startup_gd32f407_427.o(RESET)
</UL>
<P><STRONG><a name="[29]"></a>I2C0_EV_IRQHandler</STRONG> (Thumb, 0 bytes, Stack size 0 bytes, startup_gd32f407_427.o(.text))
<BR>[Address Reference Count : 1]<UL><LI> startup_gd32f407_427.o(RESET)
</UL>
<P><STRONG><a name="[2c]"></a>I2C1_ER_IRQHandler</STRONG> (Thumb, 0 bytes, Stack size 0 bytes, startup_gd32f407_427.o(.text))
<BR>[Address Reference Count : 1]<UL><LI> startup_gd32f407_427.o(RESET)
</UL>
<P><STRONG><a name="[2b]"></a>I2C1_EV_IRQHandler</STRONG> (Thumb, 0 bytes, Stack size 0 bytes, startup_gd32f407_427.o(.text))
<BR>[Address Reference Count : 1]<UL><LI> startup_gd32f407_427.o(RESET)
</UL>
<P><STRONG><a name="[53]"></a>I2C2_ER_IRQHandler</STRONG> (Thumb, 0 bytes, Stack size 0 bytes, startup_gd32f407_427.o(.text))
<BR>[Address Reference Count : 1]<UL><LI> startup_gd32f407_427.o(RESET)
</UL>
<P><STRONG><a name="[52]"></a>I2C2_EV_IRQHandler</STRONG> (Thumb, 0 bytes, Stack size 0 bytes, startup_gd32f407_427.o(.text))
<BR>[Address Reference Count : 1]<UL><LI> startup_gd32f407_427.o(RESET)
</UL>
<P><STRONG><a name="[b]"></a>LVD_IRQHandler</STRONG> (Thumb, 0 bytes, Stack size 0 bytes, startup_gd32f407_427.o(.text))
<BR>[Address Reference Count : 1]<UL><LI> startup_gd32f407_427.o(RESET)
</UL>
<P><STRONG><a name="[f]"></a>RCU_CTC_IRQHandler</STRONG> (Thumb, 0 bytes, Stack size 0 bytes, startup_gd32f407_427.o(.text))
<BR>[Address Reference Count : 1]<UL><LI> startup_gd32f407_427.o(RESET)
</UL>
<P><STRONG><a name="[33]"></a>RTC_Alarm_IRQHandler</STRONG> (Thumb, 0 bytes, Stack size 0 bytes, startup_gd32f407_427.o(.text))
<BR>[Address Reference Count : 1]<UL><LI> startup_gd32f407_427.o(RESET)
</UL>
<P><STRONG><a name="[d]"></a>RTC_WKUP_IRQHandler</STRONG> (Thumb, 0 bytes, Stack size 0 bytes, startup_gd32f407_427.o(.text))
<BR>[Address Reference Count : 1]<UL><LI> startup_gd32f407_427.o(RESET)
</UL>
<P><STRONG><a name="[3b]"></a>SDIO_IRQHandler</STRONG> (Thumb, 0 bytes, Stack size 0 bytes, startup_gd32f407_427.o(.text))
<BR>[Address Reference Count : 1]<UL><LI> startup_gd32f407_427.o(RESET)
</UL>
<P><STRONG><a name="[2d]"></a>SPI0_IRQHandler</STRONG> (Thumb, 0 bytes, Stack size 0 bytes, startup_gd32f407_427.o(.text))
<BR>[Address Reference Count : 1]<UL><LI> startup_gd32f407_427.o(RESET)
</UL>
<P><STRONG><a name="[2e]"></a>SPI1_IRQHandler</STRONG> (Thumb, 0 bytes, Stack size 0 bytes, startup_gd32f407_427.o(.text))
<BR>[Address Reference Count : 1]<UL><LI> startup_gd32f407_427.o(RESET)
</UL>
<P><STRONG><a name="[3d]"></a>SPI2_IRQHandler</STRONG> (Thumb, 0 bytes, Stack size 0 bytes, startup_gd32f407_427.o(.text))
<BR>[Address Reference Count : 1]<UL><LI> startup_gd32f407_427.o(RESET)
</UL>
<P><STRONG><a name="[c]"></a>TAMPER_STAMP_IRQHandler</STRONG> (Thumb, 0 bytes, Stack size 0 bytes, startup_gd32f407_427.o(.text))
<BR>[Address Reference Count : 1]<UL><LI> startup_gd32f407_427.o(RESET)
</UL>
<P><STRONG><a name="[22]"></a>TIMER0_BRK_TIMER8_IRQHandler</STRONG> (Thumb, 0 bytes, Stack size 0 bytes, startup_gd32f407_427.o(.text))
<BR>[Address Reference Count : 1]<UL><LI> startup_gd32f407_427.o(RESET)
</UL>
<P><STRONG><a name="[25]"></a>TIMER0_Channel_IRQHandler</STRONG> (Thumb, 0 bytes, Stack size 0 bytes, startup_gd32f407_427.o(.text))
<BR>[Address Reference Count : 1]<UL><LI> startup_gd32f407_427.o(RESET)
</UL>
<P><STRONG><a name="[24]"></a>TIMER0_TRG_CMT_TIMER10_IRQHandler</STRONG> (Thumb, 0 bytes, Stack size 0 bytes, startup_gd32f407_427.o(.text))
<BR>[Address Reference Count : 1]<UL><LI> startup_gd32f407_427.o(RESET)
</UL>
<P><STRONG><a name="[23]"></a>TIMER0_UP_TIMER9_IRQHandler</STRONG> (Thumb, 0 bytes, Stack size 0 bytes, startup_gd32f407_427.o(.text))
<BR>[Address Reference Count : 1]<UL><LI> startup_gd32f407_427.o(RESET)
</UL>
<P><STRONG><a name="[26]"></a>TIMER1_IRQHandler</STRONG> (Thumb, 0 bytes, Stack size 0 bytes, startup_gd32f407_427.o(.text))
<BR>[Address Reference Count : 1]<UL><LI> startup_gd32f407_427.o(RESET)
</UL>
<P><STRONG><a name="[27]"></a>TIMER2_IRQHandler</STRONG> (Thumb, 0 bytes, Stack size 0 bytes, startup_gd32f407_427.o(.text))
<BR>[Address Reference Count : 1]<UL><LI> startup_gd32f407_427.o(RESET)
</UL>
<P><STRONG><a name="[28]"></a>TIMER3_IRQHandler</STRONG> (Thumb, 0 bytes, Stack size 0 bytes, startup_gd32f407_427.o(.text))
<BR>[Address Reference Count : 1]<UL><LI> startup_gd32f407_427.o(RESET)
</UL>
<P><STRONG><a name="[3c]"></a>TIMER4_IRQHandler</STRONG> (Thumb, 0 bytes, Stack size 0 bytes, startup_gd32f407_427.o(.text))
<BR>[Address Reference Count : 1]<UL><LI> startup_gd32f407_427.o(RESET)
</UL>
<P><STRONG><a name="[41]"></a>TIMER6_IRQHandler</STRONG> (Thumb, 0 bytes, Stack size 0 bytes, startup_gd32f407_427.o(.text))
<BR>[Address Reference Count : 1]<UL><LI> startup_gd32f407_427.o(RESET)
</UL>
<P><STRONG><a name="[35]"></a>TIMER7_BRK_TIMER11_IRQHandler</STRONG> (Thumb, 0 bytes, Stack size 0 bytes, startup_gd32f407_427.o(.text))
<BR>[Address Reference Count : 1]<UL><LI> startup_gd32f407_427.o(RESET)
</UL>
<P><STRONG><a name="[38]"></a>TIMER7_Channel_IRQHandler</STRONG> (Thumb, 0 bytes, Stack size 0 bytes, startup_gd32f407_427.o(.text))
<BR>[Address Reference Count : 1]<UL><LI> startup_gd32f407_427.o(RESET)
</UL>
<P><STRONG><a name="[37]"></a>TIMER7_TRG_CMT_TIMER13_IRQHandler</STRONG> (Thumb, 0 bytes, Stack size 0 bytes, startup_gd32f407_427.o(.text))
<BR>[Address Reference Count : 1]<UL><LI> startup_gd32f407_427.o(RESET)
</UL>
<P><STRONG><a name="[36]"></a>TIMER7_UP_TIMER12_IRQHandler</STRONG> (Thumb, 0 bytes, Stack size 0 bytes, startup_gd32f407_427.o(.text))
<BR>[Address Reference Count : 1]<UL><LI> startup_gd32f407_427.o(RESET)
</UL>
<P><STRONG><a name="[59]"></a>TRNG_IRQHandler</STRONG> (Thumb, 0 bytes, Stack size 0 bytes, startup_gd32f407_427.o(.text))
<BR>[Address Reference Count : 1]<UL><LI> startup_gd32f407_427.o(RESET)
</UL>
<P><STRONG><a name="[3e]"></a>UART3_IRQHandler</STRONG> (Thumb, 0 bytes, Stack size 0 bytes, startup_gd32f407_427.o(.text))
<BR>[Address Reference Count : 1]<UL><LI> startup_gd32f407_427.o(RESET)
</UL>
<P><STRONG><a name="[3f]"></a>UART4_IRQHandler</STRONG> (Thumb, 0 bytes, Stack size 0 bytes, startup_gd32f407_427.o(.text))
<BR>[Address Reference Count : 1]<UL><LI> startup_gd32f407_427.o(RESET)
</UL>
<P><STRONG><a name="[30]"></a>USART1_IRQHandler</STRONG> (Thumb, 0 bytes, Stack size 0 bytes, startup_gd32f407_427.o(.text))
<BR>[Address Reference Count : 1]<UL><LI> startup_gd32f407_427.o(RESET)
</UL>
<P><STRONG><a name="[31]"></a>USART2_IRQHandler</STRONG> (Thumb, 0 bytes, Stack size 0 bytes, startup_gd32f407_427.o(.text))
<BR>[Address Reference Count : 1]<UL><LI> startup_gd32f407_427.o(RESET)
</UL>
<P><STRONG><a name="[51]"></a>USART5_IRQHandler</STRONG> (Thumb, 0 bytes, Stack size 0 bytes, startup_gd32f407_427.o(.text))
<BR>[Address Reference Count : 1]<UL><LI> startup_gd32f407_427.o(RESET)
</UL>
<P><STRONG><a name="[4d]"></a>USBFS_IRQHandler</STRONG> (Thumb, 0 bytes, Stack size 0 bytes, startup_gd32f407_427.o(.text))
<BR>[Address Reference Count : 1]<UL><LI> startup_gd32f407_427.o(RESET)
</UL>
<P><STRONG><a name="[34]"></a>USBFS_WKUP_IRQHandler</STRONG> (Thumb, 0 bytes, Stack size 0 bytes, startup_gd32f407_427.o(.text))
<BR>[Address Reference Count : 1]<UL><LI> startup_gd32f407_427.o(RESET)
</UL>
<P><STRONG><a name="[55]"></a>USBHS_EP1_In_IRQHandler</STRONG> (Thumb, 0 bytes, Stack size 0 bytes, startup_gd32f407_427.o(.text))
<BR>[Address Reference Count : 1]<UL><LI> startup_gd32f407_427.o(RESET)
</UL>
<P><STRONG><a name="[54]"></a>USBHS_EP1_Out_IRQHandler</STRONG> (Thumb, 0 bytes, Stack size 0 bytes, startup_gd32f407_427.o(.text))
<BR>[Address Reference Count : 1]<UL><LI> startup_gd32f407_427.o(RESET)
</UL>
<P><STRONG><a name="[57]"></a>USBHS_IRQHandler</STRONG> (Thumb, 0 bytes, Stack size 0 bytes, startup_gd32f407_427.o(.text))
<BR>[Address Reference Count : 1]<UL><LI> startup_gd32f407_427.o(RESET)
</UL>
<P><STRONG><a name="[56]"></a>USBHS_WKUP_IRQHandler</STRONG> (Thumb, 0 bytes, Stack size 0 bytes, startup_gd32f407_427.o(.text))
<BR>[Address Reference Count : 1]<UL><LI> startup_gd32f407_427.o(RESET)
</UL>
<P><STRONG><a name="[a]"></a>WWDGT_IRQHandler</STRONG> (Thumb, 0 bytes, Stack size 0 bytes, startup_gd32f407_427.o(.text))
<BR>[Address Reference Count : 1]<UL><LI> startup_gd32f407_427.o(RESET)
</UL>
<P><STRONG><a name="[66]"></a>__aeabi_memset</STRONG> (Thumb, 14 bytes, Stack size 0 bytes, memseta.o(.text))
<BR><BR>[Called By]<UL><LI><a href="#[67]">&gt;&gt;</a>&nbsp;&nbsp;&nbsp;_memset$wrapper
<LI><a href="#[65]">&gt;&gt;</a>&nbsp;&nbsp;&nbsp;__aeabi_memclr
</UL>

<P><STRONG><a name="[b0]"></a>__aeabi_memset4</STRONG> (Thumb, 0 bytes, Stack size 0 bytes, memseta.o(.text))
<BR><BR>[Called By]<UL><LI><a href="#[af]">&gt;&gt;</a>&nbsp;&nbsp;&nbsp;prvInitialiseNewTask
</UL>

<P><STRONG><a name="[d0]"></a>__aeabi_memset8</STRONG> (Thumb, 0 bytes, Stack size 0 bytes, memseta.o(.text), UNUSED)

<P><STRONG><a name="[65]"></a>__aeabi_memclr</STRONG> (Thumb, 4 bytes, Stack size 0 bytes, memseta.o(.text))
<BR><BR>[Calls]<UL><LI><a href="#[66]">&gt;&gt;</a>&nbsp;&nbsp;&nbsp;__aeabi_memset
</UL>
<BR>[Called By]<UL><LI><a href="#[9f]">&gt;&gt;</a>&nbsp;&nbsp;&nbsp;xTaskCreate
</UL>

<P><STRONG><a name="[d1]"></a>__aeabi_memclr4</STRONG> (Thumb, 0 bytes, Stack size 0 bytes, memseta.o(.text), UNUSED)

<P><STRONG><a name="[d2]"></a>__aeabi_memclr8</STRONG> (Thumb, 0 bytes, Stack size 0 bytes, memseta.o(.text), UNUSED)

<P><STRONG><a name="[67]"></a>_memset$wrapper</STRONG> (Thumb, 18 bytes, Stack size 8 bytes, memseta.o(.text), UNUSED)
<BR><BR>[Calls]<UL><LI><a href="#[66]">&gt;&gt;</a>&nbsp;&nbsp;&nbsp;__aeabi_memset
</UL>

<P><STRONG><a name="[d3]"></a>__aeabi_uidiv</STRONG> (Thumb, 0 bytes, Stack size 12 bytes, uidiv.o(.text), UNUSED)

<P><STRONG><a name="[c9]"></a>__aeabi_uidivmod</STRONG> (Thumb, 44 bytes, Stack size 12 bytes, uidiv.o(.text), UNUSED)
<BR><BR>[Called By]<UL><LI><a href="#[c4]">&gt;&gt;</a>&nbsp;&nbsp;&nbsp;_printf_core
</UL>

<P><STRONG><a name="[68]"></a>__aeabi_uldivmod</STRONG> (Thumb, 98 bytes, Stack size 40 bytes, uldiv.o(.text), UNUSED)
<BR><BR>[Calls]<UL><LI><a href="#[69]">&gt;&gt;</a>&nbsp;&nbsp;&nbsp;__aeabi_llsr
<LI><a href="#[6a]">&gt;&gt;</a>&nbsp;&nbsp;&nbsp;__aeabi_llsl
</UL>
<BR>[Called By]<UL><LI><a href="#[c4]">&gt;&gt;</a>&nbsp;&nbsp;&nbsp;_printf_core
<LI><a href="#[c5]">&gt;&gt;</a>&nbsp;&nbsp;&nbsp;_fp_digits
</UL>

<P><STRONG><a name="[d4]"></a>__I$use$fp</STRONG> (Thumb, 0 bytes, Stack size 48 bytes, iusefp.o(.text), UNUSED)

<P><STRONG><a name="[6b]"></a>__aeabi_dadd</STRONG> (Thumb, 322 bytes, Stack size 48 bytes, dadd.o(.text), UNUSED)
<BR><BR>[Calls]<UL><LI><a href="#[6c]">&gt;&gt;</a>&nbsp;&nbsp;&nbsp;__aeabi_lasr
<LI><a href="#[6a]">&gt;&gt;</a>&nbsp;&nbsp;&nbsp;__aeabi_llsl
<LI><a href="#[6e]">&gt;&gt;</a>&nbsp;&nbsp;&nbsp;_double_round
<LI><a href="#[6d]">&gt;&gt;</a>&nbsp;&nbsp;&nbsp;_double_epilogue
</UL>
<BR>[Called By]<UL><LI><a href="#[70]">&gt;&gt;</a>&nbsp;&nbsp;&nbsp;__aeabi_drsub
<LI><a href="#[6f]">&gt;&gt;</a>&nbsp;&nbsp;&nbsp;__aeabi_dsub
<LI><a href="#[c5]">&gt;&gt;</a>&nbsp;&nbsp;&nbsp;_fp_digits
</UL>

<P><STRONG><a name="[6f]"></a>__aeabi_dsub</STRONG> (Thumb, 6 bytes, Stack size 0 bytes, dadd.o(.text), UNUSED)
<BR><BR>[Calls]<UL><LI><a href="#[6b]">&gt;&gt;</a>&nbsp;&nbsp;&nbsp;__aeabi_dadd
</UL>

<P><STRONG><a name="[70]"></a>__aeabi_drsub</STRONG> (Thumb, 6 bytes, Stack size 0 bytes, dadd.o(.text), UNUSED)
<BR><BR>[Calls]<UL><LI><a href="#[6b]">&gt;&gt;</a>&nbsp;&nbsp;&nbsp;__aeabi_dadd
</UL>

<P><STRONG><a name="[71]"></a>__aeabi_dmul</STRONG> (Thumb, 228 bytes, Stack size 48 bytes, dmul.o(.text), UNUSED)
<BR><BR>[Calls]<UL><LI><a href="#[6d]">&gt;&gt;</a>&nbsp;&nbsp;&nbsp;_double_epilogue
</UL>
<BR>[Called By]<UL><LI><a href="#[c5]">&gt;&gt;</a>&nbsp;&nbsp;&nbsp;_fp_digits
</UL>

<P><STRONG><a name="[72]"></a>__aeabi_ddiv</STRONG> (Thumb, 222 bytes, Stack size 32 bytes, ddiv.o(.text), UNUSED)
<BR><BR>[Calls]<UL><LI><a href="#[6e]">&gt;&gt;</a>&nbsp;&nbsp;&nbsp;_double_round
</UL>
<BR>[Called By]<UL><LI><a href="#[c5]">&gt;&gt;</a>&nbsp;&nbsp;&nbsp;_fp_digits
</UL>

<P><STRONG><a name="[73]"></a>__aeabi_d2ulz</STRONG> (Thumb, 48 bytes, Stack size 0 bytes, dfixul.o(.text), UNUSED)
<BR><BR>[Calls]<UL><LI><a href="#[69]">&gt;&gt;</a>&nbsp;&nbsp;&nbsp;__aeabi_llsr
<LI><a href="#[6a]">&gt;&gt;</a>&nbsp;&nbsp;&nbsp;__aeabi_llsl
</UL>
<BR>[Called By]<UL><LI><a href="#[c5]">&gt;&gt;</a>&nbsp;&nbsp;&nbsp;_fp_digits
</UL>

<P><STRONG><a name="[c6]"></a>__aeabi_cdrcmple</STRONG> (Thumb, 48 bytes, Stack size 0 bytes, cdrcmple.o(.text), UNUSED)
<BR><BR>[Called By]<UL><LI><a href="#[c5]">&gt;&gt;</a>&nbsp;&nbsp;&nbsp;_fp_digits
</UL>

<P><STRONG><a name="[64]"></a>__scatterload</STRONG> (Thumb, 38 bytes, Stack size 0 bytes, init.o(.text))
<BR><BR>[Calls]<UL><LI><a href="#[74]">&gt;&gt;</a>&nbsp;&nbsp;&nbsp;__main_after_scatterload
</UL>
<BR>[Called By]<UL><LI><a href="#[63]">&gt;&gt;</a>&nbsp;&nbsp;&nbsp;_main_scatterload
</UL>

<P><STRONG><a name="[d5]"></a>__scatterload_rt2</STRONG> (Thumb, 0 bytes, Stack size 0 bytes, init.o(.text), UNUSED)

<P><STRONG><a name="[6a]"></a>__aeabi_llsl</STRONG> (Thumb, 30 bytes, Stack size 0 bytes, llshl.o(.text), UNUSED)
<BR><BR>[Called By]<UL><LI><a href="#[6d]">&gt;&gt;</a>&nbsp;&nbsp;&nbsp;_double_epilogue
<LI><a href="#[68]">&gt;&gt;</a>&nbsp;&nbsp;&nbsp;__aeabi_uldivmod
<LI><a href="#[6b]">&gt;&gt;</a>&nbsp;&nbsp;&nbsp;__aeabi_dadd
<LI><a href="#[73]">&gt;&gt;</a>&nbsp;&nbsp;&nbsp;__aeabi_d2ulz
</UL>

<P><STRONG><a name="[d6]"></a>_ll_shift_l</STRONG> (Thumb, 0 bytes, Stack size 0 bytes, llshl.o(.text), UNUSED)

<P><STRONG><a name="[69]"></a>__aeabi_llsr</STRONG> (Thumb, 32 bytes, Stack size 0 bytes, llushr.o(.text), UNUSED)
<BR><BR>[Called By]<UL><LI><a href="#[6d]">&gt;&gt;</a>&nbsp;&nbsp;&nbsp;_double_epilogue
<LI><a href="#[68]">&gt;&gt;</a>&nbsp;&nbsp;&nbsp;__aeabi_uldivmod
<LI><a href="#[73]">&gt;&gt;</a>&nbsp;&nbsp;&nbsp;__aeabi_d2ulz
</UL>

<P><STRONG><a name="[d7]"></a>_ll_ushift_r</STRONG> (Thumb, 0 bytes, Stack size 0 bytes, llushr.o(.text), UNUSED)

<P><STRONG><a name="[6c]"></a>__aeabi_lasr</STRONG> (Thumb, 36 bytes, Stack size 0 bytes, llsshr.o(.text), UNUSED)
<BR><BR>[Called By]<UL><LI><a href="#[6b]">&gt;&gt;</a>&nbsp;&nbsp;&nbsp;__aeabi_dadd
</UL>

<P><STRONG><a name="[d8]"></a>_ll_sshift_r</STRONG> (Thumb, 0 bytes, Stack size 0 bytes, llsshr.o(.text), UNUSED)

<P><STRONG><a name="[6e]"></a>_double_round</STRONG> (Thumb, 30 bytes, Stack size 8 bytes, depilogue.o(.text), UNUSED)
<BR><BR>[Called By]<UL><LI><a href="#[6d]">&gt;&gt;</a>&nbsp;&nbsp;&nbsp;_double_epilogue
<LI><a href="#[72]">&gt;&gt;</a>&nbsp;&nbsp;&nbsp;__aeabi_ddiv
<LI><a href="#[6b]">&gt;&gt;</a>&nbsp;&nbsp;&nbsp;__aeabi_dadd
</UL>

<P><STRONG><a name="[6d]"></a>_double_epilogue</STRONG> (Thumb, 156 bytes, Stack size 32 bytes, depilogue.o(.text), UNUSED)
<BR><BR>[Calls]<UL><LI><a href="#[69]">&gt;&gt;</a>&nbsp;&nbsp;&nbsp;__aeabi_llsr
<LI><a href="#[6a]">&gt;&gt;</a>&nbsp;&nbsp;&nbsp;__aeabi_llsl
<LI><a href="#[6e]">&gt;&gt;</a>&nbsp;&nbsp;&nbsp;_double_round
</UL>
<BR>[Called By]<UL><LI><a href="#[71]">&gt;&gt;</a>&nbsp;&nbsp;&nbsp;__aeabi_dmul
<LI><a href="#[6b]">&gt;&gt;</a>&nbsp;&nbsp;&nbsp;__aeabi_dadd
</UL>

<P><STRONG><a name="[75]"></a>App_init</STRONG> (Thumb, 8 bytes, Stack size 8 bytes, app.o(.text.App_init))
<BR><BR>[Stack]<UL><LI>Max Depth = 8<LI>Call Chain = App_init
</UL>
<BR>[Calls]<UL><LI><a href="#[76]">&gt;&gt;</a>&nbsp;&nbsp;&nbsp;App_ui_init
</UL>
<BR>[Called By]<UL><LI><a href="#[5b]">&gt;&gt;</a>&nbsp;&nbsp;&nbsp;main
</UL>

<P><STRONG><a name="[76]"></a>App_ui_init</STRONG> (Thumb, 2 bytes, Stack size 0 bytes, app.o(.text.App_ui_init))
<BR><BR>[Called By]<UL><LI><a href="#[75]">&gt;&gt;</a>&nbsp;&nbsp;&nbsp;App_init
</UL>

<P><STRONG><a name="[4]"></a>BusFault_Handler</STRONG> (Thumb, 4 bytes, Stack size 0 bytes, gd32f4xx_it.o(.text.BusFault_Handler))
<BR>[Address Reference Count : 1]<UL><LI> startup_gd32f407_427.o(RESET)
</UL>
<P><STRONG><a name="[7]"></a>DebugMon_Handler</STRONG> (Thumb, 4 bytes, Stack size 0 bytes, gd32f4xx_it.o(.text.DebugMon_Handler))
<BR>[Address Reference Count : 1]<UL><LI> startup_gd32f407_427.o(RESET)
</UL>
<P><STRONG><a name="[2]"></a>HardFault_Handler</STRONG> (Thumb, 4 bytes, Stack size 0 bytes, gd32f4xx_it.o(.text.HardFault_Handler))
<BR>[Address Reference Count : 1]<UL><LI> startup_gd32f407_427.o(RESET)
</UL>
<P><STRONG><a name="[3]"></a>MemManage_Handler</STRONG> (Thumb, 4 bytes, Stack size 0 bytes, gd32f4xx_it.o(.text.MemManage_Handler))
<BR>[Address Reference Count : 1]<UL><LI> startup_gd32f407_427.o(RESET)
</UL>
<P><STRONG><a name="[1]"></a>NMI_Handler</STRONG> (Thumb, 4 bytes, Stack size 0 bytes, gd32f4xx_it.o(.text.NMI_Handler))
<BR>[Address Reference Count : 1]<UL><LI> startup_gd32f407_427.o(RESET)
</UL>
<P><STRONG><a name="[8]"></a>PendSV_Handler</STRONG> (Thumb, 100 bytes, Stack size 0 bytes, port.o(.text.PendSV_Handler))
<BR><BR>[Stack]<UL><LI>Max Depth = 72<LI>Call Chain = PendSV_Handler &rArr; vTaskSwitchContext &rArr; vApplicationStackOverflowHook &rArr; printf
</UL>
<BR>[Calls]<UL><LI><a href="#[62]">&gt;&gt;</a>&nbsp;&nbsp;&nbsp;vTaskSwitchContext
</UL>
<BR>[Address Reference Count : 1]<UL><LI> startup_gd32f407_427.o(RESET)
</UL>
<P><STRONG><a name="[6]"></a>SVC_Handler</STRONG> (Thumb, 36 bytes, Stack size 0 bytes, port.o(.text.SVC_Handler))
<BR>[Address Reference Count : 1]<UL><LI> startup_gd32f407_427.o(RESET)
</UL>
<P><STRONG><a name="[9]"></a>SysTick_Handler</STRONG> (Thumb, 60 bytes, Stack size 16 bytes, port.o(.text.SysTick_Handler))
<BR><BR>[Stack]<UL><LI>Max Depth = 64<LI>Call Chain = SysTick_Handler &rArr; xTaskIncrementTick
</UL>
<BR>[Calls]<UL><LI><a href="#[77]">&gt;&gt;</a>&nbsp;&nbsp;&nbsp;xTaskIncrementTick
</UL>
<BR>[Address Reference Count : 1]<UL><LI> startup_gd32f407_427.o(RESET)
</UL>
<P><STRONG><a name="[5c]"></a>SystemInit</STRONG> (Thumb, 250 bytes, Stack size 16 bytes, system_gd32f4xx.o(.text.SystemInit))
<BR><BR>[Stack]<UL><LI>Max Depth = 32<LI>Call Chain = SystemInit &rArr; system_clock_config &rArr; system_clock_168m_8m_hxtal
</UL>
<BR>[Calls]<UL><LI><a href="#[78]">&gt;&gt;</a>&nbsp;&nbsp;&nbsp;system_clock_config
</UL>
<BR>[Address Reference Count : 1]<UL><LI> startup_gd32f407_427.o(.text)
</UL>
<P><STRONG><a name="[40]"></a>TIMER5_DAC_IRQHandler</STRONG> (Thumb, 44 bytes, Stack size 8 bytes, lib_timer5.o(.text.TIMER5_DAC_IRQHandler))
<BR><BR>[Stack]<UL><LI>Max Depth = 24<LI>Call Chain = TIMER5_DAC_IRQHandler &rArr; timer_interrupt_flag_get
</UL>
<BR>[Calls]<UL><LI><a href="#[7a]">&gt;&gt;</a>&nbsp;&nbsp;&nbsp;timer_interrupt_flag_clear
<LI><a href="#[79]">&gt;&gt;</a>&nbsp;&nbsp;&nbsp;timer_interrupt_flag_get
<LI><a href="#[7b]">&gt;&gt;</a>&nbsp;&nbsp;&nbsp;lib_timer5_on_cb
</UL>
<BR>[Address Reference Count : 1]<UL><LI> startup_gd32f407_427.o(RESET)
</UL>
<P><STRONG><a name="[5e]"></a>Task1</STRONG> (Thumb, 30 bytes, Stack size 16 bytes, main.o(.text.Task1))
<BR><BR>[Stack]<UL><LI>Max Depth = 128<LI>Call Chain = Task1 &rArr; vTaskDelay &rArr; xTaskResumeAll &rArr; xTaskIncrementTick
</UL>
<BR>[Calls]<UL><LI><a href="#[7d]">&gt;&gt;</a>&nbsp;&nbsp;&nbsp;vTaskDelay
<LI><a href="#[7c]">&gt;&gt;</a>&nbsp;&nbsp;&nbsp;printf
</UL>
<BR>[Address Reference Count : 1]<UL><LI> main.o(.text.main)
</UL>
<P><STRONG><a name="[2f]"></a>USART0_IRQHandler</STRONG> (Thumb, 152 bytes, Stack size 16 bytes, lib_usart0.o(.text.USART0_IRQHandler))
<BR><BR>[Stack]<UL><LI>Max Depth = 36<LI>Call Chain = USART0_IRQHandler &rArr; usart_interrupt_flag_get
</UL>
<BR>[Calls]<UL><LI><a href="#[80]">&gt;&gt;</a>&nbsp;&nbsp;&nbsp;usart_data_receive
<LI><a href="#[7f]">&gt;&gt;</a>&nbsp;&nbsp;&nbsp;usart_interrupt_flag_clear
<LI><a href="#[7e]">&gt;&gt;</a>&nbsp;&nbsp;&nbsp;usart_interrupt_flag_get
</UL>
<BR>[Address Reference Count : 1]<UL><LI> startup_gd32f407_427.o(RESET)
</UL>
<P><STRONG><a name="[5]"></a>UsageFault_Handler</STRONG> (Thumb, 4 bytes, Stack size 0 bytes, gd32f4xx_it.o(.text.UsageFault_Handler))
<BR>[Address Reference Count : 1]<UL><LI> startup_gd32f407_427.o(RESET)
</UL>
<P><STRONG><a name="[bc]"></a>eTaskConfirmSleepModeStatus</STRONG> (Thumb, 128 bytes, Stack size 8 bytes, tasks.o(.text.eTaskConfirmSleepModeStatus))
<BR><BR>[Stack]<UL><LI>Max Depth = 8<LI>Call Chain = eTaskConfirmSleepModeStatus
</UL>
<BR>[Called By]<UL><LI><a href="#[ad]">&gt;&gt;</a>&nbsp;&nbsp;&nbsp;vPortSuppressTicksAndSleep
</UL>

<P><STRONG><a name="[61]"></a>fputc</STRONG> (Thumb, 22 bytes, Stack size 16 bytes, lib_usart0.o(.text.fputc))
<BR><BR>[Stack]<UL><LI>Max Depth = 44<LI>Call Chain = fputc &rArr; lib_usart0_send_byte &rArr; usart_flag_get
</UL>
<BR>[Calls]<UL><LI><a href="#[81]">&gt;&gt;</a>&nbsp;&nbsp;&nbsp;lib_usart0_send_byte
</UL>
<BR>[Address Reference Count : 1]<UL><LI> printfa.o(i.__0printf)
</UL>
<P><STRONG><a name="[9d]"></a>gpio_af_set</STRONG> (Thumb, 212 bytes, Stack size 24 bytes, gd32f4xx_gpio.o(.text.gpio_af_set))
<BR><BR>[Stack]<UL><LI>Max Depth = 24<LI>Call Chain = gpio_af_set
</UL>
<BR>[Called By]<UL><LI><a href="#[8f]">&gt;&gt;</a>&nbsp;&nbsp;&nbsp;lib_usart_gpio_init
</UL>

<P><STRONG><a name="[9b]"></a>gpio_mode_set</STRONG> (Thumb, 156 bytes, Stack size 28 bytes, gd32f4xx_gpio.o(.text.gpio_mode_set))
<BR><BR>[Stack]<UL><LI>Max Depth = 28<LI>Call Chain = gpio_mode_set
</UL>
<BR>[Called By]<UL><LI><a href="#[8f]">&gt;&gt;</a>&nbsp;&nbsp;&nbsp;lib_usart_gpio_init
</UL>

<P><STRONG><a name="[9c]"></a>gpio_output_options_set</STRONG> (Thumb, 146 bytes, Stack size 24 bytes, gd32f4xx_gpio.o(.text.gpio_output_options_set))
<BR><BR>[Stack]<UL><LI>Max Depth = 24<LI>Call Chain = gpio_output_options_set
</UL>
<BR>[Called By]<UL><LI><a href="#[8f]">&gt;&gt;</a>&nbsp;&nbsp;&nbsp;lib_usart_gpio_init
</UL>

<P><STRONG><a name="[82]"></a>lib_peripheral_init</STRONG> (Thumb, 12 bytes, Stack size 8 bytes, lib_peripheral.o(.text.lib_peripheral_init))
<BR><BR>[Stack]<UL><LI>Max Depth = 184<LI>Call Chain = lib_peripheral_init &rArr; lib_usart_init &rArr; lib_usart0_init &rArr; usart_baudrate_set &rArr; rcu_clock_freq_get
</UL>
<BR>[Calls]<UL><LI><a href="#[84]">&gt;&gt;</a>&nbsp;&nbsp;&nbsp;lib_timer_init
<LI><a href="#[83]">&gt;&gt;</a>&nbsp;&nbsp;&nbsp;lib_usart_init
</UL>
<BR>[Called By]<UL><LI><a href="#[5b]">&gt;&gt;</a>&nbsp;&nbsp;&nbsp;main
</UL>

<P><STRONG><a name="[85]"></a>lib_timer5_init</STRONG> (Thumb, 108 bytes, Stack size 32 bytes, lib_timer5.o(.text.lib_timer5_init))
<BR><BR>[Stack]<UL><LI>Max Depth = 108<LI>Call Chain = lib_timer5_init &rArr; timer_deinit &rArr; rcu_periph_reset_disable
</UL>
<BR>[Calls]<UL><LI><a href="#[8c]">&gt;&gt;</a>&nbsp;&nbsp;&nbsp;timer_enable
<LI><a href="#[8b]">&gt;&gt;</a>&nbsp;&nbsp;&nbsp;nvic_irq_enable
<LI><a href="#[8a]">&gt;&gt;</a>&nbsp;&nbsp;&nbsp;timer_interrupt_enable
<LI><a href="#[89]">&gt;&gt;</a>&nbsp;&nbsp;&nbsp;timer_init
<LI><a href="#[88]">&gt;&gt;</a>&nbsp;&nbsp;&nbsp;timer_struct_para_init
<LI><a href="#[87]">&gt;&gt;</a>&nbsp;&nbsp;&nbsp;timer_deinit
<LI><a href="#[86]">&gt;&gt;</a>&nbsp;&nbsp;&nbsp;rcu_periph_clock_enable
</UL>
<BR>[Called By]<UL><LI><a href="#[84]">&gt;&gt;</a>&nbsp;&nbsp;&nbsp;lib_timer_init
</UL>

<P><STRONG><a name="[7b]"></a>lib_timer5_on_cb</STRONG> (Thumb, 2 bytes, Stack size 0 bytes, main.o(.text.lib_timer5_on_cb))
<BR><BR>[Called By]<UL><LI><a href="#[40]">&gt;&gt;</a>&nbsp;&nbsp;&nbsp;TIMER5_DAC_IRQHandler
</UL>

<P><STRONG><a name="[84]"></a>lib_timer_init</STRONG> (Thumb, 16 bytes, Stack size 8 bytes, lib_timer.o(.text.lib_timer_init))
<BR><BR>[Stack]<UL><LI>Max Depth = 116<LI>Call Chain = lib_timer_init &rArr; lib_timer5_init &rArr; timer_deinit &rArr; rcu_periph_reset_disable
</UL>
<BR>[Calls]<UL><LI><a href="#[85]">&gt;&gt;</a>&nbsp;&nbsp;&nbsp;lib_timer5_init
<LI><a href="#[8d]">&gt;&gt;</a>&nbsp;&nbsp;&nbsp;rcu_timer_clock_prescaler_config
</UL>
<BR>[Called By]<UL><LI><a href="#[82]">&gt;&gt;</a>&nbsp;&nbsp;&nbsp;lib_peripheral_init
</UL>

<P><STRONG><a name="[8e]"></a>lib_usart0_init</STRONG> (Thumb, 158 bytes, Stack size 32 bytes, lib_usart0.o(.text.lib_usart0_init))
<BR><BR>[Stack]<UL><LI>Max Depth = 168<LI>Call Chain = lib_usart0_init &rArr; usart_baudrate_set &rArr; rcu_clock_freq_get
</UL>
<BR>[Calls]<UL><LI><a href="#[98]">&gt;&gt;</a>&nbsp;&nbsp;&nbsp;usart_enable
<LI><a href="#[97]">&gt;&gt;</a>&nbsp;&nbsp;&nbsp;usart_interrupt_enable
<LI><a href="#[96]">&gt;&gt;</a>&nbsp;&nbsp;&nbsp;usart_receive_config
<LI><a href="#[95]">&gt;&gt;</a>&nbsp;&nbsp;&nbsp;usart_transmit_config
<LI><a href="#[94]">&gt;&gt;</a>&nbsp;&nbsp;&nbsp;usart_stop_bit_set
<LI><a href="#[93]">&gt;&gt;</a>&nbsp;&nbsp;&nbsp;usart_word_length_set
<LI><a href="#[92]">&gt;&gt;</a>&nbsp;&nbsp;&nbsp;usart_parity_config
<LI><a href="#[91]">&gt;&gt;</a>&nbsp;&nbsp;&nbsp;usart_baudrate_set
<LI><a href="#[90]">&gt;&gt;</a>&nbsp;&nbsp;&nbsp;usart_deinit
<LI><a href="#[8f]">&gt;&gt;</a>&nbsp;&nbsp;&nbsp;lib_usart_gpio_init
<LI><a href="#[8b]">&gt;&gt;</a>&nbsp;&nbsp;&nbsp;nvic_irq_enable
<LI><a href="#[86]">&gt;&gt;</a>&nbsp;&nbsp;&nbsp;rcu_periph_clock_enable
</UL>
<BR>[Called By]<UL><LI><a href="#[83]">&gt;&gt;</a>&nbsp;&nbsp;&nbsp;lib_usart_init
</UL>

<P><STRONG><a name="[81]"></a>lib_usart0_send_byte</STRONG> (Thumb, 50 bytes, Stack size 16 bytes, lib_usart0.o(.text.lib_usart0_send_byte))
<BR><BR>[Stack]<UL><LI>Max Depth = 28<LI>Call Chain = lib_usart0_send_byte &rArr; usart_flag_get
</UL>
<BR>[Calls]<UL><LI><a href="#[9a]">&gt;&gt;</a>&nbsp;&nbsp;&nbsp;usart_flag_get
<LI><a href="#[99]">&gt;&gt;</a>&nbsp;&nbsp;&nbsp;usart_data_transmit
</UL>
<BR>[Called By]<UL><LI><a href="#[61]">&gt;&gt;</a>&nbsp;&nbsp;&nbsp;fputc
</UL>

<P><STRONG><a name="[83]"></a>lib_usart_init</STRONG> (Thumb, 8 bytes, Stack size 8 bytes, lib_usart.o(.text.lib_usart_init))
<BR><BR>[Stack]<UL><LI>Max Depth = 176<LI>Call Chain = lib_usart_init &rArr; lib_usart0_init &rArr; usart_baudrate_set &rArr; rcu_clock_freq_get
</UL>
<BR>[Calls]<UL><LI><a href="#[8e]">&gt;&gt;</a>&nbsp;&nbsp;&nbsp;lib_usart0_init
</UL>
<BR>[Called By]<UL><LI><a href="#[82]">&gt;&gt;</a>&nbsp;&nbsp;&nbsp;lib_peripheral_init
</UL>

<P><STRONG><a name="[5b]"></a>main</STRONG> (Thumb, 86 bytes, Stack size 24 bytes, main.o(.text.main))
<BR><BR>[Stack]<UL><LI>Max Depth = 256<LI>Call Chain = main &rArr; vTaskStartScheduler &rArr; xTaskCreate &rArr; pvPortMalloc &rArr; xTaskResumeAll &rArr; xTaskIncrementTick
</UL>
<BR>[Calls]<UL><LI><a href="#[a0]">&gt;&gt;</a>&nbsp;&nbsp;&nbsp;vTaskStartScheduler
<LI><a href="#[9f]">&gt;&gt;</a>&nbsp;&nbsp;&nbsp;xTaskCreate
<LI><a href="#[82]">&gt;&gt;</a>&nbsp;&nbsp;&nbsp;lib_peripheral_init
<LI><a href="#[9e]">&gt;&gt;</a>&nbsp;&nbsp;&nbsp;nvic_priority_group_set
<LI><a href="#[75]">&gt;&gt;</a>&nbsp;&nbsp;&nbsp;App_init
<LI><a href="#[7c]">&gt;&gt;</a>&nbsp;&nbsp;&nbsp;printf
</UL>
<BR>[Address Reference Count : 1]<UL><LI> entry9a.o(.ARM.Collect$$$$0000000B)
</UL>
<P><STRONG><a name="[8b]"></a>nvic_irq_enable</STRONG> (Thumb, 296 bytes, Stack size 24 bytes, gd32f4xx_misc.o(.text.nvic_irq_enable))
<BR><BR>[Stack]<UL><LI>Max Depth = 28<LI>Call Chain = nvic_irq_enable &rArr; nvic_priority_group_set
</UL>
<BR>[Calls]<UL><LI><a href="#[9e]">&gt;&gt;</a>&nbsp;&nbsp;&nbsp;nvic_priority_group_set
</UL>
<BR>[Called By]<UL><LI><a href="#[8e]">&gt;&gt;</a>&nbsp;&nbsp;&nbsp;lib_usart0_init
<LI><a href="#[85]">&gt;&gt;</a>&nbsp;&nbsp;&nbsp;lib_timer5_init
</UL>

<P><STRONG><a name="[9e]"></a>nvic_priority_group_set</STRONG> (Thumb, 28 bytes, Stack size 4 bytes, gd32f4xx_misc.o(.text.nvic_priority_group_set))
<BR><BR>[Stack]<UL><LI>Max Depth = 4<LI>Call Chain = nvic_priority_group_set
</UL>
<BR>[Called By]<UL><LI><a href="#[8b]">&gt;&gt;</a>&nbsp;&nbsp;&nbsp;nvic_irq_enable
<LI><a href="#[5b]">&gt;&gt;</a>&nbsp;&nbsp;&nbsp;main
</UL>

<P><STRONG><a name="[b4]"></a>pvPortMalloc</STRONG> (Thumb, 456 bytes, Stack size 48 bytes, heap_4.o(.text.pvPortMalloc))
<BR><BR>[Stack]<UL><LI>Max Depth = 136<LI>Call Chain = pvPortMalloc &rArr; xTaskResumeAll &rArr; xTaskIncrementTick
</UL>
<BR>[Calls]<UL><LI><a href="#[ae]">&gt;&gt;</a>&nbsp;&nbsp;&nbsp;xTaskResumeAll
<LI><a href="#[ac]">&gt;&gt;</a>&nbsp;&nbsp;&nbsp;vTaskSuspendAll
<LI><a href="#[b6]">&gt;&gt;</a>&nbsp;&nbsp;&nbsp;prvInsertBlockIntoFreeList
<LI><a href="#[b5]">&gt;&gt;</a>&nbsp;&nbsp;&nbsp;prvHeapInit
</UL>
<BR>[Called By]<UL><LI><a href="#[9f]">&gt;&gt;</a>&nbsp;&nbsp;&nbsp;xTaskCreate
</UL>

<P><STRONG><a name="[b2]"></a>pxPortInitialiseStack</STRONG> (Thumb, 94 bytes, Stack size 12 bytes, port.o(.text.pxPortInitialiseStack))
<BR><BR>[Stack]<UL><LI>Max Depth = 12<LI>Call Chain = pxPortInitialiseStack
</UL>
<BR>[Called By]<UL><LI><a href="#[af]">&gt;&gt;</a>&nbsp;&nbsp;&nbsp;prvInitialiseNewTask
</UL>

<P><STRONG><a name="[ba]"></a>rcu_clock_freq_get</STRONG> (Thumb, 354 bytes, Stack size 96 bytes, gd32f4xx_rcu.o(.text.rcu_clock_freq_get))
<BR><BR>[Stack]<UL><LI>Max Depth = 96<LI>Call Chain = rcu_clock_freq_get
</UL>
<BR>[Called By]<UL><LI><a href="#[91]">&gt;&gt;</a>&nbsp;&nbsp;&nbsp;usart_baudrate_set
</UL>

<P><STRONG><a name="[86]"></a>rcu_periph_clock_enable</STRONG> (Thumb, 40 bytes, Stack size 4 bytes, gd32f4xx_rcu.o(.text.rcu_periph_clock_enable))
<BR><BR>[Stack]<UL><LI>Max Depth = 4<LI>Call Chain = rcu_periph_clock_enable
</UL>
<BR>[Called By]<UL><LI><a href="#[8f]">&gt;&gt;</a>&nbsp;&nbsp;&nbsp;lib_usart_gpio_init
<LI><a href="#[8e]">&gt;&gt;</a>&nbsp;&nbsp;&nbsp;lib_usart0_init
<LI><a href="#[85]">&gt;&gt;</a>&nbsp;&nbsp;&nbsp;lib_timer5_init
</UL>

<P><STRONG><a name="[b9]"></a>rcu_periph_reset_disable</STRONG> (Thumb, 40 bytes, Stack size 4 bytes, gd32f4xx_rcu.o(.text.rcu_periph_reset_disable))
<BR><BR>[Stack]<UL><LI>Max Depth = 4<LI>Call Chain = rcu_periph_reset_disable
</UL>
<BR>[Called By]<UL><LI><a href="#[90]">&gt;&gt;</a>&nbsp;&nbsp;&nbsp;usart_deinit
<LI><a href="#[87]">&gt;&gt;</a>&nbsp;&nbsp;&nbsp;timer_deinit
</UL>

<P><STRONG><a name="[b8]"></a>rcu_periph_reset_enable</STRONG> (Thumb, 40 bytes, Stack size 4 bytes, gd32f4xx_rcu.o(.text.rcu_periph_reset_enable))
<BR><BR>[Stack]<UL><LI>Max Depth = 4<LI>Call Chain = rcu_periph_reset_enable
</UL>
<BR>[Called By]<UL><LI><a href="#[90]">&gt;&gt;</a>&nbsp;&nbsp;&nbsp;usart_deinit
<LI><a href="#[87]">&gt;&gt;</a>&nbsp;&nbsp;&nbsp;timer_deinit
</UL>

<P><STRONG><a name="[8d]"></a>rcu_timer_clock_prescaler_config</STRONG> (Thumb, 56 bytes, Stack size 4 bytes, gd32f4xx_rcu.o(.text.rcu_timer_clock_prescaler_config))
<BR><BR>[Stack]<UL><LI>Max Depth = 4<LI>Call Chain = rcu_timer_clock_prescaler_config
</UL>
<BR>[Called By]<UL><LI><a href="#[84]">&gt;&gt;</a>&nbsp;&nbsp;&nbsp;lib_timer_init
</UL>

<P><STRONG><a name="[87]"></a>timer_deinit</STRONG> (Thumb, 488 bytes, Stack size 72 bytes, gd32f4xx_timer.o(.text.timer_deinit))
<BR><BR>[Stack]<UL><LI>Max Depth = 76<LI>Call Chain = timer_deinit &rArr; rcu_periph_reset_disable
</UL>
<BR>[Calls]<UL><LI><a href="#[b9]">&gt;&gt;</a>&nbsp;&nbsp;&nbsp;rcu_periph_reset_disable
<LI><a href="#[b8]">&gt;&gt;</a>&nbsp;&nbsp;&nbsp;rcu_periph_reset_enable
</UL>
<BR>[Called By]<UL><LI><a href="#[85]">&gt;&gt;</a>&nbsp;&nbsp;&nbsp;lib_timer5_init
</UL>

<P><STRONG><a name="[8c]"></a>timer_enable</STRONG> (Thumb, 18 bytes, Stack size 4 bytes, gd32f4xx_timer.o(.text.timer_enable))
<BR><BR>[Stack]<UL><LI>Max Depth = 4<LI>Call Chain = timer_enable
</UL>
<BR>[Called By]<UL><LI><a href="#[85]">&gt;&gt;</a>&nbsp;&nbsp;&nbsp;lib_timer5_init
</UL>

<P><STRONG><a name="[89]"></a>timer_init</STRONG> (Thumb, 256 bytes, Stack size 8 bytes, gd32f4xx_timer.o(.text.timer_init))
<BR><BR>[Stack]<UL><LI>Max Depth = 8<LI>Call Chain = timer_init
</UL>
<BR>[Called By]<UL><LI><a href="#[85]">&gt;&gt;</a>&nbsp;&nbsp;&nbsp;lib_timer5_init
</UL>

<P><STRONG><a name="[8a]"></a>timer_interrupt_enable</STRONG> (Thumb, 20 bytes, Stack size 8 bytes, gd32f4xx_timer.o(.text.timer_interrupt_enable))
<BR><BR>[Stack]<UL><LI>Max Depth = 8<LI>Call Chain = timer_interrupt_enable
</UL>
<BR>[Called By]<UL><LI><a href="#[85]">&gt;&gt;</a>&nbsp;&nbsp;&nbsp;lib_timer5_init
</UL>

<P><STRONG><a name="[7a]"></a>timer_interrupt_flag_clear</STRONG> (Thumb, 18 bytes, Stack size 8 bytes, gd32f4xx_timer.o(.text.timer_interrupt_flag_clear))
<BR><BR>[Stack]<UL><LI>Max Depth = 8<LI>Call Chain = timer_interrupt_flag_clear
</UL>
<BR>[Called By]<UL><LI><a href="#[40]">&gt;&gt;</a>&nbsp;&nbsp;&nbsp;TIMER5_DAC_IRQHandler
</UL>

<P><STRONG><a name="[79]"></a>timer_interrupt_flag_get</STRONG> (Thumb, 58 bytes, Stack size 16 bytes, gd32f4xx_timer.o(.text.timer_interrupt_flag_get))
<BR><BR>[Stack]<UL><LI>Max Depth = 16<LI>Call Chain = timer_interrupt_flag_get
</UL>
<BR>[Called By]<UL><LI><a href="#[40]">&gt;&gt;</a>&nbsp;&nbsp;&nbsp;TIMER5_DAC_IRQHandler
</UL>

<P><STRONG><a name="[88]"></a>timer_struct_para_init</STRONG> (Thumb, 38 bytes, Stack size 4 bytes, gd32f4xx_timer.o(.text.timer_struct_para_init))
<BR><BR>[Stack]<UL><LI>Max Depth = 4<LI>Call Chain = timer_struct_para_init
</UL>
<BR>[Called By]<UL><LI><a href="#[85]">&gt;&gt;</a>&nbsp;&nbsp;&nbsp;lib_timer5_init
</UL>

<P><STRONG><a name="[91]"></a>usart_baudrate_set</STRONG> (Thumb, 344 bytes, Stack size 40 bytes, gd32f4xx_usart.o(.text.usart_baudrate_set))
<BR><BR>[Stack]<UL><LI>Max Depth = 136<LI>Call Chain = usart_baudrate_set &rArr; rcu_clock_freq_get
</UL>
<BR>[Calls]<UL><LI><a href="#[ba]">&gt;&gt;</a>&nbsp;&nbsp;&nbsp;rcu_clock_freq_get
</UL>
<BR>[Called By]<UL><LI><a href="#[8e]">&gt;&gt;</a>&nbsp;&nbsp;&nbsp;lib_usart0_init
</UL>

<P><STRONG><a name="[80]"></a>usart_data_receive</STRONG> (Thumb, 16 bytes, Stack size 4 bytes, gd32f4xx_usart.o(.text.usart_data_receive))
<BR><BR>[Stack]<UL><LI>Max Depth = 4<LI>Call Chain = usart_data_receive
</UL>
<BR>[Called By]<UL><LI><a href="#[2f]">&gt;&gt;</a>&nbsp;&nbsp;&nbsp;USART0_IRQHandler
</UL>

<P><STRONG><a name="[99]"></a>usart_data_transmit</STRONG> (Thumb, 24 bytes, Stack size 8 bytes, gd32f4xx_usart.o(.text.usart_data_transmit))
<BR><BR>[Stack]<UL><LI>Max Depth = 8<LI>Call Chain = usart_data_transmit
</UL>
<BR>[Called By]<UL><LI><a href="#[81]">&gt;&gt;</a>&nbsp;&nbsp;&nbsp;lib_usart0_send_byte
</UL>

<P><STRONG><a name="[90]"></a>usart_deinit</STRONG> (Thumb, 286 bytes, Stack size 48 bytes, gd32f4xx_usart.o(.text.usart_deinit))
<BR><BR>[Stack]<UL><LI>Max Depth = 52<LI>Call Chain = usart_deinit &rArr; rcu_periph_reset_disable
</UL>
<BR>[Calls]<UL><LI><a href="#[b9]">&gt;&gt;</a>&nbsp;&nbsp;&nbsp;rcu_periph_reset_disable
<LI><a href="#[b8]">&gt;&gt;</a>&nbsp;&nbsp;&nbsp;rcu_periph_reset_enable
</UL>
<BR>[Called By]<UL><LI><a href="#[8e]">&gt;&gt;</a>&nbsp;&nbsp;&nbsp;lib_usart0_init
</UL>

<P><STRONG><a name="[98]"></a>usart_enable</STRONG> (Thumb, 18 bytes, Stack size 4 bytes, gd32f4xx_usart.o(.text.usart_enable))
<BR><BR>[Stack]<UL><LI>Max Depth = 4<LI>Call Chain = usart_enable
</UL>
<BR>[Called By]<UL><LI><a href="#[8e]">&gt;&gt;</a>&nbsp;&nbsp;&nbsp;lib_usart0_init
</UL>

<P><STRONG><a name="[9a]"></a>usart_flag_get</STRONG> (Thumb, 58 bytes, Stack size 12 bytes, gd32f4xx_usart.o(.text.usart_flag_get))
<BR><BR>[Stack]<UL><LI>Max Depth = 12<LI>Call Chain = usart_flag_get
</UL>
<BR>[Called By]<UL><LI><a href="#[81]">&gt;&gt;</a>&nbsp;&nbsp;&nbsp;lib_usart0_send_byte
</UL>

<P><STRONG><a name="[97]"></a>usart_interrupt_enable</STRONG> (Thumb, 36 bytes, Stack size 8 bytes, gd32f4xx_usart.o(.text.usart_interrupt_enable))
<BR><BR>[Stack]<UL><LI>Max Depth = 8<LI>Call Chain = usart_interrupt_enable
</UL>
<BR>[Called By]<UL><LI><a href="#[8e]">&gt;&gt;</a>&nbsp;&nbsp;&nbsp;lib_usart0_init
</UL>

<P><STRONG><a name="[7f]"></a>usart_interrupt_flag_clear</STRONG> (Thumb, 32 bytes, Stack size 8 bytes, gd32f4xx_usart.o(.text.usart_interrupt_flag_clear))
<BR><BR>[Stack]<UL><LI>Max Depth = 8<LI>Call Chain = usart_interrupt_flag_clear
</UL>
<BR>[Called By]<UL><LI><a href="#[2f]">&gt;&gt;</a>&nbsp;&nbsp;&nbsp;USART0_IRQHandler
</UL>

<P><STRONG><a name="[7e]"></a>usart_interrupt_flag_get</STRONG> (Thumb, 94 bytes, Stack size 20 bytes, gd32f4xx_usart.o(.text.usart_interrupt_flag_get))
<BR><BR>[Stack]<UL><LI>Max Depth = 20<LI>Call Chain = usart_interrupt_flag_get
</UL>
<BR>[Called By]<UL><LI><a href="#[2f]">&gt;&gt;</a>&nbsp;&nbsp;&nbsp;USART0_IRQHandler
</UL>

<P><STRONG><a name="[92]"></a>usart_parity_config</STRONG> (Thumb, 30 bytes, Stack size 8 bytes, gd32f4xx_usart.o(.text.usart_parity_config))
<BR><BR>[Stack]<UL><LI>Max Depth = 8<LI>Call Chain = usart_parity_config
</UL>
<BR>[Called By]<UL><LI><a href="#[8e]">&gt;&gt;</a>&nbsp;&nbsp;&nbsp;lib_usart0_init
</UL>

<P><STRONG><a name="[96]"></a>usart_receive_config</STRONG> (Thumb, 42 bytes, Stack size 12 bytes, gd32f4xx_usart.o(.text.usart_receive_config))
<BR><BR>[Stack]<UL><LI>Max Depth = 12<LI>Call Chain = usart_receive_config
</UL>
<BR>[Called By]<UL><LI><a href="#[8e]">&gt;&gt;</a>&nbsp;&nbsp;&nbsp;lib_usart0_init
</UL>

<P><STRONG><a name="[94]"></a>usart_stop_bit_set</STRONG> (Thumb, 30 bytes, Stack size 8 bytes, gd32f4xx_usart.o(.text.usart_stop_bit_set))
<BR><BR>[Stack]<UL><LI>Max Depth = 8<LI>Call Chain = usart_stop_bit_set
</UL>
<BR>[Called By]<UL><LI><a href="#[8e]">&gt;&gt;</a>&nbsp;&nbsp;&nbsp;lib_usart0_init
</UL>

<P><STRONG><a name="[95]"></a>usart_transmit_config</STRONG> (Thumb, 42 bytes, Stack size 12 bytes, gd32f4xx_usart.o(.text.usart_transmit_config))
<BR><BR>[Stack]<UL><LI>Max Depth = 12<LI>Call Chain = usart_transmit_config
</UL>
<BR>[Called By]<UL><LI><a href="#[8e]">&gt;&gt;</a>&nbsp;&nbsp;&nbsp;lib_usart0_init
</UL>

<P><STRONG><a name="[93]"></a>usart_word_length_set</STRONG> (Thumb, 30 bytes, Stack size 8 bytes, gd32f4xx_usart.o(.text.usart_word_length_set))
<BR><BR>[Stack]<UL><LI>Max Depth = 8<LI>Call Chain = usart_word_length_set
</UL>
<BR>[Called By]<UL><LI><a href="#[8e]">&gt;&gt;</a>&nbsp;&nbsp;&nbsp;lib_usart0_init
</UL>

<P><STRONG><a name="[a2]"></a>uxListRemove</STRONG> (Thumb, 72 bytes, Stack size 8 bytes, list.o(.text.uxListRemove))
<BR><BR>[Stack]<UL><LI>Max Depth = 8<LI>Call Chain = uxListRemove
</UL>
<BR>[Called By]<UL><LI><a href="#[a8]">&gt;&gt;</a>&nbsp;&nbsp;&nbsp;prvCheckTasksWaitingTermination
<LI><a href="#[a1]">&gt;&gt;</a>&nbsp;&nbsp;&nbsp;prvAddCurrentTaskToDelayedList
</UL>

<P><STRONG><a name="[bb]"></a>vApplicationStackOverflowHook</STRONG> (Thumb, 26 bytes, Stack size 16 bytes, main.o(.text.vApplicationStackOverflowHook))
<BR><BR>[Stack]<UL><LI>Max Depth = 40<LI>Call Chain = vApplicationStackOverflowHook &rArr; printf
</UL>
<BR>[Calls]<UL><LI><a href="#[7c]">&gt;&gt;</a>&nbsp;&nbsp;&nbsp;printf
</UL>
<BR>[Called By]<UL><LI><a href="#[62]">&gt;&gt;</a>&nbsp;&nbsp;&nbsp;vTaskSwitchContext
</UL>

<P><STRONG><a name="[b3]"></a>vListInitialise</STRONG> (Thumb, 46 bytes, Stack size 4 bytes, list.o(.text.vListInitialise))
<BR><BR>[Stack]<UL><LI>Max Depth = 4<LI>Call Chain = vListInitialise
</UL>
<BR>[Called By]<UL><LI><a href="#[a6]">&gt;&gt;</a>&nbsp;&nbsp;&nbsp;prvInitialiseTaskLists
</UL>

<P><STRONG><a name="[b1]"></a>vListInitialiseItem</STRONG> (Thumb, 14 bytes, Stack size 4 bytes, list.o(.text.vListInitialiseItem))
<BR><BR>[Stack]<UL><LI>Max Depth = 4<LI>Call Chain = vListInitialiseItem
</UL>
<BR>[Called By]<UL><LI><a href="#[af]">&gt;&gt;</a>&nbsp;&nbsp;&nbsp;prvInitialiseNewTask
</UL>

<P><STRONG><a name="[a3]"></a>vListInsert</STRONG> (Thumb, 106 bytes, Stack size 16 bytes, list.o(.text.vListInsert))
<BR><BR>[Stack]<UL><LI>Max Depth = 16<LI>Call Chain = vListInsert
</UL>
<BR>[Called By]<UL><LI><a href="#[a1]">&gt;&gt;</a>&nbsp;&nbsp;&nbsp;prvAddCurrentTaskToDelayedList
</UL>

<P><STRONG><a name="[a5]"></a>vPortEnterCritical</STRONG> (Thumb, 86 bytes, Stack size 8 bytes, port.o(.text.vPortEnterCritical))
<BR><BR>[Stack]<UL><LI>Max Depth = 8<LI>Call Chain = vPortEnterCritical
</UL>
<BR>[Called By]<UL><LI><a href="#[a8]">&gt;&gt;</a>&nbsp;&nbsp;&nbsp;prvCheckTasksWaitingTermination
<LI><a href="#[a4]">&gt;&gt;</a>&nbsp;&nbsp;&nbsp;prvAddNewTaskToReadyList
<LI><a href="#[ae]">&gt;&gt;</a>&nbsp;&nbsp;&nbsp;xTaskResumeAll
<LI><a href="#[bd]">&gt;&gt;</a>&nbsp;&nbsp;&nbsp;vTaskStepTick
</UL>

<P><STRONG><a name="[a7]"></a>vPortExitCritical</STRONG> (Thumb, 74 bytes, Stack size 8 bytes, port.o(.text.vPortExitCritical))
<BR><BR>[Stack]<UL><LI>Max Depth = 8<LI>Call Chain = vPortExitCritical
</UL>
<BR>[Called By]<UL><LI><a href="#[a8]">&gt;&gt;</a>&nbsp;&nbsp;&nbsp;prvCheckTasksWaitingTermination
<LI><a href="#[a4]">&gt;&gt;</a>&nbsp;&nbsp;&nbsp;prvAddNewTaskToReadyList
<LI><a href="#[ae]">&gt;&gt;</a>&nbsp;&nbsp;&nbsp;xTaskResumeAll
<LI><a href="#[bd]">&gt;&gt;</a>&nbsp;&nbsp;&nbsp;vTaskStepTick
</UL>

<P><STRONG><a name="[aa]"></a>vPortFree</STRONG> (Thumb, 186 bytes, Stack size 32 bytes, heap_4.o(.text.vPortFree))
<BR><BR>[Stack]<UL><LI>Max Depth = 120<LI>Call Chain = vPortFree &rArr; xTaskResumeAll &rArr; xTaskIncrementTick
</UL>
<BR>[Calls]<UL><LI><a href="#[ae]">&gt;&gt;</a>&nbsp;&nbsp;&nbsp;xTaskResumeAll
<LI><a href="#[ac]">&gt;&gt;</a>&nbsp;&nbsp;&nbsp;vTaskSuspendAll
<LI><a href="#[b6]">&gt;&gt;</a>&nbsp;&nbsp;&nbsp;prvInsertBlockIntoFreeList
</UL>
<BR>[Called By]<UL><LI><a href="#[9f]">&gt;&gt;</a>&nbsp;&nbsp;&nbsp;xTaskCreate
<LI><a href="#[a9]">&gt;&gt;</a>&nbsp;&nbsp;&nbsp;prvDeleteTCB
</UL>

<P><STRONG><a name="[bf]"></a>vPortSetupTimerInterrupt</STRONG> (Thumb, 120 bytes, Stack size 0 bytes, port.o(.text.vPortSetupTimerInterrupt))
<BR><BR>[Called By]<UL><LI><a href="#[be]">&gt;&gt;</a>&nbsp;&nbsp;&nbsp;xPortStartScheduler
</UL>

<P><STRONG><a name="[ad]"></a>vPortSuppressTicksAndSleep</STRONG> (Thumb, 544 bytes, Stack size 40 bytes, port.o(.text.vPortSuppressTicksAndSleep))
<BR><BR>[Stack]<UL><LI>Max Depth = 72<LI>Call Chain = vPortSuppressTicksAndSleep &rArr; vTaskStepTick &rArr; vPortExitCritical
</UL>
<BR>[Calls]<UL><LI><a href="#[bd]">&gt;&gt;</a>&nbsp;&nbsp;&nbsp;vTaskStepTick
<LI><a href="#[bc]">&gt;&gt;</a>&nbsp;&nbsp;&nbsp;eTaskConfirmSleepModeStatus
</UL>
<BR>[Called By]<UL><LI><a href="#[60]">&gt;&gt;</a>&nbsp;&nbsp;&nbsp;prvIdleTask
</UL>

<P><STRONG><a name="[7d]"></a>vTaskDelay</STRONG> (Thumb, 110 bytes, Stack size 24 bytes, tasks.o(.text.vTaskDelay))
<BR><BR>[Stack]<UL><LI>Max Depth = 112<LI>Call Chain = vTaskDelay &rArr; xTaskResumeAll &rArr; xTaskIncrementTick
</UL>
<BR>[Calls]<UL><LI><a href="#[a1]">&gt;&gt;</a>&nbsp;&nbsp;&nbsp;prvAddCurrentTaskToDelayedList
<LI><a href="#[ae]">&gt;&gt;</a>&nbsp;&nbsp;&nbsp;xTaskResumeAll
<LI><a href="#[ac]">&gt;&gt;</a>&nbsp;&nbsp;&nbsp;vTaskSuspendAll
</UL>
<BR>[Called By]<UL><LI><a href="#[5e]">&gt;&gt;</a>&nbsp;&nbsp;&nbsp;Task1
</UL>

<P><STRONG><a name="[a0]"></a>vTaskStartScheduler</STRONG> (Thumb, 162 bytes, Stack size 32 bytes, tasks.o(.text.vTaskStartScheduler))
<BR><BR>[Stack]<UL><LI>Max Depth = 232<LI>Call Chain = vTaskStartScheduler &rArr; xTaskCreate &rArr; pvPortMalloc &rArr; xTaskResumeAll &rArr; xTaskIncrementTick
</UL>
<BR>[Calls]<UL><LI><a href="#[9f]">&gt;&gt;</a>&nbsp;&nbsp;&nbsp;xTaskCreate
<LI><a href="#[be]">&gt;&gt;</a>&nbsp;&nbsp;&nbsp;xPortStartScheduler
</UL>
<BR>[Called By]<UL><LI><a href="#[5b]">&gt;&gt;</a>&nbsp;&nbsp;&nbsp;main
</UL>

<P><STRONG><a name="[bd]"></a>vTaskStepTick</STRONG> (Thumb, 204 bytes, Stack size 24 bytes, tasks.o(.text.vTaskStepTick))
<BR><BR>[Stack]<UL><LI>Max Depth = 32<LI>Call Chain = vTaskStepTick &rArr; vPortExitCritical
</UL>
<BR>[Calls]<UL><LI><a href="#[a7]">&gt;&gt;</a>&nbsp;&nbsp;&nbsp;vPortExitCritical
<LI><a href="#[a5]">&gt;&gt;</a>&nbsp;&nbsp;&nbsp;vPortEnterCritical
</UL>
<BR>[Called By]<UL><LI><a href="#[ad]">&gt;&gt;</a>&nbsp;&nbsp;&nbsp;vPortSuppressTicksAndSleep
</UL>

<P><STRONG><a name="[ac]"></a>vTaskSuspendAll</STRONG> (Thumb, 16 bytes, Stack size 0 bytes, tasks.o(.text.vTaskSuspendAll))
<BR><BR>[Called By]<UL><LI><a href="#[7d]">&gt;&gt;</a>&nbsp;&nbsp;&nbsp;vTaskDelay
<LI><a href="#[60]">&gt;&gt;</a>&nbsp;&nbsp;&nbsp;prvIdleTask
<LI><a href="#[aa]">&gt;&gt;</a>&nbsp;&nbsp;&nbsp;vPortFree
<LI><a href="#[b4]">&gt;&gt;</a>&nbsp;&nbsp;&nbsp;pvPortMalloc
</UL>

<P><STRONG><a name="[62]"></a>vTaskSwitchContext</STRONG> (Thumb, 234 bytes, Stack size 32 bytes, tasks.o(.text.vTaskSwitchContext))
<BR><BR>[Stack]<UL><LI>Max Depth = 72<LI>Call Chain = vTaskSwitchContext &rArr; vApplicationStackOverflowHook &rArr; printf
</UL>
<BR>[Calls]<UL><LI><a href="#[bb]">&gt;&gt;</a>&nbsp;&nbsp;&nbsp;vApplicationStackOverflowHook
</UL>
<BR>[Called By]<UL><LI><a href="#[8]">&gt;&gt;</a>&nbsp;&nbsp;&nbsp;PendSV_Handler
<LI><a href="#[be]">&gt;&gt;</a>&nbsp;&nbsp;&nbsp;xPortStartScheduler
</UL>

<P><STRONG><a name="[be]"></a>xPortStartScheduler</STRONG> (Thumb, 342 bytes, Stack size 40 bytes, port.o(.text.xPortStartScheduler))
<BR><BR>[Stack]<UL><LI>Max Depth = 112<LI>Call Chain = xPortStartScheduler &rArr; vTaskSwitchContext &rArr; vApplicationStackOverflowHook &rArr; printf
</UL>
<BR>[Calls]<UL><LI><a href="#[62]">&gt;&gt;</a>&nbsp;&nbsp;&nbsp;vTaskSwitchContext
<LI><a href="#[bf]">&gt;&gt;</a>&nbsp;&nbsp;&nbsp;vPortSetupTimerInterrupt
<LI><a href="#[c1]">&gt;&gt;</a>&nbsp;&nbsp;&nbsp;prvPortStartFirstTask
<LI><a href="#[c0]">&gt;&gt;</a>&nbsp;&nbsp;&nbsp;vPortEnableVFP
<LI><a href="#[5f]">&gt;&gt;</a>&nbsp;&nbsp;&nbsp;prvTaskExitError
</UL>
<BR>[Called By]<UL><LI><a href="#[a0]">&gt;&gt;</a>&nbsp;&nbsp;&nbsp;vTaskStartScheduler
</UL>

<P><STRONG><a name="[9f]"></a>xTaskCreate</STRONG> (Thumb, 160 bytes, Stack size 64 bytes, tasks.o(.text.xTaskCreate))
<BR><BR>[Stack]<UL><LI>Max Depth = 200<LI>Call Chain = xTaskCreate &rArr; pvPortMalloc &rArr; xTaskResumeAll &rArr; xTaskIncrementTick
</UL>
<BR>[Calls]<UL><LI><a href="#[65]">&gt;&gt;</a>&nbsp;&nbsp;&nbsp;__aeabi_memclr
<LI><a href="#[a4]">&gt;&gt;</a>&nbsp;&nbsp;&nbsp;prvAddNewTaskToReadyList
<LI><a href="#[af]">&gt;&gt;</a>&nbsp;&nbsp;&nbsp;prvInitialiseNewTask
<LI><a href="#[aa]">&gt;&gt;</a>&nbsp;&nbsp;&nbsp;vPortFree
<LI><a href="#[b4]">&gt;&gt;</a>&nbsp;&nbsp;&nbsp;pvPortMalloc
</UL>
<BR>[Called By]<UL><LI><a href="#[a0]">&gt;&gt;</a>&nbsp;&nbsp;&nbsp;vTaskStartScheduler
<LI><a href="#[5b]">&gt;&gt;</a>&nbsp;&nbsp;&nbsp;main
</UL>

<P><STRONG><a name="[77]"></a>xTaskIncrementTick</STRONG> (Thumb, 608 bytes, Stack size 48 bytes, tasks.o(.text.xTaskIncrementTick))
<BR><BR>[Stack]<UL><LI>Max Depth = 48<LI>Call Chain = xTaskIncrementTick
</UL>
<BR>[Calls]<UL><LI><a href="#[c2]">&gt;&gt;</a>&nbsp;&nbsp;&nbsp;prvResetNextTaskUnblockTime
</UL>
<BR>[Called By]<UL><LI><a href="#[ae]">&gt;&gt;</a>&nbsp;&nbsp;&nbsp;xTaskResumeAll
<LI><a href="#[9]">&gt;&gt;</a>&nbsp;&nbsp;&nbsp;SysTick_Handler
</UL>

<P><STRONG><a name="[ae]"></a>xTaskResumeAll</STRONG> (Thumb, 546 bytes, Stack size 40 bytes, tasks.o(.text.xTaskResumeAll))
<BR><BR>[Stack]<UL><LI>Max Depth = 88<LI>Call Chain = xTaskResumeAll &rArr; xTaskIncrementTick
</UL>
<BR>[Calls]<UL><LI><a href="#[c2]">&gt;&gt;</a>&nbsp;&nbsp;&nbsp;prvResetNextTaskUnblockTime
<LI><a href="#[77]">&gt;&gt;</a>&nbsp;&nbsp;&nbsp;xTaskIncrementTick
<LI><a href="#[a7]">&gt;&gt;</a>&nbsp;&nbsp;&nbsp;vPortExitCritical
<LI><a href="#[a5]">&gt;&gt;</a>&nbsp;&nbsp;&nbsp;vPortEnterCritical
</UL>
<BR>[Called By]<UL><LI><a href="#[7d]">&gt;&gt;</a>&nbsp;&nbsp;&nbsp;vTaskDelay
<LI><a href="#[60]">&gt;&gt;</a>&nbsp;&nbsp;&nbsp;prvIdleTask
<LI><a href="#[aa]">&gt;&gt;</a>&nbsp;&nbsp;&nbsp;vPortFree
<LI><a href="#[b4]">&gt;&gt;</a>&nbsp;&nbsp;&nbsp;pvPortMalloc
</UL>

<P><STRONG><a name="[c3]"></a>__0printf</STRONG> (Thumb, 22 bytes, Stack size 24 bytes, printfa.o(i.__0printf), UNUSED)
<BR><BR>[Calls]<UL><LI><a href="#[c4]">&gt;&gt;</a>&nbsp;&nbsp;&nbsp;_printf_core
</UL>

<P><STRONG><a name="[d9]"></a>__1printf</STRONG> (Thumb, 0 bytes, Stack size 24 bytes, printfa.o(i.__0printf), UNUSED)

<P><STRONG><a name="[da]"></a>__2printf</STRONG> (Thumb, 0 bytes, Stack size 24 bytes, printfa.o(i.__0printf), UNUSED)

<P><STRONG><a name="[db]"></a>__c89printf</STRONG> (Thumb, 0 bytes, Stack size 24 bytes, printfa.o(i.__0printf), UNUSED)

<P><STRONG><a name="[7c]"></a>printf</STRONG> (Thumb, 0 bytes, Stack size 24 bytes, printfa.o(i.__0printf))
<BR><BR>[Stack]<UL><LI>Max Depth = 24<LI>Call Chain = printf
</UL>
<BR>[Called By]<UL><LI><a href="#[5b]">&gt;&gt;</a>&nbsp;&nbsp;&nbsp;main
<LI><a href="#[5e]">&gt;&gt;</a>&nbsp;&nbsp;&nbsp;Task1
<LI><a href="#[bb]">&gt;&gt;</a>&nbsp;&nbsp;&nbsp;vApplicationStackOverflowHook
</UL>

<P><STRONG><a name="[dc]"></a>__scatterload_copy</STRONG> (Thumb, 14 bytes, Stack size unknown bytes, handlers.o(i.__scatterload_copy), UNUSED)

<P><STRONG><a name="[dd]"></a>__scatterload_null</STRONG> (Thumb, 2 bytes, Stack size unknown bytes, handlers.o(i.__scatterload_null), UNUSED)

<P><STRONG><a name="[de]"></a>__scatterload_zeroinit</STRONG> (Thumb, 14 bytes, Stack size unknown bytes, handlers.o(i.__scatterload_zeroinit), UNUSED)
<P>
<H3>
Local Symbols
</H3>
<P><STRONG><a name="[8f]"></a>lib_usart_gpio_init</STRONG> (Thumb, 60 bytes, Stack size 24 bytes, lib_usart0.o(.text.lib_usart_gpio_init))
<BR><BR>[Stack]<UL><LI>Max Depth = 52<LI>Call Chain = lib_usart_gpio_init &rArr; gpio_mode_set
</UL>
<BR>[Calls]<UL><LI><a href="#[9d]">&gt;&gt;</a>&nbsp;&nbsp;&nbsp;gpio_af_set
<LI><a href="#[9c]">&gt;&gt;</a>&nbsp;&nbsp;&nbsp;gpio_output_options_set
<LI><a href="#[9b]">&gt;&gt;</a>&nbsp;&nbsp;&nbsp;gpio_mode_set
<LI><a href="#[86]">&gt;&gt;</a>&nbsp;&nbsp;&nbsp;rcu_periph_clock_enable
</UL>
<BR>[Called By]<UL><LI><a href="#[8e]">&gt;&gt;</a>&nbsp;&nbsp;&nbsp;lib_usart0_init
</UL>

<P><STRONG><a name="[78]"></a>system_clock_config</STRONG> (Thumb, 8 bytes, Stack size 8 bytes, system_gd32f4xx.o(.text.system_clock_config))
<BR><BR>[Stack]<UL><LI>Max Depth = 16<LI>Call Chain = system_clock_config &rArr; system_clock_168m_8m_hxtal
</UL>
<BR>[Calls]<UL><LI><a href="#[b7]">&gt;&gt;</a>&nbsp;&nbsp;&nbsp;system_clock_168m_8m_hxtal
</UL>
<BR>[Called By]<UL><LI><a href="#[5c]">&gt;&gt;</a>&nbsp;&nbsp;&nbsp;SystemInit
</UL>

<P><STRONG><a name="[b7]"></a>system_clock_168m_8m_hxtal</STRONG> (Thumb, 360 bytes, Stack size 8 bytes, system_gd32f4xx.o(.text.system_clock_168m_8m_hxtal))
<BR><BR>[Stack]<UL><LI>Max Depth = 8<LI>Call Chain = system_clock_168m_8m_hxtal
</UL>
<BR>[Called By]<UL><LI><a href="#[78]">&gt;&gt;</a>&nbsp;&nbsp;&nbsp;system_clock_config
</UL>

<P><STRONG><a name="[5f]"></a>prvTaskExitError</STRONG> (Thumb, 76 bytes, Stack size 12 bytes, port.o(.text.prvTaskExitError))
<BR><BR>[Stack]<UL><LI>Max Depth = 12<LI>Call Chain = prvTaskExitError
</UL>
<BR>[Called By]<UL><LI><a href="#[be]">&gt;&gt;</a>&nbsp;&nbsp;&nbsp;xPortStartScheduler
</UL>
<BR>[Address Reference Count : 1]<UL><LI> port.o(.text.pxPortInitialiseStack)
</UL>
<P><STRONG><a name="[c0]"></a>vPortEnableVFP</STRONG> (Thumb, 20 bytes, Stack size 0 bytes, port.o(.text.vPortEnableVFP))
<BR><BR>[Called By]<UL><LI><a href="#[be]">&gt;&gt;</a>&nbsp;&nbsp;&nbsp;xPortStartScheduler
</UL>

<P><STRONG><a name="[c1]"></a>prvPortStartFirstTask</STRONG> (Thumb, 40 bytes, Stack size 0 bytes, port.o(.text.prvPortStartFirstTask))
<BR><BR>[Called By]<UL><LI><a href="#[be]">&gt;&gt;</a>&nbsp;&nbsp;&nbsp;xPortStartScheduler
</UL>

<P><STRONG><a name="[b5]"></a>prvHeapInit</STRONG> (Thumb, 174 bytes, Stack size 16 bytes, heap_4.o(.text.prvHeapInit))
<BR><BR>[Stack]<UL><LI>Max Depth = 16<LI>Call Chain = prvHeapInit
</UL>
<BR>[Called By]<UL><LI><a href="#[b4]">&gt;&gt;</a>&nbsp;&nbsp;&nbsp;pvPortMalloc
</UL>

<P><STRONG><a name="[b6]"></a>prvInsertBlockIntoFreeList</STRONG> (Thumb, 198 bytes, Stack size 12 bytes, heap_4.o(.text.prvInsertBlockIntoFreeList))
<BR><BR>[Stack]<UL><LI>Max Depth = 12<LI>Call Chain = prvInsertBlockIntoFreeList
</UL>
<BR>[Called By]<UL><LI><a href="#[aa]">&gt;&gt;</a>&nbsp;&nbsp;&nbsp;vPortFree
<LI><a href="#[b4]">&gt;&gt;</a>&nbsp;&nbsp;&nbsp;pvPortMalloc
</UL>

<P><STRONG><a name="[af]"></a>prvInitialiseNewTask</STRONG> (Thumb, 292 bytes, Stack size 40 bytes, tasks.o(.text.prvInitialiseNewTask))
<BR><BR>[Stack]<UL><LI>Max Depth = 52<LI>Call Chain = prvInitialiseNewTask &rArr; pxPortInitialiseStack
</UL>
<BR>[Calls]<UL><LI><a href="#[b0]">&gt;&gt;</a>&nbsp;&nbsp;&nbsp;__aeabi_memset4
<LI><a href="#[b2]">&gt;&gt;</a>&nbsp;&nbsp;&nbsp;pxPortInitialiseStack
<LI><a href="#[b1]">&gt;&gt;</a>&nbsp;&nbsp;&nbsp;vListInitialiseItem
</UL>
<BR>[Called By]<UL><LI><a href="#[9f]">&gt;&gt;</a>&nbsp;&nbsp;&nbsp;xTaskCreate
</UL>

<P><STRONG><a name="[a4]"></a>prvAddNewTaskToReadyList</STRONG> (Thumb, 340 bytes, Stack size 16 bytes, tasks.o(.text.prvAddNewTaskToReadyList))
<BR><BR>[Stack]<UL><LI>Max Depth = 44<LI>Call Chain = prvAddNewTaskToReadyList &rArr; prvInitialiseTaskLists &rArr; vListInitialise
</UL>
<BR>[Calls]<UL><LI><a href="#[a6]">&gt;&gt;</a>&nbsp;&nbsp;&nbsp;prvInitialiseTaskLists
<LI><a href="#[a7]">&gt;&gt;</a>&nbsp;&nbsp;&nbsp;vPortExitCritical
<LI><a href="#[a5]">&gt;&gt;</a>&nbsp;&nbsp;&nbsp;vPortEnterCritical
</UL>
<BR>[Called By]<UL><LI><a href="#[9f]">&gt;&gt;</a>&nbsp;&nbsp;&nbsp;xTaskCreate
</UL>

<P><STRONG><a name="[a6]"></a>prvInitialiseTaskLists</STRONG> (Thumb, 142 bytes, Stack size 24 bytes, tasks.o(.text.prvInitialiseTaskLists))
<BR><BR>[Stack]<UL><LI>Max Depth = 28<LI>Call Chain = prvInitialiseTaskLists &rArr; vListInitialise
</UL>
<BR>[Calls]<UL><LI><a href="#[b3]">&gt;&gt;</a>&nbsp;&nbsp;&nbsp;vListInitialise
</UL>
<BR>[Called By]<UL><LI><a href="#[a4]">&gt;&gt;</a>&nbsp;&nbsp;&nbsp;prvAddNewTaskToReadyList
</UL>

<P><STRONG><a name="[c2]"></a>prvResetNextTaskUnblockTime</STRONG> (Thumb, 60 bytes, Stack size 0 bytes, tasks.o(.text.prvResetNextTaskUnblockTime))
<BR><BR>[Called By]<UL><LI><a href="#[ae]">&gt;&gt;</a>&nbsp;&nbsp;&nbsp;xTaskResumeAll
<LI><a href="#[77]">&gt;&gt;</a>&nbsp;&nbsp;&nbsp;xTaskIncrementTick
</UL>

<P><STRONG><a name="[a9]"></a>prvDeleteTCB</STRONG> (Thumb, 24 bytes, Stack size 16 bytes, tasks.o(.text.prvDeleteTCB))
<BR><BR>[Stack]<UL><LI>Max Depth = 136<LI>Call Chain = prvDeleteTCB &rArr; vPortFree &rArr; xTaskResumeAll &rArr; xTaskIncrementTick
</UL>
<BR>[Calls]<UL><LI><a href="#[aa]">&gt;&gt;</a>&nbsp;&nbsp;&nbsp;vPortFree
</UL>
<BR>[Called By]<UL><LI><a href="#[a8]">&gt;&gt;</a>&nbsp;&nbsp;&nbsp;prvCheckTasksWaitingTermination
</UL>

<P><STRONG><a name="[a1]"></a>prvAddCurrentTaskToDelayedList</STRONG> (Thumb, 290 bytes, Stack size 32 bytes, tasks.o(.text.prvAddCurrentTaskToDelayedList))
<BR><BR>[Stack]<UL><LI>Max Depth = 48<LI>Call Chain = prvAddCurrentTaskToDelayedList &rArr; vListInsert
</UL>
<BR>[Calls]<UL><LI><a href="#[a2]">&gt;&gt;</a>&nbsp;&nbsp;&nbsp;uxListRemove
<LI><a href="#[a3]">&gt;&gt;</a>&nbsp;&nbsp;&nbsp;vListInsert
</UL>
<BR>[Called By]<UL><LI><a href="#[7d]">&gt;&gt;</a>&nbsp;&nbsp;&nbsp;vTaskDelay
</UL>

<P><STRONG><a name="[60]"></a>prvIdleTask</STRONG> (Thumb, 154 bytes, Stack size 24 bytes, tasks.o(.text.prvIdleTask))
<BR><BR>[Stack]<UL><LI>Max Depth = 176<LI>Call Chain = prvIdleTask &rArr; prvCheckTasksWaitingTermination &rArr; prvDeleteTCB &rArr; vPortFree &rArr; xTaskResumeAll &rArr; xTaskIncrementTick
</UL>
<BR>[Calls]<UL><LI><a href="#[ab]">&gt;&gt;</a>&nbsp;&nbsp;&nbsp;prvGetExpectedIdleTime
<LI><a href="#[a8]">&gt;&gt;</a>&nbsp;&nbsp;&nbsp;prvCheckTasksWaitingTermination
<LI><a href="#[ae]">&gt;&gt;</a>&nbsp;&nbsp;&nbsp;xTaskResumeAll
<LI><a href="#[ac]">&gt;&gt;</a>&nbsp;&nbsp;&nbsp;vTaskSuspendAll
<LI><a href="#[ad]">&gt;&gt;</a>&nbsp;&nbsp;&nbsp;vPortSuppressTicksAndSleep
</UL>
<BR>[Address Reference Count : 1]<UL><LI> tasks.o(.text.vTaskStartScheduler)
</UL>
<P><STRONG><a name="[a8]"></a>prvCheckTasksWaitingTermination</STRONG> (Thumb, 90 bytes, Stack size 16 bytes, tasks.o(.text.prvCheckTasksWaitingTermination))
<BR><BR>[Stack]<UL><LI>Max Depth = 152<LI>Call Chain = prvCheckTasksWaitingTermination &rArr; prvDeleteTCB &rArr; vPortFree &rArr; xTaskResumeAll &rArr; xTaskIncrementTick
</UL>
<BR>[Calls]<UL><LI><a href="#[a9]">&gt;&gt;</a>&nbsp;&nbsp;&nbsp;prvDeleteTCB
<LI><a href="#[a7]">&gt;&gt;</a>&nbsp;&nbsp;&nbsp;vPortExitCritical
<LI><a href="#[a5]">&gt;&gt;</a>&nbsp;&nbsp;&nbsp;vPortEnterCritical
<LI><a href="#[a2]">&gt;&gt;</a>&nbsp;&nbsp;&nbsp;uxListRemove
</UL>
<BR>[Called By]<UL><LI><a href="#[60]">&gt;&gt;</a>&nbsp;&nbsp;&nbsp;prvIdleTask
</UL>

<P><STRONG><a name="[ab]"></a>prvGetExpectedIdleTime</STRONG> (Thumb, 124 bytes, Stack size 12 bytes, tasks.o(.text.prvGetExpectedIdleTime))
<BR><BR>[Stack]<UL><LI>Max Depth = 12<LI>Call Chain = prvGetExpectedIdleTime
</UL>
<BR>[Called By]<UL><LI><a href="#[60]">&gt;&gt;</a>&nbsp;&nbsp;&nbsp;prvIdleTask
</UL>

<P><STRONG><a name="[c5]"></a>_fp_digits</STRONG> (Thumb, 366 bytes, Stack size 64 bytes, printfa.o(i._fp_digits), UNUSED)
<BR><BR>[Calls]<UL><LI><a href="#[68]">&gt;&gt;</a>&nbsp;&nbsp;&nbsp;__aeabi_uldivmod
<LI><a href="#[71]">&gt;&gt;</a>&nbsp;&nbsp;&nbsp;__aeabi_dmul
<LI><a href="#[72]">&gt;&gt;</a>&nbsp;&nbsp;&nbsp;__aeabi_ddiv
<LI><a href="#[6b]">&gt;&gt;</a>&nbsp;&nbsp;&nbsp;__aeabi_dadd
<LI><a href="#[73]">&gt;&gt;</a>&nbsp;&nbsp;&nbsp;__aeabi_d2ulz
<LI><a href="#[c6]">&gt;&gt;</a>&nbsp;&nbsp;&nbsp;__aeabi_cdrcmple
</UL>
<BR>[Called By]<UL><LI><a href="#[c4]">&gt;&gt;</a>&nbsp;&nbsp;&nbsp;_printf_core
</UL>

<P><STRONG><a name="[c4]"></a>_printf_core</STRONG> (Thumb, 1744 bytes, Stack size 136 bytes, printfa.o(i._printf_core), UNUSED)
<BR><BR>[Calls]<UL><LI><a href="#[68]">&gt;&gt;</a>&nbsp;&nbsp;&nbsp;__aeabi_uldivmod
<LI><a href="#[c9]">&gt;&gt;</a>&nbsp;&nbsp;&nbsp;__aeabi_uidivmod
<LI><a href="#[c7]">&gt;&gt;</a>&nbsp;&nbsp;&nbsp;_printf_pre_padding
<LI><a href="#[c8]">&gt;&gt;</a>&nbsp;&nbsp;&nbsp;_printf_post_padding
<LI><a href="#[c5]">&gt;&gt;</a>&nbsp;&nbsp;&nbsp;_fp_digits
</UL>
<BR>[Called By]<UL><LI><a href="#[c3]">&gt;&gt;</a>&nbsp;&nbsp;&nbsp;__0printf
</UL>

<P><STRONG><a name="[c8]"></a>_printf_post_padding</STRONG> (Thumb, 36 bytes, Stack size 24 bytes, printfa.o(i._printf_post_padding), UNUSED)
<BR><BR>[Called By]<UL><LI><a href="#[c4]">&gt;&gt;</a>&nbsp;&nbsp;&nbsp;_printf_core
</UL>

<P><STRONG><a name="[c7]"></a>_printf_pre_padding</STRONG> (Thumb, 46 bytes, Stack size 24 bytes, printfa.o(i._printf_pre_padding), UNUSED)
<BR><BR>[Called By]<UL><LI><a href="#[c4]">&gt;&gt;</a>&nbsp;&nbsp;&nbsp;_printf_core
</UL>
<P>
<H3>
Undefined Global Symbols
</H3><HR></body></html>
